$ date
Monday 2 December  10:54:44 EST 2013
$ git checkout master
Already on 'master'
$ git reset --hard stable
HEAD is now at dda9cc3a1451 Merge tag 'gpio-v3.13-2' of git://git.kernel.org/pub/scm/linux/kernel/git/linusw/linux-gpio
Merging origin/master (af91706d5dde ima: store address of template_fmt_copy in a pointer before calling strsep)
$ git merge origin/master
Updating dda9cc3a1451..af91706d5dde
Fast-forward
 Makefile                                |  2 +-
 arch/arm64/boot/dts/foundation-v8.dts   |  2 +
 arch/arm64/include/asm/irqflags.h       |  3 ++
 arch/arm64/include/asm/pgtable.h        | 33 +++++++-------
 arch/arm64/kernel/debug-monitors.c      | 20 +++++----
 arch/arm64/kernel/entry.S               | 29 +++---------
 arch/arm64/kernel/ptrace.c              | 40 ++++++++---------
 arch/arm64/kernel/setup.c               |  5 +++
 arch/arm64/kernel/smp.c                 |  1 +
 arch/s390/Kconfig                       |  2 +-
 arch/s390/include/asm/page.h            | 38 ++++++----------
 arch/s390/include/asm/vdso.h            |  5 ++-
 arch/s390/kernel/asm-offsets.c          |  3 +-
 arch/s390/kernel/compat_signal.c        |  2 +-
 arch/s390/kernel/pgm_check.S            |  2 +-
 arch/s390/kernel/signal.c               |  2 +-
 arch/s390/kernel/time.c                 | 46 +++++++++----------
 arch/s390/kernel/vdso32/clock_gettime.S | 30 +++++++------
 arch/s390/kernel/vdso32/gettimeofday.S  |  9 ++--
 arch/s390/kernel/vdso64/clock_gettime.S | 22 ++++-----
 arch/s390/kernel/vdso64/gettimeofday.S  |  9 ++--
 arch/s390/lib/uaccess_pt.c              |  3 ++
 drivers/ata/ahci.c                      |  2 +
 drivers/ata/ahci_platform.c             |  1 +
 drivers/ata/libata-core.c               |  3 +-
 drivers/ata/libata-zpodd.c              |  4 +-
 drivers/ata/pata_arasan_cf.c            |  1 +
 drivers/gpu/drm/qxl/qxl_release.c       |  1 +
 drivers/i2c/busses/i2c-bcm-kona.c       |  3 +-
 drivers/i2c/busses/i2c-bcm2835.c        |  1 +
 drivers/i2c/busses/i2c-davinci.c        |  4 +-
 drivers/i2c/busses/i2c-diolan-u2c.c     | 16 ++++---
 drivers/i2c/busses/i2c-omap.c           |  8 ++--
 drivers/s390/block/dasd_eckd.c          |  2 +
 fs/namei.c                              |  3 +-
 kernel/cgroup.c                         | 35 +++++++++++++--
 kernel/cpuset.c                         |  8 +++-
 kernel/workqueue.c                      | 50 +++++++++++++++------
 security/integrity/ima/ima_template.c   |  6 ++-
 sound/firewire/amdtp.c                  | 15 +++----
 sound/pci/hda/hda_codec.h               |  1 -
 sound/pci/hda/hda_generic.c             | 79 ++++++++++++++++++++++++---------
 sound/pci/hda/hda_intel.c               |  3 +-
 sound/pci/hda/patch_conexant.c          | 23 ++++++++++
 sound/pci/hda/patch_realtek.c           | 38 +++++++++++++---
 sound/pci/hda/patch_sigmatel.c          |  3 +-
 sound/usb/endpoint.c                    | 16 ++++++-
 47 files changed, 398 insertions(+), 236 deletions(-)
Merging fixes/master (8ae516aa8b81 Merge tag 'trace-fixes-v3.13-rc1' of git://git.kernel.org/pub/scm/linux/kernel/git/rostedt/linux-trace)
$ git merge fixes/master
Already up-to-date.
Merging kbuild-current/rc-fixes (19514fc665ff arm, kbuild: make "make install" not depend on vmlinux)
$ git merge kbuild-current/rc-fixes
Already up-to-date.
Merging arc-current/for-curr (da990a4f2d5a ARC: [perf] Fix a few thinkos)
$ git merge arc-current/for-curr
Merge made by the 'recursive' strategy.
 arch/arc/Kconfig                   | 1 +
 arch/arc/include/uapi/asm/unistd.h | 5 +++++
 arch/arc/kernel/perf_event.c       | 4 ++--
 scripts/sortextable.c              | 5 +++++
 4 files changed, 13 insertions(+), 2 deletions(-)
Merging arm-current/fixes (11d4bb1bd067 ARM: 7907/1: lib: delay-loop: Add align directive to fix BogoMIPS calculation)
$ git merge arm-current/fixes
Merge made by the 'recursive' strategy.
 arch/arm/include/asm/pgtable.h     |  2 +-
 arch/arm/kernel/machine_kexec.c    | 17 +++++++++-------
 arch/arm/kernel/relocate_kernel.S  |  8 ++++++--
 arch/arm/kernel/sigreturn_codes.S  | 40 +++++++++++++++++++++++++++++---------
 arch/arm/lib/delay-loop.S          |  1 +
 arch/arm/mach-footbridge/common.c  |  3 +++
 arch/arm/mach-footbridge/dc21285.c |  2 --
 arch/arm/mach-footbridge/ebsa285.c | 22 ++++++++++++---------
 arch/arm/mm/dma-mapping.c          |  9 +++++++--
 arch/arm/mm/mmap.c                 |  2 +-
 arch/arm/mm/pgd.c                  |  3 ++-
 11 files changed, 75 insertions(+), 34 deletions(-)
Merging m68k-current/for-linus (77a42796786c m68k: Remove deprecated IRQF_DISABLED)
$ git merge m68k-current/for-linus
Already up-to-date.
Merging metag-fixes/fixes (3b2f64d00c46 Linux 3.11-rc2)
$ git merge metag-fixes/fixes
Already up-to-date.
Merging powerpc-merge/merge (721cb59e9d95 powerpc/windfarm: Fix XServe G5 fan control Makefile issue)
$ git merge powerpc-merge/merge
Already up-to-date.
Merging sparc/master (b4789b8e6be3 aacraid: prevent invalid pointer dereference)
$ git merge sparc/master
Already up-to-date.
Merging net/master (99e872ae1eac virtio_net: Fixed a trivial typo (fitler --> filter))
$ git merge net/master
Auto-merging MAINTAINERS
Merge made by the 'recursive' strategy.
 MAINTAINERS                                   |  6 +++
 crypto/algif_hash.c                           |  3 ++
 crypto/algif_skcipher.c                       |  3 ++
 drivers/net/bonding/bond_main.c               |  4 +-
 drivers/net/bonding/bond_options.c            | 13 +++--
 drivers/net/bonding/bond_sysfs.c              |  4 +-
 drivers/net/bonding/bonding.h                 |  7 +++
 drivers/net/can/c_can/c_can.c                 | 22 +++++---
 drivers/net/can/flexcan.c                     |  2 +-
 drivers/net/can/sja1000/sja1000.c             | 17 +++---
 drivers/net/ethernet/broadcom/tg3.c           | 25 +++------
 drivers/net/ethernet/emulex/benet/be.h        |  1 +
 drivers/net/ethernet/emulex/benet/be_cmds.c   |  7 +++
 drivers/net/ethernet/emulex/benet/be_main.c   | 16 +++---
 drivers/net/ethernet/intel/e1000/e1000.h      |  7 ++-
 drivers/net/ethernet/intel/e1000/e1000_main.c | 60 ++++++++-------------
 drivers/net/ethernet/intel/igb/igb_ethtool.c  |  7 +--
 drivers/net/ethernet/intel/ixgbe/ixgbe_main.c |  9 ++--
 drivers/net/ethernet/intel/ixgbe/ixgbe_phy.c  |  3 +-
 drivers/net/ethernet/intel/ixgbe/ixgbe_phy.h  |  1 -
 drivers/net/ethernet/realtek/8139cp.c         |  5 +-
 drivers/net/ethernet/realtek/r8169.c          |  5 ++
 drivers/net/ethernet/sfc/mcdi.h               |  2 +
 drivers/net/ethernet/sfc/mcdi_mon.c           | 78 +++++++++++----------------
 drivers/net/ethernet/smsc/smc91x.h            | 22 ++------
 drivers/net/ethernet/via/via-velocity.c       | 11 ++--
 drivers/net/macvtap.c                         | 12 +----
 drivers/net/phy/vitesse.c                     | 15 ++++++
 drivers/net/team/team.c                       |  4 ++
 drivers/net/virtio_net.c                      |  2 +-
 drivers/net/xen-netback/netback.c             |  1 +
 drivers/scsi/pmcraid.c                        | 20 +++++--
 include/net/ip.h                              |  2 +-
 include/net/ipv6.h                            |  6 ++-
 include/net/ping.h                            |  3 +-
 include/net/sctp/structs.h                    |  1 +
 include/uapi/linux/genetlink.h                |  1 +
 include/uapi/linux/if_link.h                  |  4 +-
 include/uapi/linux/netlink_diag.h             |  1 +
 include/uapi/linux/packet_diag.h              |  1 +
 include/uapi/linux/unix_diag.h                |  1 +
 net/compat.c                                  |  2 +-
 net/hsr/hsr_framereg.c                        |  3 +-
 net/hsr/hsr_netlink.c                         | 28 ++++++++++
 net/ipv4/ip_sockglue.c                        |  3 +-
 net/ipv4/ping.c                               |  7 +--
 net/ipv4/protocol.c                           |  8 ---
 net/ipv4/raw.c                                |  2 +-
 net/ipv4/tcp_ipv4.c                           |  2 +-
 net/ipv4/tcp_memcontrol.c                     |  2 -
 net/ipv4/tcp_offload.c                        | 31 ++++++-----
 net/ipv4/udp.c                                |  7 ++-
 net/ipv6/datagram.c                           |  8 ++-
 net/ipv6/ip6_output.c                         |  4 +-
 net/ipv6/ping.c                               |  3 +-
 net/ipv6/protocol.c                           |  4 --
 net/ipv6/raw.c                                |  4 +-
 net/ipv6/sit.c                                | 50 +++++++++++++----
 net/ipv6/tcpv6_offload.c                      | 32 ++++++-----
 net/ipv6/udp.c                                |  4 +-
 net/l2tp/l2tp_ip6.c                           |  2 +-
 net/netlink/genetlink.c                       | 13 +++--
 net/packet/af_packet.c                        |  4 +-
 net/sched/sch_netem.c                         |  7 +--
 net/sched/sch_tbf.c                           | 32 ++++++++---
 net/sctp/output.c                             |  3 +-
 net/sctp/outqueue.c                           |  6 ++-
 net/socket.c                                  |  2 +-
 68 files changed, 397 insertions(+), 290 deletions(-)
Merging ipsec/master (dff345c5c85d be2net: call napi_disable() for all event queues)
$ git merge ipsec/master
Already up-to-date.
Merging sound-current/for-linus (6ddf0fd1c462 ALSA: hda - Fix silent output on ASUS W7J laptop)
$ git merge sound-current/for-linus
Merge made by the 'recursive' strategy.
 sound/firewire/dice.c         |  4 ++--
 sound/pci/hda/patch_realtek.c | 13 +++++++++++++
 2 files changed, 15 insertions(+), 2 deletions(-)
Merging pci-current/for-linus (4bff6749905d PCI: Move device_del() from pci_stop_dev() to pci_destroy_dev())
$ git merge pci-current/for-linus
Auto-merging kernel/workqueue.c
Merge made by the 'recursive' strategy.
 drivers/pci/pci-driver.c | 26 +++++++++++++++++++++-----
 drivers/pci/remove.c     |  4 +++-
 kernel/workqueue.c       | 32 ++++++++++----------------------
 3 files changed, 34 insertions(+), 28 deletions(-)
Merging wireless/master (d5aedd7e1b2f Merge branch 'for-john' of git://git.kernel.org/pub/scm/linux/kernel/git/jberg/mac80211)
$ git merge wireless/master
Merge made by the 'recursive' strategy.
 drivers/net/wireless/brcm80211/Kconfig   |  2 ++
 drivers/net/wireless/mac80211_hwsim.c    | 16 ++++++---
 drivers/net/wireless/mwifiex/sta_ioctl.c |  4 +--
 net/mac80211/cfg.c                       | 15 +++++---
 net/mac80211/ieee80211_i.h               |  1 +
 net/mac80211/iface.c                     |  1 -
 net/mac80211/main.c                      |  3 ++
 net/mac80211/mesh.c                      | 20 ++++++-----
 net/mac80211/mlme.c                      |  2 ++
 net/mac80211/rc80211_minstrel_ht.c       |  7 ++--
 net/mac80211/rx.c                        |  3 +-
 net/mac80211/scan.c                      |  2 +-
 net/mac80211/spectmgmt.c                 |  2 ++
 net/mac80211/util.c                      | 11 ++----
 net/wireless/core.c                      |  3 ++
 net/wireless/ibss.c                      | 18 +++++-----
 net/wireless/nl80211.c                   | 60 ++++++++++++++++++++------------
 17 files changed, 105 insertions(+), 65 deletions(-)
Merging driver-core.current/driver-core-linus (dc1ccc48159d Linux 3.13-rc2)
$ git merge driver-core.current/driver-core-linus
Already up-to-date.
Merging tty.current/tty-linus (39434abd942c n_tty: Fix missing newline echo)
$ git merge tty.current/tty-linus
Merge made by the 'recursive' strategy.
 drivers/tty/n_tty.c | 6 ++++--
 1 file changed, 4 insertions(+), 2 deletions(-)
Merging usb.current/usb-linus (c24cb6c8b501 Merge tag 'fixes-for-v3.13-rc2' of git://git.kernel.org/pub/scm/linux/kernel/git/balbi/usb into usb-linus)
$ git merge usb.current/usb-linus
Merge made by the 'recursive' strategy.
 drivers/usb/dwc3/ep0.c              |   2 +
 drivers/usb/dwc3/gadget.c           |   5 +-
 drivers/usb/gadget/Kconfig          |   1 +
 drivers/usb/gadget/composite.c      |   1 +
 drivers/usb/gadget/f_fs.c           |   2 +-
 drivers/usb/gadget/f_mass_storage.c |  27 +++---
 drivers/usb/gadget/pxa25x_udc.c     |   1 +
 drivers/usb/gadget/s3c-hsotg.c      |   7 +-
 drivers/usb/gadget/storage_common.h |   4 -
 drivers/usb/gadget/tcm_usb_gadget.c |   2 +-
 drivers/usb/gadget/zero.c           |   6 +-
 drivers/usb/musb/musb_core.c        |   9 +-
 drivers/usb/musb/musb_cppi41.c      | 164 ++++++++++++++++++++++++++++++------
 drivers/usb/musb/musb_gadget.c      |   4 +
 drivers/usb/phy/phy-am335x.c        |   5 +-
 drivers/usb/phy/phy-generic.c       |  68 +++++++--------
 drivers/usb/phy/phy-generic.h       |   4 +-
 drivers/usb/phy/phy-mxs-usb.c       |   2 +-
 drivers/usb/phy/phy-rcar-gen2-usb.c |   4 +-
 drivers/usb/serial/generic.c        |  12 +--
 20 files changed, 223 insertions(+), 107 deletions(-)
Merging staging.current/staging-linus (930ba4a374b9 Staging: tidspbridge: disable driver)
$ git merge staging.current/staging-linus
Already up-to-date.
Merging char-misc.current/char-misc-linus (d0b00d3fb96d Merge tag 'extcon-linus-for-3.13-rc2' of git://git.kernel.org/pub/scm/linux/kernel/git/chanwoo/extcon into char-misc-linus)
$ git merge char-misc.current/char-misc-linus
Auto-merging MAINTAINERS
Merge made by the 'recursive' strategy.
 CREDITS                            |  5 +++++
 Documentation/mic/mpssd/mpssd.c    | 18 +++++++++++------
 MAINTAINERS                        |  8 ++++++++
 drivers/extcon/extcon-arizona.c    |  4 +---
 drivers/extcon/extcon-class.c      |  3 ++-
 drivers/misc/mic/card/mic_virtio.c | 33 +++++++++++++++++--------------
 drivers/misc/mic/card/mic_virtio.h |  7 +++----
 drivers/misc/mic/host/mic_boot.c   |  2 +-
 drivers/misc/mic/host/mic_virtio.c | 30 ++++++++++++++--------------
 drivers/misc/mic/host/mic_x100.c   |  4 ++--
 include/uapi/linux/mic_common.h    | 40 +++++++++++++++-----------------------
 11 files changed, 83 insertions(+), 71 deletions(-)
Merging input-current/for-linus (358f24704f2f Input: add key code for ambient light sensor button)
$ git merge input-current/for-linus
Merge made by the 'recursive' strategy.
 drivers/input/keyboard/adp5588-keys.c | 3 ++-
 drivers/input/keyboard/adp5589-keys.c | 3 ++-
 drivers/input/keyboard/bf54x-keys.c   | 3 ++-
 drivers/input/misc/pcf8574_keypad.c   | 7 +++++--
 include/uapi/linux/input.h            | 2 ++
 5 files changed, 13 insertions(+), 5 deletions(-)
Merging md-current/for-linus (d47648fcf061 raid5: avoid finding "discard" stripe)
$ git merge md-current/for-linus
Already up-to-date.
Merging crypto-current/master (8ec25c512916 crypto: testmgr - fix sglen in test_aead for case 'dst != src')
$ git merge crypto-current/master
Merge made by the 'recursive' strategy.
 arch/s390/crypto/aes_s390.c   | 31 +++++++++++---------
 crypto/authenc.c              |  7 +++--
 crypto/ccm.c                  |  3 +-
 crypto/tcrypt.c               |  4 +++
 crypto/testmgr.c              | 26 ++++++++---------
 drivers/crypto/caam/caamalg.c | 51 ++++++++++++++++++--------------
 drivers/crypto/caam/jr.c      |  1 +
 drivers/crypto/talitos.c      | 68 +++++++++++++++++++++++++------------------
 include/crypto/scatterwalk.h  |  1 +
 9 files changed, 109 insertions(+), 83 deletions(-)
Merging ide/master (c2f7d1e103ef ide: pmac: remove unnecessary pci_set_drvdata())
$ git merge ide/master
Already up-to-date.
Merging dwmw2/master (5950f0803ca9 pcmcia: remove RPX board stuff)
$ git merge dwmw2/master
Already up-to-date.
Merging sh-current/sh-fixes-for-linus (44033109e99c SH: Convert out[bwl] macros to inline functions)
$ git merge sh-current/sh-fixes-for-linus
Already up-to-date.
Merging devicetree-current/devicetree/merge (1931ee143b0a Revert "drivers: of: add initialization code for dma reserved memory")
$ git merge devicetree-current/devicetree/merge
Already up-to-date.
Merging rr-fixes/fixes (f6537f2f0eba scripts/kallsyms: filter symbols not in kernel address space)
$ git merge rr-fixes/fixes
Already up-to-date.
Merging mfd-fixes/master (88ec6a4d8369 Merge tag 'mfd-lee-3.13-fixes-1' of git://git.linaro.org/people/ljones/mfd)
$ git merge mfd-fixes/master
Merge made by the 'recursive' strategy.
 drivers/mfd/Kconfig   | 2 +-
 drivers/mfd/lpc_ich.c | 2 +-
 drivers/mfd/ti-ssp.c  | 2 +-
 3 files changed, 3 insertions(+), 3 deletions(-)
Merging vfio-fixes/for-linus (d93b3ac0edb8 VFIO: vfio_iommu_type1: fix bug caused by break in nested loop)
$ git merge vfio-fixes/for-linus
Already up-to-date.
Merging drm-intel-fixes/for-linux-next-fixes (993fc6ebaf4a drm/i915: Pin pages whilst allocating for dma-buf vmap())
$ git merge drm-intel-fixes/for-linux-next-fixes
Merge made by the 'recursive' strategy.
 drivers/gpu/drm/i915/i915_drv.c            |  2 +
 drivers/gpu/drm/i915/i915_gem.c            |  7 ++--
 drivers/gpu/drm/i915/i915_gem_dmabuf.c     | 13 ++++---
 drivers/gpu/drm/i915/i915_gem_execbuffer.c | 60 ++++++++++++++++--------------
 drivers/gpu/drm/i915/i915_gem_gtt.c        |  6 ++-
 drivers/gpu/drm/i915/i915_reg.h            |  1 +
 drivers/gpu/drm/i915/intel_ddi.c           |  5 ++-
 drivers/gpu/drm/i915/intel_display.c       | 14 +++----
 drivers/gpu/drm/i915/intel_dp.c            | 34 +++++++----------
 drivers/gpu/drm/i915/intel_drv.h           |  2 +-
 drivers/gpu/drm/i915/intel_pm.c            | 15 ++++----
 11 files changed, 82 insertions(+), 77 deletions(-)
Merging asm-generic/master (fb9de7ebc3a2 xtensa: Use generic asm/mmu.h for nommu)
$ git merge asm-generic/master
Already up-to-date.
Merging arc/for-next (418556e7743b ARC: [SMP] optimize IPI send and receive)
$ git merge arc/for-next
Merge made by the 'recursive' strategy.
 arch/arc/include/asm/smp.h  |   8 +--
 arch/arc/kernel/smp.c       | 121 ++++++++++++++++++++++++--------------------
 arch/arc/plat-arcfpga/smp.c |  12 ++---
 3 files changed, 75 insertions(+), 66 deletions(-)
Merging arm/for-next (fb4bdc534590 Merge branches 'fixes', 'kees' and 'misc' into for-next)
$ git merge arm/for-next
Merge made by the 'recursive' strategy.
 arch/arm/Kconfig.debug                |  23 +++
 arch/arm/include/asm/cacheflush.h     |   5 +
 arch/arm/include/asm/io.h             |   2 +-
 arch/arm/include/asm/mach/map.h       |  27 +--
 arch/arm/include/asm/pgtable-2level.h |   1 +
 arch/arm/include/asm/pgtable-3level.h |   1 +
 arch/arm/include/asm/pgtable.h        |   2 +
 arch/arm/include/asm/xen/page.h       |   2 +-
 arch/arm/kernel/entry-v7m.S           |   2 -
 arch/arm/kernel/etm.c                 |   6 -
 arch/arm/kernel/tcm.c                 |   4 +-
 arch/arm/kernel/traps.c               |   2 +-
 arch/arm/lib/backtrace.S              |  20 +-
 arch/arm/mach-at91/setup.c            |   2 +-
 arch/arm/mach-omap2/io.c              |   4 +-
 arch/arm/mach-omap2/omap4-common.c    |   2 +-
 arch/arm/mach-ux500/setup.h           |   2 +-
 arch/arm/mm/Makefile                  |   1 +
 arch/arm/mm/dma-mapping.c             |   6 +-
 arch/arm/mm/dump.c                    | 343 ++++++++++++++++++++++++++++++++++
 arch/arm/mm/ioremap.c                 |   4 +-
 arch/arm/mm/mmu.c                     | 126 ++++++++++---
 drivers/input/serio/ambakmi.c         |   2 -
 drivers/mmc/host/mmci.c               |   2 -
 drivers/mtd/maps/pxa2xx-flash.c       |   2 +-
 25 files changed, 522 insertions(+), 71 deletions(-)
 create mode 100644 arch/arm/mm/dump.c
Merging arm-perf/for-next/perf (6ce4eac1f600 Linux 3.13-rc1)
$ git merge arm-perf/for-next/perf
Already up-to-date.
Merging arm-soc/for-next (d40b2799f36e Merge branch 'fixes' into for-next)
$ git merge arm-soc/for-next
Merge made by the 'recursive' strategy.
 Documentation/devicetree/bindings/arm/cpus.txt    |   8 ++
 Documentation/devicetree/bindings/mmc/ti-omap.txt |  54 +++++++++++
 arch/arm/arm-soc-for-next-contents.txt            |   8 ++
 arch/arm/boot/dts/am335x-base0033.dts             |  79 ++++++++++++++++
 arch/arm/boot/dts/am335x-igep0033.dtsi            |  29 ++++++
 arch/arm/boot/dts/armada-370-db.dts               |  28 +++---
 arch/arm/boot/dts/armada-370-xp.dtsi              |   2 +-
 arch/arm/boot/dts/armada-xp-mv78230.dtsi          |  24 ++---
 arch/arm/boot/dts/armada-xp-mv78260.dtsi          | 109 ++++++++++++++++-----
 arch/arm/boot/dts/omap3-beagle-xm.dts             |   7 ++
 arch/arm/boot/dts/omap3-beagle.dts                |   7 ++
 arch/arm/boot/dts/omap3-igep.dtsi                 |  85 +++++++++++++++--
 arch/arm/boot/dts/omap3-igep0020.dts              |  50 +++++++++-
 arch/arm/boot/dts/omap3-igep0030.dts              |   4 +-
 arch/arm/boot/dts/omap3-n900.dts                  |  23 ++++-
 arch/arm/boot/dts/omap3.dtsi                      |  42 +++++++++
 arch/arm/configs/omap2plus_defconfig              |   1 +
 arch/arm/configs/u8500_defconfig                  |   3 +
 arch/arm/mach-ep93xx/Kconfig                      |   1 +
 arch/arm/mach-ep93xx/core.c                       | 110 +++++++++++++++++++++-
 arch/arm/mach-ep93xx/include/mach/platform.h      |   3 +-
 arch/arm/mach-omap2/dss-common.c                  |   2 +-
 arch/arm/mach-omap2/pdata-quirks.c                |   1 +
 arch/arm/mach-ux500/cpu-db8500.c                  |   4 +
 arch/arm/plat-omap/include/plat/dmtimer.h         |   5 +-
 drivers/dma/amba-pl08x.c                          |   2 +-
 drivers/mmc/host/omap.c                           |  45 +++++----
 27 files changed, 643 insertions(+), 93 deletions(-)
 create mode 100644 Documentation/devicetree/bindings/mmc/ti-omap.txt
 create mode 100644 arch/arm/arm-soc-for-next-contents.txt
Merging arm-v7-cache-opt/v7-cache-opt (e11d68fee368 arm: mm: refactor v7 cache cleaning ops to use way/index sequence)
$ git merge arm-v7-cache-opt/v7-cache-opt
Merge made by the 'recursive' strategy.
 arch/arm/mm/cache-v7.S | 14 +++++++-------
 1 file changed, 7 insertions(+), 7 deletions(-)
Merging bcm2835/for-next (7d132055814e Linux 3.10-rc6)
$ git merge bcm2835/for-next
Already up-to-date.
Merging cortex-m/for-next (9c031a483646 ARM: v7-M: drop using mach/entry-macro.S)
$ git merge cortex-m/for-next
Merge made by the 'recursive' strategy.
Merging ep93xx/ep93xx-for-next (bfb0709fd17b Merge branch 'ep93xx-fixes' into ep93xx-for-next)
$ git merge ep93xx/ep93xx-for-next
Merge made by the 'recursive' strategy.
Merging imx-mxs/for-next (4075e8c4cbf3 Merge branches 'imx/soc' and 'imx/dt' into for-next)
$ git merge imx-mxs/for-next
Auto-merging arch/arm/boot/dts/imx6qdl.dtsi
Auto-merging arch/arm/Kconfig.debug
Merge made by the 'recursive' strategy.
 .../devicetree/bindings/clock/imx5-clock.txt       | 195 +----
 .../bindings/pinctrl/fsl,imx27-pinctrl.txt         |  22 +
 .../devicetree/bindings/vendor-prefixes.txt        |   3 +
 arch/arm/Kconfig.debug                             |   9 +
 arch/arm/boot/dts/Makefile                         |  15 +
 arch/arm/boot/dts/imx23-evk.dts                    |   8 +-
 arch/arm/boot/dts/imx23-olinuxino.dts              |   5 +-
 arch/arm/boot/dts/imx23-stmp378x_devb.dts          |   5 +-
 arch/arm/boot/dts/imx25-pinfunc.h                  | 494 +++++++++++
 arch/arm/boot/dts/imx25-pingrp.h                   |  79 ++
 arch/arm/boot/dts/imx25.dtsi                       |  19 +-
 arch/arm/boot/dts/imx27-apf27.dts                  |  16 +
 arch/arm/boot/dts/imx27-apf27dev.dts               |  50 +-
 arch/arm/boot/dts/imx27-phytec-phycard-s-rdk.dts   |  48 +-
 arch/arm/boot/dts/imx27-phytec-phycard-s-som.dts   |  16 +
 arch/arm/boot/dts/imx27-phytec-phycore-rdk.dts     |  23 +
 arch/arm/boot/dts/imx27-phytec-phycore-som.dts     |  20 +-
 arch/arm/boot/dts/imx27-pinfunc.h                  | 526 ++++++++++++
 arch/arm/boot/dts/imx27-pingrp.h                   | 139 ++++
 arch/arm/boot/dts/imx27.dtsi                       | 125 +--
 arch/arm/boot/dts/imx28-apf28dev.dts               |   5 +-
 arch/arm/boot/dts/imx28-apx4devkit.dts             |   5 +-
 arch/arm/boot/dts/imx28-cfa10036.dts               |   2 +
 arch/arm/boot/dts/imx28-cfa10037.dts               |   5 +-
 arch/arm/boot/dts/imx28-cfa10049.dts               |  29 +-
 arch/arm/boot/dts/imx28-cfa10057.dts               |   5 +-
 arch/arm/boot/dts/imx28-cfa10058.dts               |   5 +-
 arch/arm/boot/dts/imx28-duckbill.dts               | 121 +++
 arch/arm/boot/dts/imx28-evk.dts                    |  24 +-
 arch/arm/boot/dts/imx28-m28cu3.dts                 |  14 +-
 arch/arm/boot/dts/imx28-m28evk.dts                 |  14 +-
 arch/arm/boot/dts/imx28-sps1.dts                   |   5 +-
 arch/arm/boot/dts/imx28-tx28.dts                   |  23 +-
 arch/arm/boot/dts/imx28.dtsi                       |  13 +
 arch/arm/boot/dts/imx50-evk.dts                    |  97 +++
 arch/arm/boot/dts/imx50-pinfunc.h                  | 923 +++++++++++++++++++++
 arch/arm/boot/dts/imx50-pingrp.h                   | 144 ++++
 arch/arm/boot/dts/imx50.dtsi                       | 476 +++++++++++
 arch/arm/boot/dts/imx51-apf51.dts                  |  18 +-
 arch/arm/boot/dts/imx51-apf51dev.dts               |  50 +-
 arch/arm/boot/dts/imx51-babbage.dts                | 100 ++-
 arch/arm/boot/dts/imx51-eukrea-cpuimx51.dtsi       |  71 ++
 .../boot/dts/imx51-eukrea-mbimxsd51-baseboard.dts  | 144 ++++
 arch/arm/boot/dts/imx51-pingrp.h                   | 247 ++++++
 arch/arm/boot/dts/imx51.dtsi                       | 455 ++--------
 arch/arm/boot/dts/imx53-ard.dts                    |  19 +-
 arch/arm/boot/dts/imx53-evk.dts                    |  38 +-
 arch/arm/boot/dts/imx53-m53evk.dts                 | 133 ++-
 arch/arm/boot/dts/imx53-mba53.dts                  |  40 +-
 arch/arm/boot/dts/imx53-pingrp.h                   | 350 ++++++++
 arch/arm/boot/dts/imx53-qsb.dts                    |  61 +-
 arch/arm/boot/dts/imx53-smd.dts                    |  62 +-
 arch/arm/boot/dts/imx53-tqma53.dtsi                | 112 ++-
 arch/arm/boot/dts/imx53-tx53.dtsi                  |   5 +-
 arch/arm/boot/dts/imx53-voipac-bsb.dts             | 144 ++++
 arch/arm/boot/dts/imx53-voipac-dmm-668.dtsi        | 240 ++++++
 arch/arm/boot/dts/imx53.dtsi                       | 648 +++------------
 arch/arm/boot/dts/imx6dl-gw51xx.dts                |  19 +
 arch/arm/boot/dts/imx6dl-gw52xx.dts                |  19 +
 arch/arm/boot/dts/imx6dl-gw53xx.dts                |  19 +
 arch/arm/boot/dts/imx6dl-gw54xx.dts                |  19 +
 arch/arm/boot/dts/imx6dl-pinfunc.h                 |   1 +
 arch/arm/boot/dts/imx6dl.dtsi                      |  10 +-
 arch/arm/boot/dts/imx6q-arm2.dts                   |  71 +-
 arch/arm/boot/dts/imx6q-cm-fx6.dts                 |  69 ++
 arch/arm/boot/dts/imx6q-dmo-edmqmx6.dts            | 178 ++++
 arch/arm/boot/dts/imx6q-gw51xx.dts                 |  19 +
 arch/arm/boot/dts/imx6q-gw52xx.dts                 |  23 +
 arch/arm/boot/dts/imx6q-gw53xx.dts                 |  23 +
 arch/arm/boot/dts/imx6q-gw5400-a.dts               | 493 +++++++++++
 arch/arm/boot/dts/imx6q-gw54xx.dts                 |  23 +
 arch/arm/boot/dts/imx6q-phytec-pfla02.dtsi         |  44 +-
 arch/arm/boot/dts/imx6q-pinfunc.h                  |   1 +
 arch/arm/boot/dts/imx6q-sabrelite.dts              |  68 +-
 arch/arm/boot/dts/imx6q-sbc6x.dts                  |  29 +-
 arch/arm/boot/dts/imx6q-udoo.dts                   |  27 +-
 arch/arm/boot/dts/imx6q.dtsi                       |   9 +-
 arch/arm/boot/dts/imx6qdl-gw51xx.dtsi              | 317 +++++++
 arch/arm/boot/dts/imx6qdl-gw52xx.dtsi              | 424 ++++++++++
 arch/arm/boot/dts/imx6qdl-gw53xx.dtsi              | 484 +++++++++++
 arch/arm/boot/dts/imx6qdl-gw54xx.dtsi              | 511 ++++++++++++
 arch/arm/boot/dts/imx6qdl-pingrp.h                 | 526 ++++++++++++
 arch/arm/boot/dts/imx6qdl-sabreauto.dtsi           |  58 +-
 arch/arm/boot/dts/imx6qdl-sabresd.dtsi             |  73 +-
 arch/arm/boot/dts/imx6qdl-wandboard.dtsi           |  70 +-
 arch/arm/boot/dts/imx6qdl.dtsi                     | 904 +++-----------------
 arch/arm/boot/dts/imx6sl-evk.dts                   |  88 +-
 arch/arm/boot/dts/imx6sl-pingrp.h                  | 148 ++++
 arch/arm/boot/dts/imx6sl.dtsi                      | 339 ++------
 arch/arm/configs/imx_v4_v5_defconfig               |   2 +
 arch/arm/configs/imx_v6_v7_defconfig               |   4 +
 arch/arm/include/debug/imx-uart.h                  |  10 +
 arch/arm/mach-imx/Kconfig                          |  27 +-
 arch/arm/mach-imx/Makefile                         |   1 +
 arch/arm/mach-imx/avic.c                           |  25 -
 arch/arm/mach-imx/clk-imx51-imx53.c                | 801 +++++++++---------
 arch/arm/mach-imx/clk-imx6q.c                      |   2 +-
 arch/arm/mach-imx/clk-imx6sl.c                     |   2 +-
 arch/arm/mach-imx/clk-vf610.c                      |   5 +
 arch/arm/mach-imx/common.h                         |   1 +
 arch/arm/mach-imx/irq-common.h                     |   1 -
 arch/arm/mach-imx/mach-imx50.c                     |  38 +
 arch/arm/mach-imx/mach-imx6q.c                     |  30 +
 arch/arm/mach-imx/mm-imx5.c                        |   8 -
 arch/arm/mach-mxs/mach-mxs.c                       |  13 +
 drivers/pinctrl/Kconfig                            |   8 -
 drivers/pinctrl/pinctrl-imx1-core.c                |   7 +
 drivers/pinctrl/pinctrl-nomadik.c                  |   6 +-
 drivers/pinctrl/sh-pfc/pfc-r8a7791.c               |  36 +-
 include/dt-bindings/clock/imx5-clock.h             | 203 +++++
 include/dt-bindings/clock/imx6sl-clock.h           |   2 +-
 include/dt-bindings/clock/vf610-clock.h            |   6 +-
 112 files changed, 10001 insertions(+), 3007 deletions(-)
 create mode 100644 arch/arm/boot/dts/imx25-pinfunc.h
 create mode 100644 arch/arm/boot/dts/imx25-pingrp.h
 create mode 100644 arch/arm/boot/dts/imx27-pinfunc.h
 create mode 100644 arch/arm/boot/dts/imx27-pingrp.h
 create mode 100644 arch/arm/boot/dts/imx28-duckbill.dts
 create mode 100644 arch/arm/boot/dts/imx50-evk.dts
 create mode 100644 arch/arm/boot/dts/imx50-pinfunc.h
 create mode 100644 arch/arm/boot/dts/imx50-pingrp.h
 create mode 100644 arch/arm/boot/dts/imx50.dtsi
 create mode 100644 arch/arm/boot/dts/imx51-eukrea-cpuimx51.dtsi
 create mode 100644 arch/arm/boot/dts/imx51-eukrea-mbimxsd51-baseboard.dts
 create mode 100644 arch/arm/boot/dts/imx51-pingrp.h
 create mode 100644 arch/arm/boot/dts/imx53-pingrp.h
 create mode 100644 arch/arm/boot/dts/imx53-voipac-bsb.dts
 create mode 100644 arch/arm/boot/dts/imx53-voipac-dmm-668.dtsi
 create mode 100644 arch/arm/boot/dts/imx6dl-gw51xx.dts
 create mode 100644 arch/arm/boot/dts/imx6dl-gw52xx.dts
 create mode 100644 arch/arm/boot/dts/imx6dl-gw53xx.dts
 create mode 100644 arch/arm/boot/dts/imx6dl-gw54xx.dts
 create mode 100644 arch/arm/boot/dts/imx6q-cm-fx6.dts
 create mode 100644 arch/arm/boot/dts/imx6q-dmo-edmqmx6.dts
 create mode 100644 arch/arm/boot/dts/imx6q-gw51xx.dts
 create mode 100644 arch/arm/boot/dts/imx6q-gw52xx.dts
 create mode 100644 arch/arm/boot/dts/imx6q-gw53xx.dts
 create mode 100644 arch/arm/boot/dts/imx6q-gw5400-a.dts
 create mode 100644 arch/arm/boot/dts/imx6q-gw54xx.dts
 create mode 100644 arch/arm/boot/dts/imx6qdl-gw51xx.dtsi
 create mode 100644 arch/arm/boot/dts/imx6qdl-gw52xx.dtsi
 create mode 100644 arch/arm/boot/dts/imx6qdl-gw53xx.dtsi
 create mode 100644 arch/arm/boot/dts/imx6qdl-gw54xx.dtsi
 create mode 100644 arch/arm/boot/dts/imx6qdl-pingrp.h
 create mode 100644 arch/arm/boot/dts/imx6sl-pingrp.h
 create mode 100644 arch/arm/mach-imx/mach-imx50.c
 create mode 100644 include/dt-bindings/clock/imx5-clock.h
Merging ixp4xx/next (19f949f52599 Linux 3.8)
$ git merge ixp4xx/next
Already up-to-date.
Merging msm/for-next (81cf1e061d00 ARM: msm: Rename msm devicetrees to have standard 'qcom' prefix)
$ git merge msm/for-next
Already up-to-date.
Merging mvebu/for-next (02d93eb266e3 Merge branch 'mvebu/dt' into for-next)
$ git merge mvebu/for-next
Auto-merging arch/arm/boot/dts/Makefile
Merge made by the 'recursive' strategy.
 .../interrupt-controller/marvell,dove-pmu-intc.txt |  17 ++
 arch/arm/boot/dts/Makefile                         |   2 +
 arch/arm/boot/dts/armada-370-mirabox.dts           |  25 +-
 arch/arm/boot/dts/armada-370-netgear-rn102.dts     |  84 +++---
 arch/arm/boot/dts/armada-370-netgear-rn104.dts     |  90 ++++---
 arch/arm/boot/dts/armada-370-xp.dtsi               |   9 +
 arch/arm/boot/dts/armada-xp-gp.dts                 |   8 +
 arch/arm/boot/dts/armada-xp-netgear-rn2120.dts     | 286 +++++++++++++++++++++
 arch/arm/boot/dts/armada-xp-openblocks-ax3-4.dts   |   3 +-
 arch/arm/boot/dts/dove-cubox.dts                   |   2 +-
 arch/arm/boot/dts/dove.dtsi                        |  13 +-
 arch/arm/boot/dts/kirkwood-6281.dtsi               |   2 +
 arch/arm/boot/dts/kirkwood-6282.dtsi               |   2 +
 arch/arm/boot/dts/kirkwood-dns320.dts              |   2 +-
 arch/arm/boot/dts/kirkwood-dns325.dts              |   2 +-
 arch/arm/boot/dts/kirkwood-dockstar.dts            |   2 +-
 arch/arm/boot/dts/kirkwood-goflexnet.dts           |   2 +-
 .../arm/boot/dts/kirkwood-guruplug-server-plus.dts |   4 +-
 arch/arm/boot/dts/kirkwood-ib62x0.dts              |   2 +-
 arch/arm/boot/dts/kirkwood-iconnect.dts            |   4 +-
 arch/arm/boot/dts/kirkwood-iomega_ix2_200.dts      |   2 +-
 arch/arm/boot/dts/kirkwood-lsxl.dtsi               |   2 +-
 .../boot/dts/kirkwood-netgear_readynas_duo_v2.dts  | 113 +++++---
 .../boot/dts/kirkwood-netgear_readynas_nv+_v2.dts  | 270 +++++++++++++++++++
 arch/arm/boot/dts/kirkwood-ns2lite.dts             |   2 +-
 arch/arm/boot/dts/kirkwood-sheevaplug-common.dtsi  |   2 +-
 arch/arm/boot/dts/kirkwood-sheevaplug-esata.dts    |   2 +-
 arch/arm/boot/dts/kirkwood-sheevaplug.dts          |   4 +-
 .../dts/orion5x-lacie-ethernet-disk-mini-v2.dts    |   2 +-
 arch/arm/configs/kirkwood_defconfig                |   1 +
 arch/arm/configs/mvebu_defconfig                   |   1 +
 arch/arm/mach-dove/common.c                        |  15 +-
 arch/arm/mach-kirkwood/board-dt.c                  |  40 +--
 arch/arm/mach-mvebu/coherency.c                    |   1 +
 arch/arm/mach-mvebu/coherency.h                    |   4 +-
 arch/arm/mach-mvebu/common.h                       |   1 -
 arch/arm/mach-mvebu/hotplug.c                      |   1 +
 arch/arm/mach-mvebu/platsmp.c                      |   4 +-
 arch/arm/mach-mvebu/pmsu.c                         |   3 +-
 arch/arm/mach-mvebu/system-controller.c            |   5 +-
 arch/arm/mach-orion5x/board-dt.c                   |   2 +-
 arch/arm/mach-orion5x/common.c                     |   7 +-
 arch/arm/mach-orion5x/db88f5281-setup.c            |   2 +-
 arch/arm/mach-orion5x/irq.c                        |   1 +
 arch/arm/mach-orion5x/pci.c                        |   4 +-
 arch/arm/mach-orion5x/rd88f5182-setup.c            |   2 +-
 arch/arm/mach-orion5x/terastation_pro2-setup.c     |   2 +-
 arch/arm/mach-orion5x/ts209-setup.c                |   2 +-
 arch/arm/mach-orion5x/ts78xx-setup.c               |   2 +-
 arch/arm/plat-orion/common.c                       |   9 +-
 arch/arm/plat-orion/time.c                         |   3 +-
 drivers/bus/mvebu-mbus.c                           |  10 +-
 drivers/clk/mvebu/Kconfig                          |   5 +
 drivers/clk/mvebu/Makefile                         |   1 +
 drivers/clk/mvebu/clk-corediv.c                    | 223 ++++++++++++++++
 drivers/clk/mvebu/clk-cpu.c                        |   2 +-
 drivers/irqchip/Makefile                           |   1 +
 drivers/irqchip/irq-dove.c                         | 126 +++++++++
 58 files changed, 1229 insertions(+), 211 deletions(-)
 create mode 100644 Documentation/devicetree/bindings/interrupt-controller/marvell,dove-pmu-intc.txt
 create mode 100644 arch/arm/boot/dts/armada-xp-netgear-rn2120.dts
 create mode 100644 arch/arm/boot/dts/kirkwood-netgear_readynas_nv+_v2.dts
 create mode 100644 drivers/clk/mvebu/clk-corediv.c
 create mode 100644 drivers/irqchip/irq-dove.c
Merging renesas/next (c6146726fb94 Merge branch 'fixes-for-v3.13' into next)
$ git merge renesas/next
Removing arch/arm/mach-shmobile/board-kzm9d.c
Auto-merging arch/arm/boot/dts/Makefile
Merge made by the 'recursive' strategy.
 arch/arm/Kconfig                                   |  14 +-
 arch/arm/Makefile                                  |   1 -
 arch/arm/boot/compressed/Makefile                  |   2 +-
 arch/arm/boot/dts/Makefile                         |   3 +-
 arch/arm/boot/dts/emev2-kzm9d.dts                  |  39 ++++-
 arch/arm/boot/dts/emev2.dtsi                       |  86 ++++++++++-
 arch/arm/boot/dts/r7s72100-genmai.dts              |   2 +-
 arch/arm/boot/dts/r8a73a4-ape6evm-reference.dts    |  15 +-
 arch/arm/boot/dts/r8a73a4-ape6evm.dts              |  10 +-
 arch/arm/boot/dts/r8a73a4.dtsi                     | 118 +++++++++-----
 .../boot/dts/r8a7740-armadillo800eva-reference.dts |  13 +-
 arch/arm/boot/dts/r8a7740-armadillo800eva.dts      |   2 +-
 arch/arm/boot/dts/r8a7740.dtsi                     | 118 +++++++-------
 arch/arm/boot/dts/r8a7778-bockw-reference.dts      |  57 ++++++-
 arch/arm/boot/dts/r8a7778-bockw.dts                |   2 +-
 arch/arm/boot/dts/r8a7778.dtsi                     | 170 +++++++++++++++++++--
 arch/arm/boot/dts/r8a7779-marzen-reference.dts     |  25 ++-
 arch/arm/boot/dts/r8a7779-marzen.dts               |   2 +-
 arch/arm/boot/dts/r8a7779.dtsi                     |  82 +++++++---
 arch/arm/boot/dts/r8a7790-lager-reference.dts      |  46 +++++-
 arch/arm/boot/dts/r8a7790-lager.dts                |   7 +-
 arch/arm/boot/dts/r8a7790.dtsi                     |  97 +++++++-----
 arch/arm/boot/dts/r8a7791-koelsch-reference.dts    |  61 ++++++++
 arch/arm/boot/dts/r8a7791-koelsch.dts              |   2 +-
 arch/arm/boot/dts/r8a7791.dtsi                     | 144 +++++++++++++++--
 arch/arm/boot/dts/sh7372-mackerel.dts              |   2 +-
 arch/arm/boot/dts/sh73a0-kzm9g-reference.dts       |  70 ++++++++-
 arch/arm/boot/dts/sh73a0-kzm9g.dts                 |   2 +-
 arch/arm/boot/dts/sh73a0.dtsi                      | 142 ++++++++---------
 arch/arm/configs/ape6evm_defconfig                 |   2 +-
 arch/arm/configs/armadillo800eva_defconfig         |   2 +-
 arch/arm/configs/bockw_defconfig                   |  12 +-
 arch/arm/configs/genmai_defconfig                  | 116 ++++++++++++++
 arch/arm/configs/koelsch_defconfig                 |   2 +-
 arch/arm/configs/kzm9d_defconfig                   |   3 +-
 arch/arm/configs/kzm9g_defconfig                   |   2 +-
 arch/arm/configs/lager_defconfig                   |   2 +-
 arch/arm/configs/mackerel_defconfig                |   2 +-
 arch/arm/configs/marzen_defconfig                  |  12 +-
 arch/arm/mach-shmobile/Kconfig                     |  18 ++-
 arch/arm/mach-shmobile/Makefile                    |   1 -
 arch/arm/mach-shmobile/Makefile.boot               |   1 -
 arch/arm/mach-shmobile/board-ape6evm.c             |   6 +-
 arch/arm/mach-shmobile/board-bockw-reference.c     |  13 --
 arch/arm/mach-shmobile/board-kzm9d.c               |  92 -----------
 arch/arm/mach-shmobile/board-lager-reference.c     |   5 +-
 arch/arm/mach-shmobile/board-lager.c               |   6 +-
 arch/arm/mach-shmobile/board-marzen.c              |  27 +++-
 arch/arm/mach-shmobile/clock-r7s72100.c            |   4 +
 arch/arm/mach-shmobile/clock-r8a73a4.c             |  10 +-
 arch/arm/mach-shmobile/clock-r8a7740.c             |   8 +-
 arch/arm/mach-shmobile/clock-r8a7778.c             |  11 ++
 arch/arm/mach-shmobile/clock-r8a7779.c             |   8 +
 arch/arm/mach-shmobile/clock-r8a7790.c             |  47 +++---
 arch/arm/mach-shmobile/clock-r8a7791.c             |  14 +-
 arch/arm/mach-shmobile/clock-sh7372.c              |   9 +-
 arch/arm/mach-shmobile/clock-sh73a0.c              |  22 +--
 arch/arm/mach-shmobile/include/mach/emev2.h        |   5 -
 arch/arm/mach-shmobile/include/mach/r8a7779.h      |   5 -
 arch/arm/mach-shmobile/include/mach/r8a7791.h      |   1 +
 arch/arm/mach-shmobile/setup-emev2.c               | 163 ++------------------
 arch/arm/mach-shmobile/setup-r7s72100.c            |  22 +++
 arch/arm/mach-shmobile/setup-r8a73a4.c             |   2 +-
 arch/arm/mach-shmobile/setup-r8a7779.c             |  57 -------
 arch/arm/mach-shmobile/setup-r8a7790.c             |   7 +-
 arch/arm/mach-shmobile/setup-r8a7791.c             |  65 ++++++++
 arch/arm/mach-shmobile/setup-sh73a0.c              |  16 +-
 drivers/Makefile                                   |   2 +-
 drivers/irqchip/irq-renesas-intc-irqpin.c          |   8 +-
 69 files changed, 1427 insertions(+), 717 deletions(-)
 create mode 100644 arch/arm/boot/dts/r8a7791-koelsch-reference.dts
 create mode 100644 arch/arm/configs/genmai_defconfig
 delete mode 100644 arch/arm/mach-shmobile/board-kzm9d.c
Merging samsung/for-next (2e315a243044 Merge branch 'v3.14-next/samsung' into for-next)
$ git merge samsung/for-next
Auto-merging arch/arm/boot/dts/cros5250-common.dtsi
Auto-merging arch/arm/Kconfig
Merge made by the 'recursive' strategy.
 .../devicetree/bindings/mmc/exynos-dw-mshc.txt     |  2 +
 arch/arm/Kconfig                                   |  1 +
 arch/arm/boot/dts/cros5250-common.dtsi             |  8 +--
 arch/arm/boot/dts/exynos5.dtsi                     | 21 --------
 arch/arm/boot/dts/exynos5250-arndale.dts           | 16 ++----
 arch/arm/boot/dts/exynos5250-smdk5250.dts          | 16 ++----
 arch/arm/boot/dts/exynos5250-snow.dts              |  2 +-
 arch/arm/boot/dts/exynos5250.dtsi                  | 36 ++++++++++---
 arch/arm/boot/dts/exynos5420-smdk5420.dts          | 33 ++++++++++++
 arch/arm/boot/dts/exynos5420.dtsi                  | 59 ++++++++++++++++++++++
 arch/arm/plat-samsung/s5p-irq-eint.c               |  4 ++
 drivers/irqchip/exynos-combiner.c                  | 15 ++----
 12 files changed, 143 insertions(+), 70 deletions(-)
Merging tegra/for-next (6ce4eac1f600 Linux 3.13-rc1)
$ git merge tegra/for-next
Already up-to-date.
Merging arm64/upstream (3676f9ef5481 arm64: Move PTE_PROT_NONE higher up)
$ git merge arm64/upstream
Already up-to-date.
Merging blackfin/for-linus (36855dcfc980 blackfin: fix build warning for unused variable)
$ git merge blackfin/for-linus
Already up-to-date.
Merging c6x/for-linux-next (546153d75a48 c6x: fix build failure caused by cache.h)
$ git merge c6x/for-linux-next
Merge made by the 'recursive' strategy.
 arch/c6x/include/asm/cache.h | 1 +
 1 file changed, 1 insertion(+)
Merging cris/for-next (be8cb7f42ab9 CRIS: drop unused Kconfig symbols)
$ git merge cris/for-next
Already up-to-date.
Merging hexagon/linux-next (de44443a45e3 HEXAGON: Remove non existent reference to GENERIC_KERNEL_EXECVE & GENERIC_KERNEL_THREAD)
$ git merge hexagon/linux-next
Already up-to-date.
Merging ia64/next (959f58544b7f Linux 3.12-rc7)
$ git merge ia64/next
Already up-to-date.
Merging m68k/for-next (50190edb2a56 m68k/amiga: Provide mach_random_get_entropy())
$ git merge m68k/for-next
Merge made by the 'recursive' strategy.
 Documentation/zorro.txt                      |   5 +-
 arch/m68k/amiga/chipram.c                    |   2 +-
 arch/m68k/amiga/config.c                     |  44 ++--
 arch/m68k/amiga/platform.c                   |   9 +-
 arch/m68k/apollo/config.c                    |  26 +-
 arch/m68k/atari/config.c                     |  10 +-
 arch/m68k/bvme6000/config.c                  |   6 +-
 arch/m68k/configs/amiga_defconfig            |   2 +-
 arch/m68k/configs/apollo_defconfig           |   2 +-
 arch/m68k/configs/atari_defconfig            |   2 +-
 arch/m68k/configs/bvme6000_defconfig         |   2 +-
 arch/m68k/configs/hp300_defconfig            |   2 +-
 arch/m68k/configs/mac_defconfig              |   2 +-
 arch/m68k/configs/multi_defconfig            |   2 +-
 arch/m68k/configs/mvme147_defconfig          |   2 +-
 arch/m68k/configs/mvme16x_defconfig          |   2 +-
 arch/m68k/configs/q40_defconfig              |   2 +-
 arch/m68k/configs/sun3_defconfig             |   2 +-
 arch/m68k/configs/sun3x_defconfig            |   2 +-
 arch/m68k/emu/natfeat.c                      |   3 +-
 arch/m68k/hp300/config.c                     |  10 +-
 arch/m68k/include/asm/amigahw.h              |  28 +--
 arch/m68k/include/asm/apollohw.h             |  11 +-
 arch/m68k/include/asm/atarihw.h              |   2 +-
 arch/m68k/include/asm/bootinfo.h             | 364 +--------------------------
 arch/m68k/include/asm/hp300hw.h              |  20 +-
 arch/m68k/include/asm/macintosh.h            |  83 ++----
 arch/m68k/include/asm/mvme16xhw.h            |  17 --
 arch/m68k/include/asm/setup.h                |   5 +-
 arch/m68k/include/asm/timex.h                |  10 +
 arch/m68k/include/uapi/asm/Kbuild            |   8 +
 arch/m68k/include/uapi/asm/bootinfo-amiga.h  |  63 +++++
 arch/m68k/include/uapi/asm/bootinfo-apollo.h |  28 +++
 arch/m68k/include/uapi/asm/bootinfo-atari.h  |  44 ++++
 arch/m68k/include/uapi/asm/bootinfo-hp300.h  |  50 ++++
 arch/m68k/include/uapi/asm/bootinfo-mac.h    | 119 +++++++++
 arch/m68k/include/uapi/asm/bootinfo-q40.h    |  16 ++
 arch/m68k/include/uapi/asm/bootinfo-vme.h    |  70 ++++++
 arch/m68k/include/uapi/asm/bootinfo.h        | 174 +++++++++++++
 arch/m68k/include/uapi/asm/setup.h           |  87 -------
 arch/m68k/kernel/head.S                      |  12 +-
 arch/m68k/kernel/setup_mm.c                  |  60 +++--
 arch/m68k/kernel/time.c                      |   4 +
 arch/m68k/mac/config.c                       |  34 +--
 arch/m68k/mac/iop.c                          |   5 +-
 arch/m68k/mac/misc.c                         |   2 -
 arch/m68k/mac/oss.c                          |   1 -
 arch/m68k/mac/psc.c                          |   3 +-
 arch/m68k/mac/via.c                          |   1 -
 arch/m68k/mm/init.c                          |   2 +-
 arch/m68k/mm/motorola.c                      |   2 +-
 arch/m68k/mvme147/config.c                   |   7 +-
 arch/m68k/mvme16x/config.c                   |  30 ++-
 arch/m68k/q40/config.c                       |   4 +-
 arch/m68k/sun3/dvma.c                        |   6 +-
 arch/m68k/sun3/mmu_emu.c                     |   3 +-
 arch/m68k/sun3/sun3dvma.c                    |   8 +-
 arch/m68k/sun3x/prom.c                       |   1 -
 drivers/block/z2ram.c                        |   7 +-
 drivers/ide/buddha.c                         |   2 +-
 drivers/net/ethernet/8390/hydra.c            |   2 +-
 drivers/net/ethernet/8390/zorro8390.c        |   4 +-
 drivers/net/ethernet/amd/a2065.c             |  13 +-
 drivers/net/ethernet/amd/ariadne.c           |  13 +-
 drivers/net/ethernet/natsemi/macsonic.c      |   1 -
 drivers/parport/parport_mfc3.c               |   2 +-
 drivers/scsi/a2091.c                         |   2 +-
 drivers/scsi/a3000.c                         |   2 +-
 drivers/scsi/a4000t.c                        |   2 +-
 drivers/scsi/gvp11.c                         |   2 +-
 drivers/scsi/zorro7xx.c                      |   2 +-
 drivers/video/amifb.c                        |   2 +-
 drivers/video/cirrusfb.c                     |   4 +-
 drivers/video/macfb.c                        |   1 -
 drivers/video/valkyriefb.c                   |   1 -
 drivers/zorro/Makefile                       |   3 +-
 drivers/zorro/names.c                        |  11 -
 drivers/zorro/proc.c                         |  10 +-
 drivers/zorro/zorro-driver.c                 |  11 +-
 drivers/zorro/zorro-sysfs.c                  |  22 +-
 drivers/zorro/zorro.c                        |  27 +-
 drivers/zorro/zorro.h                        |   5 +
 include/linux/zorro.h                        | 121 ++-------
 include/uapi/linux/Kbuild                    |   2 +
 include/uapi/linux/zorro.h                   | 113 +++++++++
 include/{ => uapi}/linux/zorro_ids.h         |   0
 86 files changed, 1025 insertions(+), 885 deletions(-)
 create mode 100644 arch/m68k/include/uapi/asm/bootinfo-amiga.h
 create mode 100644 arch/m68k/include/uapi/asm/bootinfo-apollo.h
 create mode 100644 arch/m68k/include/uapi/asm/bootinfo-atari.h
 create mode 100644 arch/m68k/include/uapi/asm/bootinfo-hp300.h
 create mode 100644 arch/m68k/include/uapi/asm/bootinfo-mac.h
 create mode 100644 arch/m68k/include/uapi/asm/bootinfo-q40.h
 create mode 100644 arch/m68k/include/uapi/asm/bootinfo-vme.h
 create mode 100644 arch/m68k/include/uapi/asm/bootinfo.h
 create mode 100644 include/uapi/linux/zorro.h
 rename include/{ => uapi}/linux/zorro_ids.h (100%)
Merging m68knommu/for-next (d4d80b54a862 m68k : Kill CONFIG_MTD_PARTITIONS)
$ git merge m68knommu/for-next
Merge made by the 'recursive' strategy.
 arch/m68k/configs/m5208evb_defconfig | 1 -
 arch/m68k/configs/m5249evb_defconfig | 1 -
 arch/m68k/configs/m5272c3_defconfig  | 1 -
 arch/m68k/configs/m5275evb_defconfig | 1 -
 arch/m68k/configs/m5307c3_defconfig  | 1 -
 arch/m68k/configs/m5407c3_defconfig  | 1 -
 6 files changed, 6 deletions(-)
Merging metag/for-next (5a25f7bb5aa1 metag: smp: don't set irq regs in do_IPI())
$ git merge metag/for-next
Merge made by the 'recursive' strategy.
 arch/metag/kernel/dma.c | 5 -----
 arch/metag/kernel/smp.c | 7 ++-----
 2 files changed, 2 insertions(+), 10 deletions(-)
Merging microblaze/next (a1dd107fcafa microblaze: Remove duplicate declarations of _stext[] and _etext[])
$ git merge microblaze/next
Merge made by the 'recursive' strategy.
 arch/microblaze/Makefile               | 2 ++
 arch/microblaze/include/asm/sections.h | 1 -
 arch/microblaze/kernel/setup.c         | 5 ++---
 3 files changed, 4 insertions(+), 4 deletions(-)
Merging mips/mips-for-linux-next (6ca0bf323c14 Merge branch '3.13-fixes' into mips-for-linux-next)
$ git merge mips/mips-for-linux-next
Merge made by the 'recursive' strategy.
 arch/mips/lasat/picvue_proc.c | 4 ++--
 1 file changed, 2 insertions(+), 2 deletions(-)
Merging openrisc/for-upstream (60a9dd5a10a1 openrisc: Use get_signal() signal_setup_done())
$ git merge openrisc/for-upstream
Merge made by the 'recursive' strategy.
 arch/openrisc/kernel/entry.S  |  59 ++++++-----
 arch/openrisc/kernel/signal.c | 233 +++++++++++++++++++++---------------------
 2 files changed, 149 insertions(+), 143 deletions(-)
Merging parisc/for-next (6c700d71f7fa [PARISC] hpux: Remove obsolete regs parameter from do_execve() in hpux_execve())
$ git merge parisc/for-next
Already up-to-date.
Merging parisc-hd/for-next (b8d8fccd68c3 parisc: remove CONFIG_MLONGCALLS=y from defconfigs)
$ git merge parisc-hd/for-next
Merge made by the 'recursive' strategy.
 arch/parisc/configs/c8000_defconfig         |   1 -
 arch/parisc/configs/generic-64bit_defconfig |   1 -
 arch/parisc/include/asm/serial.h            |   2 -
 arch/parisc/kernel/hardware.c               |   7 +-
 arch/parisc/kernel/head.S                   |   6 +-
 arch/parisc/kernel/sys_parisc.c             |  25 +++--
 arch/parisc/kernel/unwind.c                 |   9 +-
 arch/parisc/kernel/vmlinux.lds.S            | 138 ++++++++++++----------------
 arch/parisc/mm/init.c                       |  19 +++-
 9 files changed, 102 insertions(+), 106 deletions(-)
Merging powerpc/next (280270828f10 powerpc: Wrong DWARF CFI in the kernel vdso for little-endian / ELFv2)
$ git merge powerpc/next
Already up-to-date.
Merging mpc5xxx/next (dc1ccc48159d Linux 3.13-rc2)
$ git merge mpc5xxx/next
Already up-to-date.
Merging galak/next (9e2ecdbba3b0 powerpc/fsl-booke: add the reg prop for pci bridge device node for T4/B4)
$ git merge galak/next
Already up-to-date.
Merging s390/features (f83bc037ad05 s390/blacklist: Perform subchannel scan only when needed)
$ git merge s390/features
Merge made by the 'recursive' strategy.
 Documentation/kmsg/s390/zcrypt         |  20 +++
 arch/s390/include/uapi/asm/zcrypt.h    |  44 ++++++
 drivers/s390/cio/blacklist.c           |   6 +-
 drivers/s390/cio/chsc.c                |  40 +-----
 drivers/s390/cio/css.c                 |  26 +++-
 drivers/s390/cio/css.h                 |   1 +
 drivers/s390/crypto/ap_bus.c           |  31 +++-
 drivers/s390/crypto/ap_bus.h           |   4 +-
 drivers/s390/crypto/zcrypt_api.c       | 101 ++++++++++++-
 drivers/s390/crypto/zcrypt_api.h       |   2 +
 drivers/s390/crypto/zcrypt_cex4.c      |  20 ++-
 drivers/s390/crypto/zcrypt_error.h     |  18 +--
 drivers/s390/crypto/zcrypt_msgtype50.c |  12 ++
 drivers/s390/crypto/zcrypt_msgtype6.c  | 256 +++++++++++++++++++++++++++++++++
 drivers/s390/crypto/zcrypt_msgtype6.h  |   2 +
 drivers/s390/crypto/zcrypt_pcica.c     |  11 ++
 drivers/s390/crypto/zcrypt_pcicc.c     |  12 ++
 17 files changed, 546 insertions(+), 60 deletions(-)
 create mode 100644 Documentation/kmsg/s390/zcrypt
Merging sh/sh-latest (37284bd93103 Merge branches 'sh/hw-breakpoints' and 'sh/serial-of' into sh-latest)
$ git merge sh/sh-latest
Resolved 'arch/sh/kernel/cpu/sh2a/Makefile' using previous resolution.
Resolved 'drivers/tty/serial/sh-sci.c' using previous resolution.
Resolved 'include/linux/serial_sci.h' using previous resolution.
Auto-merging include/linux/serial_sci.h
CONFLICT (content): Merge conflict in include/linux/serial_sci.h
Auto-merging drivers/tty/serial/sh-sci.c
CONFLICT (content): Merge conflict in drivers/tty/serial/sh-sci.c
Auto-merging arch/sh/kernel/cpu/sh2a/Makefile
CONFLICT (content): Merge conflict in arch/sh/kernel/cpu/sh2a/Makefile
Automatic merge failed; fix conflicts and then commit the result.
$ git commit -v -a
[master b1ecf0e1708d] Merge remote-tracking branch 'sh/sh-latest'
$ git diff -M --stat --summary HEAD^..
 .../bindings/tty/serial/renesas,sci-serial.txt     |  53 +++++++
 arch/sh/include/asm/hw_breakpoint.h                |  12 +-
 arch/sh/include/cpu-common/cpu/ubc.h               |  17 +++
 arch/sh/include/cpu-sh2a/cpu/ubc.h                 |  14 ++
 arch/sh/kernel/cpu/sh2a/Makefile                   |   1 +
 arch/sh/kernel/cpu/sh2a/ubc.c                      | 154 +++++++++++++++++++++
 arch/sh/kernel/hw_breakpoint.c                     |   8 ++
 drivers/tty/serial/sh-sci.c                        | 127 ++++++++++++++++-
 include/linux/serial_sci.h                         |   4 +
 9 files changed, 375 insertions(+), 15 deletions(-)
 create mode 100644 Documentation/devicetree/bindings/tty/serial/renesas,sci-serial.txt
 create mode 100644 arch/sh/include/cpu-common/cpu/ubc.h
 create mode 100644 arch/sh/include/cpu-sh2a/cpu/ubc.h
 create mode 100644 arch/sh/kernel/cpu/sh2a/ubc.c
Merging sparc-next/master (049ffa8ab33a Merge branch 'drm-next' of git://people.freedesktop.org/~airlied/linux)
$ git merge sparc-next/master
Already up-to-date.
Merging tile/master (9248053f80fd tile: Remove tile-specific _sinitdata and _einitdata)
$ git merge tile/master
Merge made by the 'recursive' strategy.
 arch/tile/include/asm/sections.h |  3 ---
 arch/tile/kernel/vmlinux.lds.S   |  2 --
 arch/tile/mm/init.c              | 12 ++++++------
 3 files changed, 6 insertions(+), 11 deletions(-)
Merging unicore32/unicore32 (c284464658ac arch/unicore32: remove CONFIG_EXPERIMENTAL)
$ git merge unicore32/unicore32
Already up-to-date.
Merging xtensa/for_next (dcc345a63b61 xtensa: implement CPU hotplug)
$ git merge xtensa/for_next
Auto-merging drivers/irqchip/Makefile
Merge made by the 'recursive' strategy.
 arch/xtensa/Kconfig                                |  47 +-
 arch/xtensa/include/asm/Kbuild                     |   1 -
 arch/xtensa/include/asm/barrier.h                  |   4 +-
 arch/xtensa/include/asm/bitops.h                   |   8 +-
 arch/xtensa/include/asm/cacheflush.h               |  40 +-
 arch/xtensa/include/asm/delay.h                    |   9 +-
 arch/xtensa/include/asm/ftrace.h                   |   2 +-
 arch/xtensa/include/asm/futex.h                    | 147 +++++
 arch/xtensa/include/asm/irq.h                      |   9 +
 arch/xtensa/include/asm/mmu.h                      |  10 +-
 arch/xtensa/include/asm/mmu_context.h              | 106 ++--
 arch/xtensa/include/asm/mxregs.h                   |  46 ++
 arch/xtensa/include/asm/processor.h                |  20 +
 arch/xtensa/include/asm/ptrace.h                   |   8 +
 arch/xtensa/include/asm/smp.h                      |  38 +-
 arch/xtensa/include/asm/spinlock.h                 |  31 +-
 arch/xtensa/include/asm/spinlock_types.h           |  20 +
 arch/xtensa/include/asm/timex.h                    |  14 +-
 arch/xtensa/include/asm/tlbflush.h                 |  42 +-
 arch/xtensa/include/asm/traps.h                    |   1 +
 arch/xtensa/include/asm/vectors.h                  |  12 +-
 arch/xtensa/kernel/Makefile                        |   1 +
 arch/xtensa/kernel/head.S                          | 181 +++++--
 arch/xtensa/kernel/irq.c                           | 207 ++++----
 arch/xtensa/kernel/mxhead.S                        |  85 +++
 arch/xtensa/kernel/setup.c                         |  92 ++--
 arch/xtensa/kernel/smp.c                           | 591 +++++++++++++++++++++
 arch/xtensa/kernel/time.c                          |  56 +-
 arch/xtensa/kernel/traps.c                         |  56 +-
 arch/xtensa/kernel/vmlinux.lds.S                   |  26 +
 arch/xtensa/mm/cache.c                             |   7 +-
 arch/xtensa/mm/fault.c                             |   2 +-
 arch/xtensa/mm/misc.S                              |   4 +-
 arch/xtensa/mm/mmu.c                               |   4 +-
 arch/xtensa/mm/tlb.c                               |  37 +-
 arch/xtensa/platforms/iss/network.c                | 290 ++++------
 .../platforms/xtfpga/include/platform/hardware.h   |   6 +-
 arch/xtensa/variants/s6000/include/variant/irq.h   |   1 -
 drivers/irqchip/Kconfig                            |   4 +
 drivers/irqchip/Makefile                           |   2 +
 drivers/irqchip/irq-xtensa-mx.c                    | 166 ++++++
 drivers/irqchip/irq-xtensa-pic.c                   | 108 ++++
 include/linux/irqchip/xtensa-mx.h                  |  17 +
 include/linux/irqchip/xtensa-pic.h                 |  18 +
 44 files changed, 1988 insertions(+), 588 deletions(-)
 create mode 100644 arch/xtensa/include/asm/futex.h
 create mode 100644 arch/xtensa/include/asm/mxregs.h
 create mode 100644 arch/xtensa/include/asm/spinlock_types.h
 create mode 100644 arch/xtensa/kernel/mxhead.S
 create mode 100644 arch/xtensa/kernel/smp.c
 create mode 100644 drivers/irqchip/irq-xtensa-mx.c
 create mode 100644 drivers/irqchip/irq-xtensa-pic.c
 create mode 100644 include/linux/irqchip/xtensa-mx.h
 create mode 100644 include/linux/irqchip/xtensa-pic.h
Merging btrfs/next (91aef86f3b8a Btrfs: rename btrfs_start_all_delalloc_inodes)
$ git merge btrfs/next
Already up-to-date.
Merging ceph/master (02d794b3142e ceph: allocate non-zero page to fscache in readpage())
$ git merge ceph/master
Auto-merging fs/ceph/super.h
Merge made by the 'recursive' strategy.
 fs/ceph/file.c  | 435 ++++++++++++++++++++++++++++++++++++++++----------------
 fs/ceph/inode.c |  10 ++
 fs/ceph/super.c |   1 +
 fs/ceph/super.h |   1 +
 4 files changed, 321 insertions(+), 126 deletions(-)
Merging cifs/for-next (8446f4e02d3d mounting SMB2 with mapchars fails)
$ git merge cifs/for-next
Merge made by the 'recursive' strategy.
 fs/cifs/cifs_unicode.c | 2 ++
 1 file changed, 2 insertions(+)
Merging configfs/linux-next (b930c26416c4 Merge branch 'for-linus' of git://git.kernel.org/pub/scm/linux/kernel/git/mason/linux-btrfs)
$ git merge configfs/linux-next
Already up-to-date.
Merging ecryptfs/next (2000f5beabc9 eCryptfs: file->private_data is always valid)
$ git merge ecryptfs/next
Already up-to-date.
Merging ext3/for_next (7ba3ec5749dd ext2: Fix fs corruption in ext2_get_xip_mem())
$ git merge ext3/for_next
Already up-to-date.
Merging ext4/dev (3f61c0cc706d ext4: add prototypes for macro-generated functions)
$ git merge ext4/dev
Already up-to-date.
Merging f2fs/dev (899d7625d85a f2fs: refactor bio-related operations)
$ git merge f2fs/dev
Merge made by the 'recursive' strategy.
 fs/f2fs/checkpoint.c        |  83 +++----
 fs/f2fs/data.c              | 348 +++++++++++++++++++++--------
 fs/f2fs/f2fs.h              | 105 ++++++---
 fs/f2fs/file.c              |  48 +---
 fs/f2fs/gc.c                |   4 +-
 fs/f2fs/node.c              |  41 ++--
 fs/f2fs/recovery.c          |   4 +-
 fs/f2fs/segment.c           | 524 ++++++++++++++++++++++++++++----------------
 fs/f2fs/segment.h           |  22 +-
 fs/f2fs/super.c             |  32 ++-
 include/linux/f2fs_fs.h     |   8 +
 include/trace/events/f2fs.h | 107 ++++++---
 12 files changed, 858 insertions(+), 468 deletions(-)
Merging fscache/fscache (7c604e5d6e56 FS-Cache: Fix handling of an attempt to store a page that is now beyond EOF)
$ git merge fscache/fscache
Merge made by the 'recursive' strategy.
 fs/fscache/page.c | 37 ++++++++++++++++++++++++++++++++++++-
 1 file changed, 36 insertions(+), 1 deletion(-)
Merging fuse/for-next (ce128de6260f fuse: writepages: protect secondary requests from fuse file release)
$ git merge fuse/for-next
Already up-to-date.
Merging gfs2/master (7a66e7559ea8 GFS2: Remove gfs2_quota_change_host structure)
$ git merge gfs2/master
Merge made by the 'recursive' strategy.
 fs/gfs2/aops.c   |  18 +++-------
 fs/gfs2/incore.h |   1 +
 fs/gfs2/lops.c   |   1 +
 fs/gfs2/quota.c  |  37 +++++++-------------
 fs/gfs2/rgrp.c   | 103 ++++++++++++++++++++++++++++++++++++++++++-------------
 5 files changed, 98 insertions(+), 62 deletions(-)
Merging jfs/jfs-next (8660998608cf jfs: fix error path in ialloc)
$ git merge jfs/jfs-next
Already up-to-date.
Merging logfs/master (339466142b3f Fix the call to BUG() caused by no free segment found)
$ git merge logfs/master
Auto-merging fs/logfs/super.c
Merge made by the 'recursive' strategy.
 fs/logfs/dev_mtd.c | 2 +-
 fs/logfs/super.c   | 6 +++---
 2 files changed, 4 insertions(+), 4 deletions(-)
Merging nfs/linux-next (c97cf606e43b NFSv4: Update list of irrecoverable errors on DELEGRETURN)
$ git merge nfs/linux-next
Auto-merging include/linux/nfs4.h
Auto-merging fs/nfs/nfs4proc.c
Merge made by the 'recursive' strategy.
 fs/nfs/blocklayout/blocklayout.h |  1 +
 fs/nfs/dns_resolve.c             |  2 ++
 fs/nfs/inode.c                   |  2 +-
 fs/nfs/internal.h                | 15 +++++++++++++++
 fs/nfs/nfs4_fs.h                 |  8 ++++++++
 fs/nfs/nfs4proc.c                | 12 +++++++++---
 include/linux/nfs4.h             | 10 ----------
 include/linux/nfs_fs.h           | 18 ------------------
 8 files changed, 36 insertions(+), 32 deletions(-)
Merging nfsd/nfsd-next (d2c2ad54c485 Merge git://git.kernel.org/pub/scm/linux/kernel/git/davem/net)
$ git merge nfsd/nfsd-next
Already up-to-date.
Merging omfs/for-next (976d167615b6 Linux 3.1-rc9)
$ git merge omfs/for-next
Already up-to-date.
Merging squashfs/master (6d565409503f Squashfs: fix failure to unlock pages on decompress error)
$ git merge squashfs/master
Merge made by the 'recursive' strategy.
 fs/squashfs/file_direct.c | 5 ++++-
 1 file changed, 4 insertions(+), 1 deletion(-)
Merging v9fs/for-next (f94741fd2832 net/9p: remove virtio default hack and set appropriate bits instead)
$ git merge v9fs/for-next
Merge made by the 'recursive' strategy.
 fs/9p/cache.c          |  3 +--
 fs/9p/vfs_file.c       |  2 --
 fs/9p/vfs_inode.c      |  4 +---
 fs/9p/vfs_inode_dotl.c |  8 --------
 fs/9p/xattr.c          | 10 ++++++----
 net/9p/client.c        |  3 ---
 net/9p/trans_fd.c      |  2 +-
 net/9p/trans_virtio.c  |  2 +-
 8 files changed, 10 insertions(+), 24 deletions(-)
Merging ubifs/linux-next (58a4e23703b2 UBIFS: correct data corruption range)
$ git merge ubifs/linux-next
Already up-to-date.
Merging xfs/for-next (2fe8c1c08b3f xfs: open code inc_inode_iversion when logging an inode)
$ git merge xfs/for-next
Already up-to-date.
Merging vfs/for-next (27ac0ffeac80 locks: break delegations on any attribute modification)
$ git merge vfs/for-next
Already up-to-date.
Merging pci/next (6ce4eac1f600 Linux 3.13-rc1)
$ git merge pci/next
Already up-to-date.
Merging hid/for-next (9ac5fb6d7fc1 Merge branch 'for-3.14/i2c-hid' into for-next)
$ git merge hid/for-next
Auto-merging drivers/hid/i2c-hid/i2c-hid.c
Merge made by the 'recursive' strategy.
 drivers/hid/hid-sony.c        | 194 +++++++++++++++++++++---------------------
 drivers/hid/i2c-hid/i2c-hid.c |   2 +
 drivers/hid/usbhid/usbkbd.c   |   2 +-
 3 files changed, 100 insertions(+), 98 deletions(-)
Merging i2c/i2c/for-next (07a27a004727 i2c: bcm2835: Linking platform nodes to adapter nodes)
$ git merge i2c/i2c/for-next
Already up-to-date.
Merging jdelvare-hwmon/master (ee2ccf62e348 hwmon: (it87) Print proper names for the IT8771E and IT8772E)
$ git merge jdelvare-hwmon/master
Merge made by the 'recursive' strategy.
 Documentation/hwmon/it87 |  27 +++++++++----
 drivers/hwmon/Kconfig    |   4 +-
 drivers/hwmon/it87.c     | 101 +++++++++++++++++++++++++++++++++++++++--------
 drivers/hwmon/lm90.c     |   4 +-
 4 files changed, 108 insertions(+), 28 deletions(-)
Merging hwmon-staging/hwmon-next (6ce4eac1f600 Linux 3.13-rc1)
$ git merge hwmon-staging/hwmon-next
Already up-to-date.
Merging v4l-dvb/master (258a9e5cbc63 Merge branch 'patchwork' into to_next)
$ git merge v4l-dvb/master
Merge made by the 'recursive' strategy.
 Documentation/DocBook/media/v4l/vidioc-expbuf.xml |   8 +-
 drivers/media/common/siano/smscoreapi.h           |   4 +-
 drivers/media/common/siano/smsdvb.h               |   2 +-
 drivers/media/dvb-core/dvb_demux.c                |   9 +-
 drivers/media/dvb-frontends/cxd2820r_c.c          |   2 +-
 drivers/media/dvb-frontends/dib8000.c             |   4 +-
 drivers/media/dvb-frontends/drxk_hard.c           |  18 +--
 drivers/media/i2c/adv7183_regs.h                  |   6 +-
 drivers/media/i2c/adv7604.c                       |   2 +-
 drivers/media/i2c/adv7842.c                       |   2 +-
 drivers/media/i2c/ir-kbd-i2c.c                    |   2 +-
 drivers/media/i2c/m5mols/m5mols_controls.c        |   2 +-
 drivers/media/i2c/s5c73m3/s5c73m3-core.c          |   2 +-
 drivers/media/i2c/s5c73m3/s5c73m3.h               |   2 +-
 drivers/media/i2c/saa7115.c                       |   2 +-
 drivers/media/i2c/soc_camera/ov5642.c             |   2 +-
 drivers/media/i2c/ths7303.c                       |   3 +-
 drivers/media/i2c/wm8775.c                        |   4 +-
 drivers/media/pci/bt8xx/bttv-driver.c             |   3 +-
 drivers/media/pci/cx18/cx18-driver.h              |   2 +-
 drivers/media/pci/cx23885/cx23885-417.c           |   2 +-
 drivers/media/pci/pluto2/pluto2.c                 |   2 +-
 drivers/media/pci/saa7164/saa7164-core.c          |   4 +-
 drivers/media/platform/coda.c                     |   2 +-
 drivers/media/platform/exynos4-is/fimc-core.c     |   2 +-
 drivers/media/platform/exynos4-is/media-dev.c     |   2 +-
 drivers/media/platform/marvell-ccic/mmp-driver.c  |  45 +-----
 drivers/media/platform/omap3isp/isp.c             |   2 +-
 drivers/media/platform/s5p-mfc/regs-mfc.h         |   2 +-
 drivers/media/platform/s5p-mfc/s5p_mfc.c          |  12 +-
 drivers/media/platform/s5p-mfc/s5p_mfc_ctrl.c     |   2 +-
 drivers/media/platform/s5p-tv/mixer.h             |   2 +-
 drivers/media/platform/s5p-tv/mixer_video.c       |   4 +-
 drivers/media/platform/soc_camera/omap1_camera.c  |   2 +-
 drivers/media/platform/vivi.c                     |   4 +-
 drivers/media/platform/vsp1/vsp1_drv.c            |   2 +-
 drivers/media/platform/vsp1/vsp1_video.c          |   4 +-
 drivers/media/radio/radio-shark.c                 |   4 +-
 drivers/media/radio/radio-shark2.c                |   4 +-
 drivers/media/radio/radio-si476x.c                |   4 +-
 drivers/media/radio/radio-tea5764.c               |   2 +-
 drivers/media/radio/tef6862.c                     |   2 +-
 drivers/media/rc/imon.c                           |   2 +-
 drivers/media/rc/redrat3.c                        |   2 +-
 drivers/media/tuners/mt2063.c                     |   4 +-
 drivers/media/tuners/tuner-xc2028-types.h         |   2 +-
 drivers/media/usb/cx231xx/cx231xx-cards.c         |   2 +-
 drivers/media/usb/dvb-usb-v2/af9035.c             |   2 +
 drivers/media/usb/dvb-usb-v2/mxl111sf.c           |   4 +-
 drivers/media/usb/dvb-usb/technisat-usb2.c        |   2 +-
 drivers/media/usb/em28xx/em28xx-video.c           |   2 +-
 drivers/media/usb/gspca/gl860/gl860.c             |   2 +-
 drivers/media/usb/gspca/pac207.c                  |   2 +-
 drivers/media/usb/gspca/pac7302.c                 |   2 +-
 drivers/media/usb/gspca/stk1135.c                 |   3 +
 drivers/media/usb/gspca/stv0680.c                 |   2 +-
 drivers/media/usb/gspca/sunplus.c                 |   1 +
 drivers/media/usb/gspca/zc3xx.c                   |   2 +-
 drivers/media/usb/pwc/pwc-if.c                    |   2 +-
 drivers/media/usb/usbtv/usbtv.c                   | 174 +++++++++++++++++-----
 drivers/media/usb/uvc/uvc_video.c                 |   2 +-
 drivers/media/v4l2-core/v4l2-ctrls.c              |   2 +-
 drivers/media/v4l2-core/videobuf2-core.c          |   8 +-
 drivers/media/v4l2-core/videobuf2-dma-contig.c    |   4 +-
 include/media/videobuf2-core.h                    |   2 +-
 65 files changed, 252 insertions(+), 170 deletions(-)
Merging kbuild/for-next (e6483a58eca6 Merge branch 'kbuild/misc' into kbuild/for-next)
$ git merge kbuild/for-next
Merge made by the 'recursive' strategy.
 scripts/package/builddeb | 12 +++++++++++-
 1 file changed, 11 insertions(+), 1 deletion(-)
Merging kconfig/for-next (4eae518d4b01 localmodconfig: Fix localyesconfig to set to 'y' not 'm')
$ git merge kconfig/for-next
Already up-to-date.
Merging libata/for-next (019ab276829a Merge branch 'for-3.13-fixes' into for-next)
$ git merge libata/for-next
Merge made by the 'recursive' strategy.
 drivers/ata/ahci.c        |  60 +++++++++++++++++++----
 drivers/ata/ata_generic.c |   7 ---
 drivers/ata/libata-core.c |   3 ++
 drivers/ata/libata-eh.c   |   5 +-
 drivers/ata/sata_rcar.c   | 118 +++++++++++++++++++++++++++++++++++++++-------
 5 files changed, 158 insertions(+), 35 deletions(-)
Merging pstore/master (bd08ec33b5c2 pstore/ram: Restore ecc information block)
$ git merge pstore/master
Already up-to-date.
Merging pm/linux-next (9483a9f69d5c Merge branch 'acpi-hotplug-next' into linux-next)
$ git merge pm/linux-next
Merge made by the 'recursive' strategy.
 Documentation/acpi/namespace.txt                   |   9 +-
 arch/ia64/hp/common/aml_nfw.c                      |   3 +-
 arch/x86/kernel/apic/apic_flat_64.c                |   4 +-
 arch/x86/kernel/apic/io_apic.c                     |   3 -
 arch/x86/pci/mmconfig_32.c                         |   1 -
 arch/x86/platform/olpc/olpc-xo15-sci.c             |   3 +-
 drivers/acpi/ac.c                                  |   3 +-
 drivers/acpi/acpi_extlog.c                         |   1 -
 drivers/acpi/acpi_lpss.c                           |   1 +
 drivers/acpi/acpi_memhotplug.c                     |  15 +-
 drivers/acpi/acpi_pad.c                            |   3 +-
 drivers/acpi/acpi_processor.c                      |   2 +-
 drivers/acpi/apei/einj.c                           |   1 -
 drivers/acpi/battery.c                             |   3 +-
 drivers/acpi/blacklist.c                           |   1 -
 drivers/acpi/bus.c                                 |  77 +---
 drivers/acpi/button.c                              |   3 +-
 drivers/acpi/container.c                           |  11 +-
 drivers/acpi/custom_method.c                       |   2 +-
 drivers/acpi/debugfs.c                             |   2 +-
 drivers/acpi/device_pm.c                           |  22 +-
 drivers/acpi/dock.c                                |  11 +-
 drivers/acpi/ec.c                                  |   5 +-
 drivers/acpi/event.c                               |   2 +-
 drivers/acpi/fan.c                                 |   3 +-
 drivers/acpi/glue.c                                | 165 +++----
 drivers/acpi/hed.c                                 |   2 -
 drivers/acpi/internal.h                            |   9 +-
 drivers/acpi/numa.c                                |   1 -
 drivers/acpi/osl.c                                 |   9 +-
 drivers/acpi/pci_irq.c                             |   2 -
 drivers/acpi/pci_link.c                            |   4 +-
 drivers/acpi/pci_root.c                            | 126 +-----
 drivers/acpi/power.c                               |   3 +-
 drivers/acpi/proc.c                                |   4 +-
 drivers/acpi/processor_core.c                      |   3 +-
 drivers/acpi/processor_idle.c                      |   4 +-
 drivers/acpi/processor_perflib.c                   |   7 +-
 drivers/acpi/processor_thermal.c                   |   7 +-
 drivers/acpi/processor_throttling.c                |   7 +-
 drivers/acpi/sbshc.c                               |   3 +-
 drivers/acpi/scan.c                                | 482 +++++++++++----------
 drivers/acpi/sleep.c                               |   4 -
 drivers/acpi/sysfs.c                               |   2 +-
 drivers/acpi/thermal.c                             |   5 +-
 drivers/acpi/utils.c                               |   2 -
 drivers/acpi/video.c                               |   5 +-
 drivers/acpi/wakeup.c                              |   1 -
 drivers/ata/libata-acpi.c                          |  28 +-
 drivers/ata/pata_acpi.c                            |   5 +-
 drivers/base/power/main.c                          |   3 +
 drivers/char/hpet.c                                |   7 +-
 drivers/char/tpm/tpm_acpi.c                        |   2 +-
 drivers/char/tpm/tpm_ppi.c                         |   1 -
 drivers/cpufreq/cpufreq-cpu0.c                     |   2 +-
 drivers/cpufreq/cpufreq.c                          |  43 ++
 drivers/cpufreq/spear-cpufreq.c                    |   2 +-
 drivers/gpu/drm/i915/intel_acpi.c                  |   2 -
 drivers/gpu/drm/nouveau/nouveau_acpi.c             |   7 +-
 drivers/gpu/drm/radeon/radeon_acpi.c               |   6 +-
 drivers/hv/vmbus_drv.c                             |   2 -
 drivers/hwmon/acpi_power_meter.c                   |   3 +-
 drivers/hwmon/asus_atk0110.c                       |   6 +-
 drivers/ide/ide-acpi.c                             |  12 +-
 drivers/idle/intel_idle.c                          |   4 +-
 drivers/input/misc/atlas_btns.c                    |   2 +-
 drivers/iommu/amd_iommu_init.c                     |   1 -
 drivers/iommu/intel_irq_remapping.c                |   4 +-
 drivers/mmc/core/sdio_bus.c                        |   2 +-
 drivers/pci/hotplug/acpiphp_glue.c                 |   6 +-
 drivers/pci/hotplug/acpiphp_ibm.c                  |   3 +-
 drivers/pci/hotplug/pciehp.h                       |   2 -
 drivers/pci/ioapic.c                               |   1 -
 drivers/pci/pci-acpi.c                             |  17 +-
 drivers/pci/pci-label.c                            |   1 -
 drivers/pinctrl/pinctrl-baytrail.c                 |   1 +
 drivers/platform/x86/acer-wmi.c                    |   2 -
 drivers/platform/x86/asus-laptop.c                 |   3 +-
 drivers/platform/x86/asus-wmi.c                    |   3 +-
 drivers/platform/x86/classmate-laptop.c            |   3 +-
 drivers/platform/x86/dell-wmi-aio.c                |   1 -
 drivers/platform/x86/dell-wmi.c                    |   1 -
 drivers/platform/x86/eeepc-laptop.c                |   3 +-
 drivers/platform/x86/eeepc-wmi.c                   |   2 +-
 drivers/platform/x86/hp_accel.c                    |   2 +-
 drivers/platform/x86/ideapad-laptop.c              |   3 +-
 drivers/platform/x86/intel-rst.c                   |   2 +-
 drivers/platform/x86/intel-smartconnect.c          |   2 +-
 drivers/platform/x86/intel_menlow.c                |   4 +-
 drivers/platform/x86/intel_oaktrail.c              |   3 -
 drivers/platform/x86/mxm-wmi.c                     |   3 +-
 drivers/platform/x86/panasonic-laptop.c            |   4 +-
 drivers/platform/x86/pvpanic.c                     |   3 +-
 drivers/platform/x86/samsung-q10.c                 |   2 +-
 drivers/platform/x86/sony-laptop.c                 |   4 +-
 drivers/platform/x86/tc1100-wmi.c                  |   4 +-
 drivers/platform/x86/thinkpad_acpi.c               |  14 +-
 drivers/platform/x86/toshiba_acpi.c                |   4 +-
 drivers/platform/x86/toshiba_bluetooth.c           |   4 +-
 drivers/platform/x86/wmi.c                         |   2 -
 drivers/platform/x86/xo15-ebook.c                  |   3 +-
 drivers/pnp/pnpacpi/core.c                         |  22 +-
 drivers/pnp/pnpacpi/pnpacpi.h                      |   1 -
 drivers/sfi/sfi_acpi.c                             |   3 +-
 drivers/staging/quickstart/quickstart.c            |   2 +-
 drivers/usb/core/usb-acpi.c                        |  41 +-
 drivers/xen/xen-acpi-cpuhotplug.c                  |  11 +-
 drivers/xen/xen-acpi-memhotplug.c                  |   8 +-
 drivers/xen/xen-acpi-pad.c                         |   5 +-
 drivers/xen/xen-acpi-processor.c                   |   4 +-
 include/acpi/acpi_bus.h                            |  37 +-
 include/acpi/acpi_drivers.h                        |   3 -
 include/linux/acpi.h                               |   6 +
 include/linux/acpi_io.h                            |   2 +-
 include/linux/cpufreq.h                            |   8 +
 include/linux/ide.h                                |   8 +-
 include/linux/iscsi_ibft.h                         |   2 +-
 include/linux/pci_hotplug.h                        |   3 +-
 include/linux/sfi_acpi.h                           |   2 +-
 include/linux/tboot.h                              |   2 +-
 kernel/power/hibernate.c                           |   1 +
 .../power/cpupower/debug/kernel/cpufreq-test_tsc.c |   5 +-
 122 files changed, 620 insertions(+), 860 deletions(-)
Merging idle/next (8de8187d167c Merge branches 'acpi-blacklist-year' and 'avn-upstream' into release)
$ git merge idle/next
Resolved 'drivers/idle/intel_idle.c' using previous resolution.
Auto-merging drivers/idle/intel_idle.c
CONFLICT (content): Merge conflict in drivers/idle/intel_idle.c
Automatic merge failed; fix conflicts and then commit the result.
$ git commit -v -a
[master c6695c4db078] Merge remote-tracking branch 'idle/next'
$ git diff -M --stat --summary HEAD^..
Merging apm/for-next (fb9d78aca709 Merge branch 'for-linus' of git://git.kernel.org/pub/scm/linux/kernel/git/jikos/apm)
$ git merge apm/for-next
Already up-to-date.
Merging cpupowerutils/master (f16603386b38 cpupower tools: add install target to the debug tools' makefiles)
$ git merge cpupowerutils/master
Already up-to-date.
Merging thermal/next (86e0a0bdf81c Merge branches 'intel_powerclamp', 'tmon' and 'misc' of .git into next)
$ git merge thermal/next
Already up-to-date.
Merging ieee1394/for-next (db9ae8fec7b1 firewire: ohci: Fix deadlock at bus reset)
$ git merge ieee1394/for-next
Already up-to-date.
Merging ubi/linux-next (ae0d14695566 UBI: Add some asserts to ubi_attach_fastmap())
$ git merge ubi/linux-next
Already up-to-date.
Merging dlm/next (a97f4a66d8ee dlm: Avoid that dlm_release_lockspace() incorrectly returns -EBUSY)
$ git merge dlm/next
Already up-to-date.
Merging swiotlb/linux-next (af51a9f1848f swiotlb: Do not export swiotlb_bounce since there are no external consumers)
$ git merge swiotlb/linux-next
Already up-to-date.
Merging slave-dma/next (8dfdf72daeaf Merge branch 'for-linus' into next)
$ git merge slave-dma/next
Resolved 'arch/arm/boot/dts/imx51.dtsi' using previous resolution.
Resolved 'arch/arm/boot/dts/imx53.dtsi' using previous resolution.
Auto-merging arch/arm/boot/dts/imx6sl.dtsi
Auto-merging arch/arm/boot/dts/imx6qdl.dtsi
Auto-merging arch/arm/boot/dts/imx53.dtsi
CONFLICT (content): Merge conflict in arch/arm/boot/dts/imx53.dtsi
Auto-merging arch/arm/boot/dts/imx51.dtsi
CONFLICT (content): Merge conflict in arch/arm/boot/dts/imx51.dtsi
Automatic merge failed; fix conflicts and then commit the result.
$ git commit -v -a
[master acdf1a68e994] Merge remote-tracking branch 'slave-dma/next'
$ git diff -M --stat --summary HEAD^..
 .../devicetree/bindings/dma/fsl-imx-sdma.txt       |   1 +
 arch/arm/boot/dts/imx51.dtsi                       |   4 +-
 arch/arm/boot/dts/imx53.dtsi                       |   4 +-
 arch/arm/boot/dts/imx6qdl.dtsi                     |  12 +-
 arch/arm/boot/dts/imx6sl.dtsi                      |  12 +-
 drivers/dma/imx-sdma.c                             |  19 +-
 drivers/dma/mmp_pdma.c                             | 205 +++++++++++----------
 drivers/dma/mmp_tdma.c                             |   4 +-
 drivers/dma/pl330.c                                |   6 +
 drivers/dma/s3c24xx-dma.c                          |   2 +-
 drivers/dma/sh/rcar-hpbdma.c                       |  11 +-
 include/linux/platform_data/dma-imx-sdma.h         |   5 +
 include/linux/platform_data/dma-imx.h              |   1 +
 sound/soc/fsl/fsl_ssi.c                            |  27 ++-
 14 files changed, 192 insertions(+), 121 deletions(-)
Merging dmaengine/next (82a1402eaee5 dma: mv_xor: Fix mis-usage of mmio 'base' and 'high_base' registers)
$ git merge dmaengine/next
Already up-to-date.
Merging net-next/master (42a2d923cc34 Merge git://git.kernel.org/pub/scm/linux/kernel/git/davem/net-next)
$ git merge net-next/master
Already up-to-date.
Merging ipsec-next/master (9bb8ca86075f virtio-net: switch to use XPS to choose txq)
$ git merge ipsec-next/master
Already up-to-date.
Merging wireless-next/master (9d8506cc2d7e gso: handle new frag_list of frags GRO packets)
$ git merge wireless-next/master
Already up-to-date.
Merging bluetooth/master (c2e1182218ac Bluetooth: Enable autosuspend for Intel Bluetooth device)
$ git merge bluetooth/master
Auto-merging net/bluetooth/smp.c
Merge made by the 'recursive' strategy.
 drivers/bluetooth/ath3k.c       |   4 ++
 drivers/bluetooth/btmrvl_drv.h  |  25 ++++----
 drivers/bluetooth/btmrvl_main.c | 130 ++++++++++------------------------------
 drivers/bluetooth/btmrvl_sdio.c |   9 +--
 drivers/bluetooth/btmrvl_sdio.h |   2 -
 drivers/bluetooth/btusb.c       |   7 ++-
 net/bluetooth/hci_core.c        |  20 ++++---
 net/bluetooth/hci_event.c       |  72 ++++++++++------------
 net/bluetooth/mgmt.c            |  17 +++++-
 net/bluetooth/smp.c             |  16 ++---
 10 files changed, 121 insertions(+), 181 deletions(-)
Merging infiniband/for-next (b4fdf52b3fc8 Merge branches 'cma', 'cxgb4', 'flowsteer', 'ipoib', 'misc', 'mlx4', 'mlx5', 'nes', 'ocrdma', 'qib' and 'srp' into for-next)
$ git merge infiniband/for-next
Already up-to-date.
Merging mtd/master (6ce4eac1f600 Linux 3.13-rc1)
$ git merge mtd/master
Already up-to-date.
Merging l2-mtd/master (e2b856498bb0 mtd: dataflash: remove unnecessary spi_set_drvdata())
$ git merge l2-mtd/master
Auto-merging drivers/mtd/maps/pxa2xx-flash.c
Merge made by the 'recursive' strategy.
 .../devicetree/bindings/mtd/gpmi-nand.txt          |   8 +
 .../devicetree/bindings/mtd/pxa3xx-nand.txt        |   6 +-
 Documentation/mtd/nand/pxa3xx-nand.txt             | 113 ++++
 drivers/mtd/devices/m25p80.c                       | 210 ++++++-
 drivers/mtd/devices/ms02-nv.c                      |   2 +-
 drivers/mtd/devices/mtd_dataflash.c                |   5 +-
 drivers/mtd/maps/pxa2xx-flash.c                    |   2 +-
 drivers/mtd/maps/sun_uflash.c                      |   2 +-
 drivers/mtd/mtdpart.c                              |   2 +-
 drivers/mtd/nand/Kconfig                           |   6 +-
 drivers/mtd/nand/diskonchip.c                      |  10 +-
 drivers/mtd/nand/gpmi-nand/gpmi-lib.c              | 127 ++--
 drivers/mtd/nand/gpmi-nand/gpmi-nand.c             | 165 ++---
 drivers/mtd/nand/gpmi-nand/gpmi-nand.h             |   2 -
 drivers/mtd/nand/mpc5121_nfc.c                     |   6 -
 drivers/mtd/nand/pasemi_nand.c                     |   2 +-
 drivers/mtd/nand/pxa3xx_nand.c                     | 688 ++++++++++++++++-----
 drivers/mtd/ofpart.c                               |   4 +-
 include/linux/mtd/partitions.h                     |   4 +-
 include/linux/platform_data/mtd-nand-pxa3xx.h      |   3 +
 20 files changed, 1005 insertions(+), 362 deletions(-)
 create mode 100644 Documentation/mtd/nand/pxa3xx-nand.txt
Merging crypto/master (f262f0f5cad0 crypto: s390 - Fix aes-cbc IV corruption)
$ git merge crypto/master
Already up-to-date.
Merging drm/drm-next (a3483353ca4e drm: check for !kdev in drm_unplug_minor())
$ git merge drm/drm-next
Already up-to-date.
Merging drm-intel/for-linux-next (be46ffd48ba3 drm/i915: Fix port name in vlv_wait_port_ready() timeout warning)
$ git merge drm-intel/for-linux-next
Recorded preimage for 'drivers/gpu/drm/i915/intel_display.c'
Auto-merging drivers/gpu/drm/i915/intel_uncore.c
Auto-merging drivers/gpu/drm/i915/intel_pm.c
Auto-merging drivers/gpu/drm/i915/intel_opregion.c
Auto-merging drivers/gpu/drm/i915/intel_drv.h
Auto-merging drivers/gpu/drm/i915/intel_dp.c
Auto-merging drivers/gpu/drm/i915/intel_display.c
CONFLICT (content): Merge conflict in drivers/gpu/drm/i915/intel_display.c
Auto-merging drivers/gpu/drm/i915/intel_ddi.c
Auto-merging drivers/gpu/drm/i915/i915_reg.h
Auto-merging drivers/gpu/drm/i915/i915_gem_gtt.c
Auto-merging drivers/gpu/drm/i915/i915_gem_execbuffer.c
Auto-merging drivers/gpu/drm/i915/i915_gem.c
Auto-merging drivers/gpu/drm/i915/i915_drv.h
Auto-merging drivers/gpu/drm/i915/i915_drv.c
Automatic merge failed; fix conflicts and then commit the result.
$ git commit -v -a
Recorded resolution for 'drivers/gpu/drm/i915/intel_display.c'.
[master e578dd7d54bc] Merge remote-tracking branch 'drm-intel/for-linux-next'
$ git diff -M --stat --summary HEAD^..
 drivers/char/Makefile                      |   2 +-
 drivers/char/agp/Kconfig                   |   5 +
 drivers/char/agp/Makefile                  |   2 +-
 drivers/char/agp/intel-agp.c               |   5 -
 drivers/char/agp/intel-gtt.c               |  18 +
 drivers/gpu/drm/i915/Kconfig               |  32 +-
 drivers/gpu/drm/i915/dvo_ns2501.c          |  73 +--
 drivers/gpu/drm/i915/i915_debugfs.c        | 163 ++++--
 drivers/gpu/drm/i915/i915_dma.c            |  22 +-
 drivers/gpu/drm/i915/i915_drv.c            |  42 +-
 drivers/gpu/drm/i915/i915_drv.h            | 143 +++--
 drivers/gpu/drm/i915/i915_gem.c            |   8 +-
 drivers/gpu/drm/i915/i915_gem_context.c    |  45 +-
 drivers/gpu/drm/i915/i915_gem_execbuffer.c |  11 +-
 drivers/gpu/drm/i915/i915_gem_gtt.c        |  26 +-
 drivers/gpu/drm/i915/i915_irq.c            |  17 +-
 drivers/gpu/drm/i915/i915_reg.h            | 217 +++----
 drivers/gpu/drm/i915/i915_suspend.c        |  45 --
 drivers/gpu/drm/i915/i915_sysfs.c          |  35 +-
 drivers/gpu/drm/i915/i915_ums.c            |  27 +
 drivers/gpu/drm/i915/intel_crt.c           |   5 +-
 drivers/gpu/drm/i915/intel_ddi.c           |  37 +-
 drivers/gpu/drm/i915/intel_display.c       | 319 ++++++++---
 drivers/gpu/drm/i915/intel_dp.c            |  44 +-
 drivers/gpu/drm/i915/intel_drv.h           |  25 +-
 drivers/gpu/drm/i915/intel_dsi.c           |   5 +-
 drivers/gpu/drm/i915/intel_dvo.c           |   5 +-
 drivers/gpu/drm/i915/intel_fbdev.c         |  63 ++-
 drivers/gpu/drm/i915/intel_hdmi.c          |  67 +--
 drivers/gpu/drm/i915/intel_i2c.c           |  15 +-
 drivers/gpu/drm/i915/intel_lvds.c          |   5 +-
 drivers/gpu/drm/i915/intel_opregion.c      |  43 +-
 drivers/gpu/drm/i915/intel_panel.c         | 882 +++++++++++++++++++----------
 drivers/gpu/drm/i915/intel_pm.c            | 396 +++++++------
 drivers/gpu/drm/i915/intel_ringbuffer.c    |  22 +-
 drivers/gpu/drm/i915/intel_sdvo.c          |  60 +-
 drivers/gpu/drm/i915/intel_sideband.c      |  29 +-
 drivers/gpu/drm/i915/intel_sprite.c        |  18 +
 drivers/gpu/drm/i915/intel_uncore.c        | 275 +++++++--
 include/uapi/drm/i915_drm.h                |  19 +
 40 files changed, 2088 insertions(+), 1184 deletions(-)
Merging drm-tegra/drm/for-next (977386a04bae drm/tegra: Reserve syncpoint base for gr3d)
$ git merge drm-tegra/drm/for-next
Already up-to-date.
Merging sound/for-next (7f132927435c ALSA: hda - allow a codec to define its own depop delay time)
$ git merge sound/for-next
Auto-merging sound/pci/hda/patch_realtek.c
Removing sound/pci/cs46xx/imgs/cwcsnoop.h
Removing sound/pci/cs46xx/imgs/cwcdma.h
Removing sound/pci/cs46xx/imgs/cwcdma.asp
Removing sound/pci/cs46xx/imgs/cwcbinhack.h
Removing sound/pci/cs46xx/imgs/cwcasync.h
Removing sound/pci/cs46xx/imgs/cwc4630.h
Removing sound/pci/cs46xx/cs46xx_image.h
Merge made by the 'recursive' strategy.
 sound/pci/Kconfig                  |    1 +
 sound/pci/cs46xx/cs46xx.h          |    5 +
 sound/pci/cs46xx/cs46xx_image.h    | 3468 ------------------------------------
 sound/pci/cs46xx/cs46xx_lib.c      |  265 ++-
 sound/pci/cs46xx/imgs/cwc4630.h    |  320 ----
 sound/pci/cs46xx/imgs/cwcasync.h   |  176 --
 sound/pci/cs46xx/imgs/cwcbinhack.h |   48 -
 sound/pci/cs46xx/imgs/cwcdma.asp   |  170 --
 sound/pci/cs46xx/imgs/cwcdma.h     |   68 -
 sound/pci/cs46xx/imgs/cwcsnoop.h   |   46 -
 sound/pci/hda/Makefile             |    5 +-
 sound/pci/hda/hda_codec.c          |  211 ++-
 sound/pci/hda/hda_codec.h          |   12 +-
 sound/pci/hda/hda_generic.c        |    4 +
 sound/pci/hda/hda_intel.c          |    2 +-
 sound/pci/hda/hda_local.h          |    8 +-
 sound/pci/hda/patch_hdmi.c         |   24 +-
 sound/pci/hda/patch_realtek.c      |   61 +-
 18 files changed, 475 insertions(+), 4419 deletions(-)
 delete mode 100644 sound/pci/cs46xx/cs46xx_image.h
 delete mode 100644 sound/pci/cs46xx/imgs/cwc4630.h
 delete mode 100644 sound/pci/cs46xx/imgs/cwcasync.h
 delete mode 100644 sound/pci/cs46xx/imgs/cwcbinhack.h
 delete mode 100644 sound/pci/cs46xx/imgs/cwcdma.asp
 delete mode 100644 sound/pci/cs46xx/imgs/cwcdma.h
 delete mode 100644 sound/pci/cs46xx/imgs/cwcsnoop.h
Merging sound-asoc/for-next (cae0118cb16a Merge remote-tracking branches 'asoc/topic/ad193x', 'asoc/topic/adav80x', 'asoc/topic/ak4641', 'asoc/topic/ak4642', 'asoc/topic/arizona', 'asoc/topic/bcm2835', 'asoc/topic/cs4271', 'asoc/topic/cs42l52', 'asoc/topic/da7210', 'asoc/topic/fsl', 'asoc/topic/hdmi', 'asoc/topic/jack', 'asoc/topic/omap', 'asoc/topic/rcar', 'asoc/topic/spear', 'asoc/topic/ssm2602', 'asoc/topic/uda1380', 'asoc/topic/ux500', 'asoc/topic/wm8510', 'asoc/topic/wm8523', 'asoc/topic/wm8580', 'asoc/topic/wm8711', 'asoc/topic/wm8728', 'asoc/topic/wm8731', 'asoc/topic/wm8741', 'asoc/topic/wm8750', 'asoc/topic/wm8753', 'asoc/topic/wm8776', 'asoc/topic/wm8804', 'asoc/topic/wm8900', 'asoc/topic/wm8901', 'asoc/topic/wm8940', 'asoc/topic/wm8962', 'asoc/topic/wm8974', 'asoc/topic/wm8985', 'asoc/topic/wm8988', 'asoc/topic/wm8990', 'asoc/topic/wm8991', 'asoc/topic/wm8994', 'asoc/topic/wm8995', 'asoc/topic/wm9081' and 'asoc/topic/x86' into asoc-next)
$ git merge sound-asoc/for-next
Auto-merging sound/soc/fsl/fsl_ssi.c
Merge made by the 'recursive' strategy.
 .../devicetree/bindings/sound/bcm2835-i2s.txt      |  25 +
 .../devicetree/bindings/sound/cs42l52.txt          |  46 ++
 drivers/mfd/wm5110-tables.c                        | 137 +++-
 include/linux/mfd/arizona/registers.h              | 158 ++++
 include/sound/cs42l52.h                            |  14 +-
 include/sound/dmaengine_pcm.h                      |   4 +
 include/sound/rcar_snd.h                           |   2 +-
 include/sound/soc-dai.h                            |   6 +
 include/sound/soc-dapm.h                           |   3 +-
 include/sound/soc.h                                |  17 +-
 sound/soc/Kconfig                                  |   3 +-
 sound/soc/Makefile                                 |   3 +-
 sound/soc/atmel/sam9x5_wm8731.c                    |   2 +
 sound/soc/bcm/Kconfig                              |  10 +
 sound/soc/bcm/Makefile                             |   5 +
 sound/soc/bcm/bcm2835-i2s.c                        | 886 +++++++++++++++++++++
 sound/soc/codecs/Kconfig                           |   2 +
 sound/soc/codecs/ad193x.c                          |   6 +-
 sound/soc/codecs/adav80x.c                         |   6 +-
 sound/soc/codecs/ak4641.c                          |  38 +-
 sound/soc/codecs/ak4642.c                          |   6 +-
 sound/soc/codecs/arizona.c                         |  18 +
 sound/soc/codecs/arizona.h                         |   3 +-
 sound/soc/codecs/cs4271.c                          |   8 +-
 sound/soc/codecs/cs42l52.c                         | 105 ++-
 sound/soc/codecs/da7210.c                          |   6 +-
 sound/soc/codecs/hdmi.c                            |   2 +-
 sound/soc/codecs/ssm2602.c                         |   6 +-
 sound/soc/codecs/uda1380.c                         |   6 +-
 sound/soc/codecs/wm5110.c                          | 389 ++++++++-
 sound/soc/codecs/wm8510.c                          |   6 +-
 sound/soc/codecs/wm8523.c                          |   6 +-
 sound/soc/codecs/wm8580.c                          |   6 +-
 sound/soc/codecs/wm8711.c                          |   6 +-
 sound/soc/codecs/wm8728.c                          |   6 +-
 sound/soc/codecs/wm8731.c                          |   6 +-
 sound/soc/codecs/wm8741.c                          |   6 +-
 sound/soc/codecs/wm8750.c                          |   6 +-
 sound/soc/codecs/wm8753.c                          |   6 +-
 sound/soc/codecs/wm8776.c                          |   6 +-
 sound/soc/codecs/wm8804.c                          |   6 +-
 sound/soc/codecs/wm8900.c                          |   6 +-
 sound/soc/codecs/wm8940.c                          | 221 ++---
 sound/soc/codecs/wm8962.c                          |   4 +-
 sound/soc/codecs/wm8974.c                          |  54 +-
 sound/soc/codecs/wm8985.c                          |   6 +-
 sound/soc/codecs/wm8988.c                          |   6 +-
 sound/soc/codecs/wm8990.c                          | 258 +++---
 sound/soc/codecs/wm8990.h                          |   9 -
 sound/soc/codecs/wm8991.c                          | 293 +++----
 sound/soc/codecs/wm8991.h                          |   9 -
 sound/soc/codecs/wm8994.c                          |  11 +-
 sound/soc/codecs/wm8995.c                          |   6 +-
 sound/soc/codecs/wm9081.c                          |   2 +-
 sound/soc/codecs/wm_adsp.c                         |   1 +
 sound/soc/fsl/fsl_ssi.c                            |  57 +-
 sound/soc/{mid-x86 => intel}/Kconfig               |   0
 sound/soc/{mid-x86 => intel}/Makefile              |   0
 sound/soc/{mid-x86 => intel}/mfld_machine.c        |   0
 sound/soc/{mid-x86 => intel}/sst_dsp.h             |   0
 sound/soc/{mid-x86 => intel}/sst_platform.c        |   0
 sound/soc/{mid-x86 => intel}/sst_platform.h        |   0
 sound/soc/kirkwood/kirkwood-i2s.c                  |  22 +-
 sound/soc/omap/mcbsp.c                             |  12 +-
 sound/soc/omap/omap-dmic.c                         |   4 +-
 sound/soc/omap/omap-mcpdm.c                        |   4 +-
 sound/soc/sh/Kconfig                               |   1 +
 sound/soc/sh/rcar/gen.c                            | 248 +++---
 sound/soc/sh/rcar/rsnd.h                           |  16 +-
 sound/soc/sh/rcar/ssi.c                            |   3 +
 sound/soc/soc-core.c                               |   4 +-
 sound/soc/soc-devres.c                             |  41 +
 sound/soc/soc-io.c                                 |   4 +-
 sound/soc/soc-pcm.c                                | 158 +++-
 sound/soc/spear/spear_pcm.c                        |   9 +-
 sound/soc/ux500/mop500.c                           |   2 +
 sound/soc/ux500/ux500_msp_dai.c                    |  42 +-
 sound/soc/ux500/ux500_msp_i2s.c                    |  56 +-
 sound/soc/ux500/ux500_pcm.c                        |   4 -
 79 files changed, 2754 insertions(+), 807 deletions(-)
 create mode 100644 Documentation/devicetree/bindings/sound/bcm2835-i2s.txt
 create mode 100644 Documentation/devicetree/bindings/sound/cs42l52.txt
 create mode 100644 sound/soc/bcm/Kconfig
 create mode 100644 sound/soc/bcm/Makefile
 create mode 100644 sound/soc/bcm/bcm2835-i2s.c
 rename sound/soc/{mid-x86 => intel}/Kconfig (100%)
 rename sound/soc/{mid-x86 => intel}/Makefile (100%)
 rename sound/soc/{mid-x86 => intel}/mfld_machine.c (100%)
 rename sound/soc/{mid-x86 => intel}/sst_dsp.h (100%)
 rename sound/soc/{mid-x86 => intel}/sst_platform.c (100%)
 rename sound/soc/{mid-x86 => intel}/sst_platform.h (100%)
Merging modules/modules-next (b6568b1a19ad modpost: fix bogus 'exported twice' warnings.)
$ git merge modules/modules-next
Already up-to-date.
Merging virtio/virtio-next (cdd77e87eae5 x86, asmlinkage, lguest: Pass in globals into assembler statement)
$ git merge virtio/virtio-next
Already up-to-date.
Merging input/next (976358e23435 Input: add a new driver for GPIO beeper)
$ git merge input/next
Auto-merging drivers/input/tablet/wacom_wac.c
Auto-merging drivers/input/tablet/wacom_sys.c
Auto-merging arch/sh/boards/mach-ecovec24/setup.c
Merge made by the 'recursive' strategy.
 .../devicetree/bindings/input/gpio-beeper.txt      |  13 ++
 .../bindings/input/touchscreen/tsc2007.txt         |  41 ++++
 .../bindings/input/twl4030-pwrbutton.txt           |  21 ++
 arch/arm/mach-imx/mach-cpuimx35.c                  |   2 +-
 arch/arm/mach-imx/mach-cpuimx51sd.c                |   2 +-
 arch/sh/boards/mach-ecovec24/setup.c               |   2 +-
 drivers/input/misc/Kconfig                         |   9 +
 drivers/input/misc/Makefile                        |   1 +
 drivers/input/misc/gpio-beeper.c                   | 127 ++++++++++++
 drivers/input/misc/twl4030-pwrbutton.c             |  46 ++---
 drivers/input/serio/pcips2.c                       |   1 -
 drivers/input/tablet/wacom_sys.c                   |  13 +-
 drivers/input/tablet/wacom_wac.c                   |  65 ++++--
 drivers/input/tablet/wacom_wac.h                   |   2 +
 drivers/input/touchscreen/tsc2007.c                | 230 ++++++++++++++-------
 include/linux/i2c/tsc2007.h                        |   8 +-
 16 files changed, 455 insertions(+), 128 deletions(-)
 create mode 100644 Documentation/devicetree/bindings/input/gpio-beeper.txt
 create mode 100644 Documentation/devicetree/bindings/input/touchscreen/tsc2007.txt
 create mode 100644 Documentation/devicetree/bindings/input/twl4030-pwrbutton.txt
 create mode 100644 drivers/input/misc/gpio-beeper.c
Merging input-mt/for-next (5e01dc7b26d9 Linux 3.12)
$ git merge input-mt/for-next
Already up-to-date.
Merging cgroup/for-next (717a24e62220 Merge branch 'for-3.14' into for-next)
$ git merge cgroup/for-next
Merge made by the 'recursive' strategy.
 Documentation/cgroups/cgroups.txt |  20 --
 include/linux/cgroup.h            |  29 +-
 include/linux/vmpressure.h        |   8 +-
 init/Kconfig                      |   3 +-
 kernel/cgroup.c                   | 574 ++++++++++++++------------------------
 mm/memcontrol.c                   | 353 ++++++++++++++++++++---
 mm/vmpressure.c                   |  26 +-
 7 files changed, 539 insertions(+), 474 deletions(-)
Merging block/for-next (3bca3547dd4a Merge branch 'for-3.14/core' into for-next)
$ git merge block/for-next
Resolved 'fs/f2fs/data.c' using previous resolution.
Resolved 'fs/f2fs/segment.c' using previous resolution.
Resolved 'include/trace/events/f2fs.h' using previous resolution.
Auto-merging include/trace/events/f2fs.h
CONFLICT (content): Merge conflict in include/trace/events/f2fs.h
Auto-merging fs/gfs2/lops.c
Auto-merging fs/f2fs/segment.c
CONFLICT (content): Merge conflict in fs/f2fs/segment.c
Auto-merging fs/f2fs/data.c
CONFLICT (content): Merge conflict in fs/f2fs/data.c
Auto-merging drivers/staging/zram/zram_drv.c
Auto-merging drivers/s390/block/dasd_eckd.c
Auto-merging drivers/md/raid5.c
Auto-merging drivers/md/md.c
Automatic merge failed; fix conflicts and then commit the result.
$ git commit -v -a
[master c2f02c5ee0f0] Merge remote-tracking branch 'block/for-next'
$ git diff -M --stat --summary HEAD^..
 Documentation/block/biodoc.txt              |   7 +-
 Documentation/block/biovecs.txt             | 111 ++++++
 arch/m68k/emu/nfblock.c                     |  13 +-
 arch/powerpc/sysdev/axonram.c               |  21 +-
 block/blk-core.c                            |  40 +--
 block/blk-flush.c                           |  21 +-
 block/blk-integrity.c                       |  40 ++-
 block/blk-lib.c                             |  12 +-
 block/blk-map.c                             |   6 +-
 block/blk-merge.c                           |  72 ++--
 block/blk-mq.c                              |   2 +-
 block/blk-throttle.c                        |  14 +-
 block/elevator.c                            |   2 +-
 drivers/block/aoe/aoe.h                     |  10 +-
 drivers/block/aoe/aoecmd.c                  | 153 ++++-----
 drivers/block/brd.c                         |  16 +-
 drivers/block/drbd/drbd_actlog.c            |   2 +-
 drivers/block/drbd/drbd_bitmap.c            |   2 +-
 drivers/block/drbd/drbd_main.c              |  27 +-
 drivers/block/drbd/drbd_receiver.c          |  19 +-
 drivers/block/drbd/drbd_req.c               |   6 +-
 drivers/block/drbd/drbd_req.h               |   2 +-
 drivers/block/drbd/drbd_worker.c            |   8 +-
 drivers/block/floppy.c                      |  16 +-
 drivers/block/loop.c                        |  27 +-
 drivers/block/mtip32xx/mtip32xx.c           |  20 +-
 drivers/block/nbd.c                         |  14 +-
 drivers/block/nvme-core.c                   | 142 ++------
 drivers/block/pktcdvd.c                     | 182 +++++-----
 drivers/block/ps3disk.c                     |  17 +-
 drivers/block/ps3vram.c                     |  12 +-
 drivers/block/rbd.c                         |  91 +----
 drivers/block/rsxx/dev.c                    |   6 +-
 drivers/block/rsxx/dma.c                    |  15 +-
 drivers/block/umem.c                        |  53 ++-
 drivers/block/xen-blkback/blkback.c         |   2 +-
 drivers/block/xen-blkfront.c                |   2 +-
 drivers/md/bcache/bcache.h                  |   2 -
 drivers/md/bcache/btree.c                   |   8 +-
 drivers/md/bcache/debug.c                   |  21 +-
 drivers/md/bcache/io.c                      | 196 ++---------
 drivers/md/bcache/journal.c                 |  12 +-
 drivers/md/bcache/movinggc.c                |   4 +-
 drivers/md/bcache/request.c                 | 131 +++-----
 drivers/md/bcache/super.c                   |  20 +-
 drivers/md/bcache/util.c                    |   4 +-
 drivers/md/bcache/writeback.c               |   6 +-
 drivers/md/bcache/writeback.h               |   2 +-
 drivers/md/dm-bio-record.h                  |  37 +-
 drivers/md/dm-bufio.c                       |   2 +-
 drivers/md/dm-cache-policy-mq.c             |   4 +-
 drivers/md/dm-cache-target.c                |  28 +-
 drivers/md/dm-crypt.c                       |  64 ++--
 drivers/md/dm-delay.c                       |   7 +-
 drivers/md/dm-flakey.c                      |   7 +-
 drivers/md/dm-io.c                          |  37 +-
 drivers/md/dm-linear.c                      |   3 +-
 drivers/md/dm-raid1.c                       |  20 +-
 drivers/md/dm-region-hash.c                 |   3 +-
 drivers/md/dm-snap.c                        |  19 +-
 drivers/md/dm-stripe.c                      |  13 +-
 drivers/md/dm-switch.c                      |   4 +-
 drivers/md/dm-thin.c                        |  30 +-
 drivers/md/dm-verity.c                      |  62 ++--
 drivers/md/dm.c                             | 189 ++---------
 drivers/md/faulty.c                         |  19 +-
 drivers/md/linear.c                         |  96 +++---
 drivers/md/md.c                             |  24 +-
 drivers/md/multipath.c                      |  13 +-
 drivers/md/raid0.c                          |  79 ++---
 drivers/md/raid1.c                          |  75 +++--
 drivers/md/raid10.c                         | 194 +++++------
 drivers/md/raid5.c                          |  84 ++---
 drivers/message/fusion/mptsas.c             |   8 +-
 drivers/s390/block/dasd_diag.c              |  10 +-
 drivers/s390/block/dasd_eckd.c              |  48 +--
 drivers/s390/block/dasd_fba.c               |  26 +-
 drivers/s390/block/dcssblk.c                |  21 +-
 drivers/s390/block/scm_blk.c                |   8 +-
 drivers/s390/block/scm_blk_cluster.c        |   4 +-
 drivers/s390/block/xpram.c                  |  19 +-
 drivers/scsi/libsas/sas_expander.c          |   8 +-
 drivers/scsi/mpt2sas/mpt2sas_transport.c    |  41 +--
 drivers/scsi/mpt3sas/mpt3sas_transport.c    |  39 +--
 drivers/scsi/osd/osd_initiator.c            |   2 +-
 drivers/scsi/sd.c                           |   2 +-
 drivers/scsi/sd_dif.c                       |  30 +-
 drivers/staging/lustre/lustre/llite/lloop.c |  26 +-
 drivers/staging/zram/zram_drv.c             |  33 +-
 drivers/target/target_core_iblock.c         |   2 +-
 fs/bio-integrity.c                          | 179 +++-------
 fs/bio.c                                    | 502 +++++++++++++---------------
 fs/btrfs/check-integrity.c                  |  40 +--
 fs/btrfs/check-integrity.h                  |   2 +
 fs/btrfs/compression.c                      |  27 +-
 fs/btrfs/disk-io.c                          |  11 +-
 fs/btrfs/extent_io.c                        |  61 ++--
 fs/btrfs/file-item.c                        |  19 +-
 fs/btrfs/inode.c                            |  37 +-
 fs/btrfs/raid56.c                           |  22 +-
 fs/btrfs/scrub.c                            |  45 +--
 fs/btrfs/volumes.c                          |  12 +-
 fs/buffer.c                                 |  12 +-
 fs/direct-io.c                              |   4 +-
 fs/ext4/page-io.c                           |   8 +-
 fs/f2fs/data.c                              |  34 +-
 fs/gfs2/lops.c                              |   2 +-
 fs/gfs2/ops_fstype.c                        |   2 +-
 fs/hfsplus/wrapper.c                        |  19 +-
 fs/jfs/jfs_logmgr.c                         |  12 +-
 fs/jfs/jfs_metapage.c                       |   9 +-
 fs/logfs/dev_bdev.c                         |  53 ++-
 fs/mpage.c                                  |  19 +-
 fs/nfs/blocklayout/blocklayout.c            |  43 +--
 fs/nilfs2/segbuf.c                          |   3 +-
 fs/ocfs2/cluster/heartbeat.c                |   2 +-
 fs/xfs/xfs_aops.c                           |   2 +-
 fs/xfs/xfs_buf.c                            |   4 +-
 include/linux/bio.h                         | 283 ++++++++++------
 include/linux/blk_types.h                   |  24 +-
 include/linux/blkdev.h                      |   9 +-
 include/linux/ceph/messenger.h              |   4 +-
 include/linux/dm-io.h                       |   4 +-
 include/trace/events/bcache.h               |  26 +-
 include/trace/events/block.h                |  26 +-
 include/trace/events/f2fs.h                 |   4 +-
 kernel/power/block_io.c                     |   2 +-
 kernel/trace/blktrace.c                     |  15 +-
 mm/bounce.c                                 |  44 ++-
 mm/page_io.c                                |  10 +-
 net/ceph/messenger.c                        |  43 +--
 131 files changed, 2072 insertions(+), 2658 deletions(-)
 create mode 100644 Documentation/block/biovecs.txt
Merging device-mapper/for-next (f0417b93a59e dm cache: update Documentation for invalidate_cblocks's range syntax)
$ git merge device-mapper/for-next
Auto-merging drivers/md/dm-delay.c
Auto-merging drivers/md/dm-cache-policy-mq.c
Merge made by the 'recursive' strategy.
 Documentation/device-mapper/cache.txt | 10 ++++---
 drivers/md/dm-cache-policy-mq.c       | 16 ++++++-----
 drivers/md/dm-delay.c                 | 52 ++++++++++-------------------------
 3 files changed, 30 insertions(+), 48 deletions(-)
Merging embedded/master (4744b43431e8 embedded: fix vc_translate operator precedence)
$ git merge embedded/master
Already up-to-date.
Merging firmware/master (6e03a201bbe8 firmware: speed up request_firmware(), v3)
$ git merge firmware/master
Already up-to-date.
Merging pcmcia/master (80af9e6d7ae6 pcmcia at91_cf: fix raw gpio number usage)
$ git merge pcmcia/master
Already up-to-date.
Merging mmc/mmc-next (e395c4387c74 mmc: wbsd: Silence compiler warning)
$ git merge mmc/mmc-next
Already up-to-date.
Merging kgdb/kgdb-next (6bedf31c25dd kdb: Remove unhandled ssb command)
$ git merge kgdb/kgdb-next
Resolved 'kernel/debug/debug_core.h' using previous resolution.
Auto-merging kernel/debug/debug_core.h
CONFLICT (content): Merge conflict in kernel/debug/debug_core.h
Automatic merge failed; fix conflicts and then commit the result.
$ git commit -v -a
[master 78943b54ef23] Merge remote-tracking branch 'kgdb/kgdb-next'
$ git diff -M --stat --summary HEAD^..
Merging slab/for-next (a8c0b0837359 Merge branch 'slab/next' into for-next)
$ git merge slab/for-next
Already up-to-date!
Merge made by the 'recursive' strategy.
Merging uclinux/for-next (6dbe51c251a3 Linux 3.9-rc1)
$ git merge uclinux/for-next
Already up-to-date.
Merging md/for-next (6d183de40771 md/raid5: fix newly-broken locking in get_active_stripe.)
$ git merge md/for-next
Already up-to-date.
Merging mfd/master (90b128ed1557 Merge tag 'mfd-lee-3.13-3' of git://git.linaro.org/people/ljones/mfd)
$ git merge mfd/master
Already up-to-date.
Merging mfd-lj/for-mfd-next (6bc07e69d302 mfd: sec: Constify regmap configs and regmap irqs)
$ git merge mfd-lj/for-mfd-next
Auto-merging drivers/staging/nvec/nvec.c
Auto-merging drivers/mfd/wm5110-tables.c
Auto-merging drivers/mfd/Kconfig
Merge made by the 'recursive' strategy.
 drivers/mfd/88pm800.c                |   4 +-
 drivers/mfd/88pm805.c                |   2 +-
 drivers/mfd/Kconfig                  |  13 ++
 drivers/mfd/Makefile                 |   1 +
 drivers/mfd/ab8500-core.c            |  14 +-
 drivers/mfd/ab8500-debugfs.c         |   5 +-
 drivers/mfd/arizona-core.c           |   8 +-
 drivers/mfd/as3722.c                 |   5 +-
 drivers/mfd/asic3.c                  |   4 +-
 drivers/mfd/cros_ec.c                |   2 +-
 drivers/mfd/cros_ec_i2c.c            |   8 +-
 drivers/mfd/cros_ec_spi.c            |  19 +-
 drivers/mfd/da9052-core.c            |   2 +-
 drivers/mfd/da9055-core.c            |   2 +-
 drivers/mfd/da9063-core.c            |   2 +-
 drivers/mfd/db8500-prcmu.c           |   4 +-
 drivers/mfd/htc-pasic3.c             |   2 +-
 drivers/mfd/intel_msic.c             |   2 +-
 drivers/mfd/jz4740-adc.c             |   2 +-
 drivers/mfd/lp8788.c                 |   2 +-
 drivers/mfd/max14577.c               | 246 ++++++++++++++++++++++++++
 drivers/mfd/max77686.c               |   2 +-
 drivers/mfd/max77693.c               |   2 +-
 drivers/mfd/max8907.c                |   2 +-
 drivers/mfd/max8925-core.c           |   8 +-
 drivers/mfd/max8997.c                |   2 +-
 drivers/mfd/max8998.c                |   4 +-
 drivers/mfd/mc13xxx-spi.c            |   1 -
 drivers/mfd/omap-usb-host.c          |   8 +-
 drivers/mfd/omap-usb-tll.c           |   8 +-
 drivers/mfd/rc5t583.c                |   2 +-
 drivers/mfd/rdc321x-southbridge.c    |   2 +-
 drivers/mfd/retu-mfd.c               |   6 +-
 drivers/mfd/sec-core.c               |  56 +++++-
 drivers/mfd/sec-irq.c                |  12 +-
 drivers/mfd/stmpe.c                  |  10 +-
 drivers/mfd/stmpe.h                  |   2 +-
 drivers/mfd/tc3589x.c                |   4 +-
 drivers/mfd/tc6387xb.c               |   2 +-
 drivers/mfd/timberdale.c             |  12 +-
 drivers/mfd/tps6507x.c               |   2 +-
 drivers/mfd/tps65090.c               |   2 +-
 drivers/mfd/tps65217.c               |   2 +-
 drivers/mfd/tps6586x.c               |   2 +-
 drivers/mfd/tps65910.c               |   2 +-
 drivers/mfd/tps65912-core.c          |   2 +-
 drivers/mfd/tps80031.c               |   2 +-
 drivers/mfd/viperboard.c             |   2 +-
 drivers/mfd/vx855.c                  |   2 +-
 drivers/mfd/wm5110-tables.c          |   2 +-
 drivers/mfd/wm831x-core.c            |  14 +-
 drivers/mfd/wm8994-core.c            |   4 +-
 drivers/staging/nvec/nvec.c          |   2 +-
 include/linux/mfd/max14577-private.h | 330 +++++++++++++++++++++++++++++++++++
 include/linux/mfd/max14577.h         |  69 ++++++++
 55 files changed, 819 insertions(+), 114 deletions(-)
 create mode 100644 drivers/mfd/max14577.c
 create mode 100644 include/linux/mfd/max14577-private.h
 create mode 100644 include/linux/mfd/max14577.h
Merging battery/master (d36240d26025 power_supply: Add power_supply notifier)
$ git merge battery/master
Merge made by the 'recursive' strategy.
 drivers/power/Kconfig             |  1 +
 drivers/power/power_supply_core.c | 30 ++++++++++++++++++++++++------
 include/linux/power_supply.h      |  8 ++++++++
 3 files changed, 33 insertions(+), 6 deletions(-)
Merging fbdev/for-next (718b90ac4c21 video: xilinxfb: Simplify error path)
$ git merge fbdev/for-next
Already up-to-date.
Merging viafb/viafb-next (838ac785d521 viafb: avoid refresh and mode lookup in set_par)
$ git merge viafb/viafb-next
Already up-to-date.
Merging omap_dss2/for-next (3a41c5dbe8bc fb: reorder the lock sequence to fix potential dead lock)
$ git merge omap_dss2/for-next
Already up-to-date.
Merging regulator/for-next (1ce574f541f2 Merge remote-tracking branches 'regulator/topic/arizona', 'regulator/topic/lp3971', 'regulator/topic/lp3972' and 'regulator/topic/tps51632' into regulator-next)
$ git merge regulator/for-next
Merge made by the 'recursive' strategy.
 drivers/regulator/arizona-micsupp.c    | 52 +++++++---------------------------
 drivers/regulator/as3722-regulator.c   |  2 +-
 drivers/regulator/core.c               | 11 +++++--
 drivers/regulator/lp3971.c             | 43 ++++------------------------
 drivers/regulator/lp3972.c             | 41 ++++-----------------------
 drivers/regulator/tps51632-regulator.c |  2 +-
 6 files changed, 33 insertions(+), 118 deletions(-)
Merging security/next (217091dd7a7a ima: define '_ima' as a builtin 'trusted' keyring)
$ git merge security/next
Already up-to-date.
Merging selinux/master (94851b18d4eb Merge tag 'v3.12')
$ git merge selinux/master
Already up-to-date!
Merge made by the 'recursive' strategy.
Merging lblnet/master (07bc9dc1b01b Merge branch 'merge' of git://git.kernel.org/pub/scm/linux/kernel/git/benh/powerpc)
$ git merge lblnet/master
Already up-to-date.
Merging watchdog/master (608564867a38 watchdog: Drop unnecessary include of miscdevice.h)
$ git merge watchdog/master
Resolved 'drivers/watchdog/rt2880_wdt.c' using previous resolution.
Auto-merging drivers/watchdog/ux500_wdt.c
Auto-merging drivers/watchdog/txx9wdt.c
Auto-merging drivers/watchdog/stmp3xxx_rtc_wdt.c
Auto-merging drivers/watchdog/softdog.c
Auto-merging drivers/watchdog/shwdt.c
Auto-merging drivers/watchdog/rt2880_wdt.c
CONFLICT (add/add): Merge conflict in drivers/watchdog/rt2880_wdt.c
Auto-merging drivers/watchdog/pnx4008_wdt.c
Auto-merging drivers/watchdog/orion_wdt.c
Auto-merging drivers/watchdog/max63xx_wdt.c
Auto-merging drivers/watchdog/kempld_wdt.c
Auto-merging drivers/watchdog/jz4740_wdt.c
Auto-merging drivers/watchdog/ie6xx_wdt.c
Auto-merging drivers/watchdog/ep93xx_wdt.c
Auto-merging drivers/watchdog/bcm2835_wdt.c
Auto-merging arch/arm/boot/dts/sama5d3.dtsi
Auto-merging arch/arm/boot/dts/at91sam9x5.dtsi
Auto-merging arch/arm/boot/dts/at91sam9n12.dtsi
Automatic merge failed; fix conflicts and then commit the result.
$ git commit -v -a
[master 90b13ef847d0] Merge remote-tracking branch 'watchdog/master'
$ git diff -M --stat --summary HEAD^..
 .../devicetree/bindings/watchdog/atmel-wdt.txt     |  30 +-
 arch/arm/boot/dts/at91sam9260.dtsi                 |   5 +
 arch/arm/boot/dts/at91sam9263.dtsi                 |   5 +
 arch/arm/boot/dts/at91sam9g45.dtsi                 |   5 +
 arch/arm/boot/dts/at91sam9n12.dtsi                 |   5 +
 arch/arm/boot/dts/at91sam9x5.dtsi                  |   5 +
 arch/arm/boot/dts/kizbox.dts                       |   6 +
 arch/arm/boot/dts/sama5d3.dtsi                     |   5 +
 drivers/watchdog/at91sam9_wdt.c                    | 309 +++++++++++++++------
 drivers/watchdog/bcm2835_wdt.c                     |   1 -
 drivers/watchdog/ep93xx_wdt.c                      |   1 -
 drivers/watchdog/ie6xx_wdt.c                       |   1 -
 drivers/watchdog/jz4740_wdt.c                      |   1 -
 drivers/watchdog/kempld_wdt.c                      |   1 -
 drivers/watchdog/max63xx_wdt.c                     |   1 -
 drivers/watchdog/orion_wdt.c                       |   1 -
 drivers/watchdog/pnx4008_wdt.c                     |   1 -
 drivers/watchdog/rt2880_wdt.c                      |   1 -
 drivers/watchdog/shwdt.c                           |   1 -
 drivers/watchdog/softdog.c                         |   1 -
 drivers/watchdog/stmp3xxx_rtc_wdt.c                |   1 -
 drivers/watchdog/txx9wdt.c                         |   1 -
 drivers/watchdog/ux500_wdt.c                       |   1 -
 23 files changed, 287 insertions(+), 102 deletions(-)
Merging dwmw2-iommu/master (e5d0c874391a Merge tag 'iommu-updates-v3.12' of git://git.kernel.org/pub/scm/linux/kernel/git/joro/iommu)
$ git merge dwmw2-iommu/master
Already up-to-date.
Merging iommu/next (e6ca48d995e4 Merge branches 'iommu/fixes', 'tracing', 'core', 'arm/tegra' and 'x86/vt-d' into next)
$ git merge iommu/next
Already up-to-date!
Merge made by the 'recursive' strategy.
Merging vfio/next (15c03dd4859a Linux 3.12-rc3)
$ git merge vfio/next
Already up-to-date.
Merging osd/linux-next (861d66601acd exofs: don't leak io_state and pages on read error)
$ git merge osd/linux-next
Already up-to-date.
Merging jc_docs/docs-next (5c050fb96380 docs: update the development process document)
$ git merge jc_docs/docs-next
Already up-to-date.
Merging trivial/for-next (2bb9936beac2 doc: usb: Fix typo in Documentation/usb/gadget_configs.txt)
$ git merge trivial/for-next
Already up-to-date.
Merging audit/master (fc582aef7dcc Merge tag 'v3.12')
$ git merge audit/master
Merge made by the 'recursive' strategy.
Merging fsnotify/for-next (1ca39ab9d21a inotify: automatically restart syscalls)
$ git merge fsnotify/for-next
Already up-to-date.
Merging devicetree/devicetree/next (355e62f5ad12 of/irq: Fix potential buffer overflow)
$ git merge devicetree/devicetree/next
Already up-to-date.
Merging dt-rh/for-next (c11eede69b6a powerpc: add missing explicit OF includes for ppc)
$ git merge dt-rh/for-next
Already up-to-date.
Merging spi/for-next (5eeeb6ffab9a Merge remote-tracking branches 'spi/topic/davinci', 'spi/topic/gpio', 'spi/topic/msiof', 'spi/topic/omap' and 'spi/topic/rcar' into spi-next)
$ git merge spi/for-next
Merge made by the 'recursive' strategy.
 drivers/spi/Kconfig           |  4 +++-
 drivers/spi/spi-bcm2835.c     |  2 +-
 drivers/spi/spi-bcm63xx.c     |  2 +-
 drivers/spi/spi-davinci.c     |  4 ++--
 drivers/spi/spi-gpio.c        |  8 ++++----
 drivers/spi/spi-mpc512x-psc.c |  2 +-
 drivers/spi/spi-mxs.c         |  2 +-
 drivers/spi/spi-omap2-mcspi.c | 38 +++++++++++++++++-----------------
 drivers/spi/spi-pxa2xx.c      |  5 +++++
 drivers/spi/spi-rspi.c        | 43 ++++++++++++++-------------------------
 drivers/spi/spi-sh-msiof.c    | 47 +++++++++++++++++++++----------------------
 drivers/spi/spi-ti-qspi.c     | 23 +++++++++++++++++----
 drivers/spi/spi-txx9.c        |  2 +-
 drivers/spi/spi.c             | 28 ++++++++++++++++++++------
 14 files changed, 117 insertions(+), 93 deletions(-)
Merging tip/auto-latest (c4372b1b29f2 Merge branch 'x86/urgent')
$ git merge tip/auto-latest
Auto-merging tools/perf/perf-completion.sh
Auto-merging MAINTAINERS
Merge made by the 'recursive' strategy.
 Documentation/kernel-parameters.txt                |  10 +
 Documentation/memory-barriers.txt                  |  42 +-
 Documentation/robust-futex-ABI.txt                 |   4 +-
 Documentation/x86/x86_64/mm.txt                    |   7 +
 MAINTAINERS                                        |   8 +-
 arch/arm/mach-at91/at91rm9200_time.c               |   7 +-
 arch/mips/ar7/setup.c                              |   1 -
 arch/mips/emma/markeins/setup.c                    |   3 -
 arch/mips/netlogic/xlp/setup.c                     |   1 -
 arch/mips/netlogic/xlr/setup.c                     |   1 -
 arch/mips/sibyte/swarm/setup.c                     |   2 -
 arch/powerpc/Kconfig                               |   4 +
 arch/powerpc/include/asm/setup.h                   |   1 +
 arch/powerpc/include/asm/uprobes.h                 |   5 +-
 arch/powerpc/kernel/setup_32.c                     |   3 -
 arch/powerpc/kernel/setup_64.c                     |   3 -
 arch/powerpc/kernel/uprobes.c                      |   2 +-
 arch/powerpc/platforms/pseries/setup.c             |   2 +-
 arch/x86/Kconfig                                   |  52 +-
 arch/x86/boot/Makefile                             |   2 +-
 arch/x86/boot/boot.h                               |  10 +-
 arch/x86/boot/compressed/Makefile                  |   2 +-
 arch/x86/boot/compressed/aslr.c                    | 317 ++++++++++
 arch/x86/boot/compressed/cmdline.c                 |   2 +-
 arch/x86/boot/compressed/cpuflags.c                |  12 +
 arch/x86/boot/compressed/head_32.S                 |  10 +-
 arch/x86/boot/compressed/head_64.S                 |  16 +-
 arch/x86/boot/compressed/misc.c                    |  18 +-
 arch/x86/boot/compressed/misc.h                    |  37 +-
 arch/x86/boot/cpucheck.c                           | 100 +---
 arch/x86/boot/cpuflags.c                           | 104 ++++
 arch/x86/boot/cpuflags.h                           |  19 +
 arch/x86/include/asm/archrandom.h                  |  21 +
 arch/x86/include/asm/efi.h                         |  64 +-
 arch/x86/include/asm/page.h                        |   1 +
 arch/x86/include/asm/page_32.h                     |   4 -
 arch/x86/include/asm/page_64_types.h               |  15 +-
 arch/x86/include/asm/pgtable-2level.h              | 100 ++--
 arch/x86/include/asm/pgtable_64_types.h            |   2 +-
 arch/x86/include/asm/pgtable_types.h               |   3 +-
 arch/x86/include/asm/trace/irq_vectors.h           |  11 +
 arch/x86/kernel/cpu/Makefile                       |   2 +-
 arch/x86/kernel/cpu/perf_event_intel_rapl.c        | 661 +++++++++++++++++++++
 arch/x86/kernel/cpu/rdrand.c                       |  14 -
 arch/x86/kernel/setup.c                            |  26 +
 arch/x86/lib/copy_user_64.S                        |  12 +-
 arch/x86/mm/hugetlbpage.c                          |   9 +-
 arch/x86/mm/init_32.c                              |   3 +
 arch/x86/mm/pageattr.c                             | 461 +++++++++++++-
 arch/x86/platform/efi/early_printk.c               |   2 +-
 arch/x86/platform/efi/efi.c                        | 111 ++--
 arch/x86/platform/efi/efi_32.c                     |   9 +-
 arch/x86/platform/efi/efi_64.c                     | 109 ++++
 arch/x86/platform/efi/efi_stub_64.S                |  54 ++
 arch/x86/tools/relocs.c                            |  20 +-
 drivers/clocksource/Kconfig                        |   1 +
 drivers/clocksource/sh_mtu2.c                      |  16 +-
 drivers/clocksource/sh_tmu.c                       |  20 +-
 drivers/firmware/efi/efi-pstore.c                  | 163 ++++-
 drivers/firmware/efi/efivars.c                     |  12 +-
 drivers/firmware/efi/vars.c                        |  12 +-
 drivers/irqchip/irq-gic.c                          |   9 +-
 include/linux/efi.h                                |   5 +
 include/linux/ftrace_event.h                       |  16 +
 include/linux/irqreturn.h                          |   2 +-
 include/linux/kernel.h                             |   9 +
 include/linux/perf_event.h                         |   5 +-
 include/linux/sched.h                              |   3 -
 include/linux/tracepoint.h                         |   4 +
 include/linux/uprobes.h                            |  52 +-
 include/trace/ftrace.h                             |   7 +
 kernel/events/core.c                               |   9 +-
 kernel/events/uprobes.c                            |  60 +-
 kernel/fork.c                                      |   4 +-
 kernel/irq/pm.c                                    |   2 +-
 kernel/locking/lockdep.c                           |   4 +
 kernel/panic.c                                     |   2 +-
 kernel/rcu/tree_plugin.h                           |   4 +-
 kernel/sched/core.c                                |  19 +-
 kernel/sched/fair.c                                |  44 +-
 kernel/sched/sched.h                               |   1 +
 kernel/softirq.c                                   |  49 +-
 kernel/time/tick-common.c                          |  15 +
 kernel/time/tick-sched.c                           |  25 +-
 kernel/time/timekeeping.c                          |   2 +-
 kernel/timer.c                                     |   5 +-
 kernel/trace/trace_event_perf.c                    |   8 +-
 lib/Kconfig.debug                                  |   9 +
 tools/lib/lockdep/Makefile                         | 251 ++++++++
 tools/lib/lockdep/common.c                         |  33 +
 tools/lib/lockdep/include/liblockdep/common.h      |  50 ++
 tools/lib/lockdep/include/liblockdep/mutex.h       |  70 +++
 tools/lib/lockdep/include/liblockdep/rwlock.h      |  86 +++
 tools/lib/lockdep/lockdep                          |   3 +
 tools/lib/lockdep/lockdep.c                        |   2 +
 tools/lib/lockdep/lockdep_internals.h              |   1 +
 tools/lib/lockdep/lockdep_states.h                 |   1 +
 tools/lib/lockdep/preload.c                        | 447 ++++++++++++++
 tools/lib/lockdep/rbtree.c                         |   1 +
 tools/lib/lockdep/run_tests.sh                     |  27 +
 tools/lib/lockdep/tests/AA.c                       |  13 +
 tools/lib/lockdep/tests/ABBA.c                     |  13 +
 tools/lib/lockdep/tests/ABBCCA.c                   |  15 +
 tools/lib/lockdep/tests/ABBCCDDA.c                 |  17 +
 tools/lib/lockdep/tests/ABCABC.c                   |  15 +
 tools/lib/lockdep/tests/ABCDBCDA.c                 |  17 +
 tools/lib/lockdep/tests/ABCDBDDA.c                 |  17 +
 tools/lib/lockdep/tests/WW.c                       |  13 +
 tools/lib/lockdep/tests/common.h                   |  12 +
 tools/lib/lockdep/tests/unlock_balance.c           |  12 +
 tools/lib/lockdep/uinclude/asm/hweight.h           |   3 +
 tools/lib/lockdep/uinclude/asm/sections.h          |   3 +
 tools/lib/lockdep/uinclude/linux/bitops.h          |   3 +
 tools/lib/lockdep/uinclude/linux/compiler.h        |   7 +
 tools/lib/lockdep/uinclude/linux/debug_locks.h     |  12 +
 tools/lib/lockdep/uinclude/linux/delay.h           |   3 +
 tools/lib/lockdep/uinclude/linux/export.h          |   7 +
 tools/lib/lockdep/uinclude/linux/ftrace.h          |   3 +
 tools/lib/lockdep/uinclude/linux/gfp.h             |   3 +
 tools/lib/lockdep/uinclude/linux/hardirq.h         |  11 +
 tools/lib/lockdep/uinclude/linux/hash.h            |   1 +
 tools/lib/lockdep/uinclude/linux/interrupt.h       |   3 +
 tools/lib/lockdep/uinclude/linux/irqflags.h        |  38 ++
 tools/lib/lockdep/uinclude/linux/kallsyms.h        |  32 +
 tools/lib/lockdep/uinclude/linux/kern_levels.h     |  25 +
 tools/lib/lockdep/uinclude/linux/kernel.h          |  44 ++
 tools/lib/lockdep/uinclude/linux/kmemcheck.h       |   8 +
 tools/lib/lockdep/uinclude/linux/linkage.h         |   3 +
 tools/lib/lockdep/uinclude/linux/list.h            |   1 +
 tools/lib/lockdep/uinclude/linux/lockdep.h         |  55 ++
 tools/lib/lockdep/uinclude/linux/module.h          |   6 +
 tools/lib/lockdep/uinclude/linux/mutex.h           |   3 +
 tools/lib/lockdep/uinclude/linux/poison.h          |   1 +
 tools/lib/lockdep/uinclude/linux/prefetch.h        |   6 +
 tools/lib/lockdep/uinclude/linux/proc_fs.h         |   3 +
 tools/lib/lockdep/uinclude/linux/rbtree.h          |   1 +
 .../lib/lockdep/uinclude/linux/rbtree_augmented.h  |   2 +
 tools/lib/lockdep/uinclude/linux/rcu.h             |  16 +
 tools/lib/lockdep/uinclude/linux/seq_file.h        |   3 +
 tools/lib/lockdep/uinclude/linux/spinlock.h        |  25 +
 tools/lib/lockdep/uinclude/linux/stacktrace.h      |  32 +
 tools/lib/lockdep/uinclude/linux/stringify.h       |   7 +
 tools/lib/lockdep/uinclude/linux/types.h           |  58 ++
 tools/lib/lockdep/uinclude/trace/events/lock.h     |   3 +
 tools/lib/traceevent/event-parse.c                 |  32 +-
 tools/perf/Documentation/perf-record.txt           |  12 +-
 tools/perf/Documentation/perf-script.txt           |   6 +
 tools/perf/Documentation/perf-timechart.txt        |  26 +-
 tools/perf/Documentation/perf-top.txt              |   5 +-
 tools/perf/Makefile                                |   7 +-
 tools/perf/Makefile.perf                           |   4 +-
 tools/perf/builtin-record.c                        |  13 +-
 tools/perf/builtin-script.c                        | 209 ++++++-
 tools/perf/builtin-stat.c                          | 114 +++-
 tools/perf/builtin-timechart.c                     | 418 ++++++++-----
 tools/perf/builtin-top.c                           |  29 +-
 tools/perf/builtin-trace.c                         |  13 +-
 tools/perf/{bash_completion => perf-completion.sh} | 100 +++-
 tools/perf/perf.h                                  |   1 +
 tools/perf/tests/attr/test-record-no-inherit       |   2 +-
 tools/perf/util/event.c                            |   3 +-
 tools/perf/util/evlist.c                           |   6 +-
 tools/perf/util/evsel.c                            |   7 +-
 tools/perf/util/evsel.h                            |   3 +
 tools/perf/util/header.c                           |   6 +-
 tools/perf/util/parse-events.c                     |  28 +-
 tools/perf/util/parse-options.c                    |  21 +
 tools/perf/util/parse-options.h                    |   8 +
 tools/perf/util/pmu.c                              | 138 ++++-
 tools/perf/util/pmu.h                              |   3 +-
 tools/perf/util/session.c                          |  10 +-
 tools/perf/util/svghelper.c                        |  77 ++-
 tools/perf/util/svghelper.h                        |  11 +-
 tools/perf/util/symbol.c                           |  41 +-
 tools/perf/util/symbol.h                           |   4 +
 tools/perf/util/target.c                           |  11 +-
 tools/perf/util/target.h                           |   4 +-
 tools/perf/util/thread.c                           |  11 +-
 tools/perf/util/thread.h                           |  12 +
 179 files changed, 5286 insertions(+), 775 deletions(-)
 create mode 100644 arch/x86/boot/compressed/aslr.c
 create mode 100644 arch/x86/boot/compressed/cpuflags.c
 create mode 100644 arch/x86/boot/cpuflags.c
 create mode 100644 arch/x86/boot/cpuflags.h
 create mode 100644 arch/x86/kernel/cpu/perf_event_intel_rapl.c
 create mode 100644 tools/lib/lockdep/Makefile
 create mode 100644 tools/lib/lockdep/common.c
 create mode 100644 tools/lib/lockdep/include/liblockdep/common.h
 create mode 100644 tools/lib/lockdep/include/liblockdep/mutex.h
 create mode 100644 tools/lib/lockdep/include/liblockdep/rwlock.h
 create mode 100755 tools/lib/lockdep/lockdep
 create mode 100644 tools/lib/lockdep/lockdep.c
 create mode 100644 tools/lib/lockdep/lockdep_internals.h
 create mode 100644 tools/lib/lockdep/lockdep_states.h
 create mode 100644 tools/lib/lockdep/preload.c
 create mode 100644 tools/lib/lockdep/rbtree.c
 create mode 100644 tools/lib/lockdep/run_tests.sh
 create mode 100644 tools/lib/lockdep/tests/AA.c
 create mode 100644 tools/lib/lockdep/tests/ABBA.c
 create mode 100644 tools/lib/lockdep/tests/ABBCCA.c
 create mode 100644 tools/lib/lockdep/tests/ABBCCDDA.c
 create mode 100644 tools/lib/lockdep/tests/ABCABC.c
 create mode 100644 tools/lib/lockdep/tests/ABCDBCDA.c
 create mode 100644 tools/lib/lockdep/tests/ABCDBDDA.c
 create mode 100644 tools/lib/lockdep/tests/WW.c
 create mode 100644 tools/lib/lockdep/tests/common.h
 create mode 100644 tools/lib/lockdep/tests/unlock_balance.c
 create mode 100644 tools/lib/lockdep/uinclude/asm/hweight.h
 create mode 100644 tools/lib/lockdep/uinclude/asm/sections.h
 create mode 100644 tools/lib/lockdep/uinclude/linux/bitops.h
 create mode 100644 tools/lib/lockdep/uinclude/linux/compiler.h
 create mode 100644 tools/lib/lockdep/uinclude/linux/debug_locks.h
 create mode 100644 tools/lib/lockdep/uinclude/linux/delay.h
 create mode 100644 tools/lib/lockdep/uinclude/linux/export.h
 create mode 100644 tools/lib/lockdep/uinclude/linux/ftrace.h
 create mode 100644 tools/lib/lockdep/uinclude/linux/gfp.h
 create mode 100644 tools/lib/lockdep/uinclude/linux/hardirq.h
 create mode 100644 tools/lib/lockdep/uinclude/linux/hash.h
 create mode 100644 tools/lib/lockdep/uinclude/linux/interrupt.h
 create mode 100644 tools/lib/lockdep/uinclude/linux/irqflags.h
 create mode 100644 tools/lib/lockdep/uinclude/linux/kallsyms.h
 create mode 100644 tools/lib/lockdep/uinclude/linux/kern_levels.h
 create mode 100644 tools/lib/lockdep/uinclude/linux/kernel.h
 create mode 100644 tools/lib/lockdep/uinclude/linux/kmemcheck.h
 create mode 100644 tools/lib/lockdep/uinclude/linux/linkage.h
 create mode 100644 tools/lib/lockdep/uinclude/linux/list.h
 create mode 100644 tools/lib/lockdep/uinclude/linux/lockdep.h
 create mode 100644 tools/lib/lockdep/uinclude/linux/module.h
 create mode 100644 tools/lib/lockdep/uinclude/linux/mutex.h
 create mode 100644 tools/lib/lockdep/uinclude/linux/poison.h
 create mode 100644 tools/lib/lockdep/uinclude/linux/prefetch.h
 create mode 100644 tools/lib/lockdep/uinclude/linux/proc_fs.h
 create mode 100644 tools/lib/lockdep/uinclude/linux/rbtree.h
 create mode 100644 tools/lib/lockdep/uinclude/linux/rbtree_augmented.h
 create mode 100644 tools/lib/lockdep/uinclude/linux/rcu.h
 create mode 100644 tools/lib/lockdep/uinclude/linux/seq_file.h
 create mode 100644 tools/lib/lockdep/uinclude/linux/spinlock.h
 create mode 100644 tools/lib/lockdep/uinclude/linux/stacktrace.h
 create mode 100644 tools/lib/lockdep/uinclude/linux/stringify.h
 create mode 100644 tools/lib/lockdep/uinclude/linux/types.h
 create mode 100644 tools/lib/lockdep/uinclude/trace/events/lock.h
 rename tools/perf/{bash_completion => perf-completion.sh} (65%)
Merging edac/linux_next (3e45588825c1 cell_edac: fix missing of_node_put)
$ git merge edac/linux_next
Already up-to-date.
Merging edac-amd/for-next (c92132f59806 edac/85xx: Add PCIe error interrupt edac support)
$ git merge edac-amd/for-next
Merge made by the 'recursive' strategy.
 drivers/edac/mpc85xx_edac.c | 98 ++++++++++++++++++++++++++++++++++++++++-----
 drivers/edac/mpc85xx_edac.h |  7 ++++
 2 files changed, 94 insertions(+), 11 deletions(-)
Merging ftrace/for-next (8a56d7761d2d ftrace: Fix function graph with loading of modules)
$ git merge ftrace/for-next
Already up-to-date.
Merging rcu/rcu/next (4102adab9189 rcu: Move RCU-related source code to kernel/rcu directory)
$ git merge rcu/rcu/next
Already up-to-date.
Merging uprobes/for-next (0326f5a94dde uprobes/core: Handle breakpoint and singlestep exceptions)
$ git merge uprobes/for-next
Already up-to-date.
Merging kvm/linux-next (0a00a775d2a4 KVM: Change maintainer email address)
$ git merge kvm/linux-next
Auto-merging MAINTAINERS
Merge made by the 'recursive' strategy.
 MAINTAINERS | 2 +-
 1 file changed, 1 insertion(+), 1 deletion(-)
Merging kvm-arm/kvm-arm-next (ede582224231 Merge tag 'kvm-arm64/for-3.13-1' of git://git.kernel.org/pub/scm/linux/kernel/git/maz/arm-platforms into kvm-next)
$ git merge kvm-arm/kvm-arm-next
Already up-to-date.
Merging kvm-ppc/kvm-ppc-next (27025a602cb9 powerpc: kvm: optimize "sc 1" as fast return)
$ git merge kvm-ppc/kvm-ppc-next
Merge made by the 'recursive' strategy.
 arch/powerpc/kvm/book3s_hv.c            | 10 ++++------
 arch/powerpc/kvm/book3s_hv_rmhandlers.S | 19 ++++++++++++++++++-
 2 files changed, 22 insertions(+), 7 deletions(-)
Merging oprofile/for-next (6ce4eac1f600 Linux 3.13-rc1)
$ git merge oprofile/for-next
Already up-to-date.
Merging fw-nohz/nohz/next (74876a98a87a printk: Wake up klogd using irq_work)
$ git merge fw-nohz/nohz/next
Already up-to-date.
Merging xen-tip/linux-next (2b347c70b36f Merge branch 'stable/for-linus-3.13' into linux-next)
$ git merge xen-tip/linux-next
Merge made by the 'recursive' strategy.
 arch/arm/xen/p2m.c        | 5 +++--
 drivers/xen/grant-table.c | 6 ++++--
 drivers/xen/swiotlb-xen.c | 5 +++++
 3 files changed, 12 insertions(+), 4 deletions(-)
Merging percpu/for-next (90f2492cf9c8 x86: remove this_cpu_xor() implementation)
$ git merge percpu/for-next
Already up-to-date.
Merging workqueues/for-next (4e8b22bd1a37 workqueue: fix pool ID allocation leakage and remove BUILD_BUG_ON() in init_workqueues)
$ git merge workqueues/for-next
Already up-to-date.
Merging drivers-x86/linux-next (a80e1053aaa3 x86, wmi fix modalias_show return values)
$ git merge drivers-x86/linux-next
Already up-to-date.
Merging chrome-platform/for-next (2b8454a75b90 platform/chrome: unregister platform driver/device when module exit)
$ git merge chrome-platform/for-next
Merge made by the 'recursive' strategy.
 drivers/platform/chrome/Kconfig           |  14 ++
 drivers/platform/chrome/Makefile          |   1 +
 drivers/platform/chrome/chromeos_laptop.c | 298 +++++++++++++++++++++---------
 drivers/platform/chrome/chromeos_pstore.c | 101 ++++++++++
 4 files changed, 323 insertions(+), 91 deletions(-)
 create mode 100644 drivers/platform/chrome/chromeos_pstore.c
Merging sysctl/master (4e474a00d7ff sysctl: protect poll() in entries that may go away)
$ git merge sysctl/master
Already up-to-date.
Merging regmap/for-next (d929555edfba Merge remote-tracking branch 'regmap/topic/core' into regmap-next)
$ git merge regmap/for-next
Merge made by the 'recursive' strategy.
 drivers/base/regmap/regmap-mmio.c | 11 ++++++-----
 drivers/base/regmap/regmap.c      | 12 ++++++++----
 2 files changed, 14 insertions(+), 9 deletions(-)
Merging hsi/for-next (43139a61fc68 HSI: hsi_char: Update ioctl-number.txt)
$ git merge hsi/for-next
Already up-to-date.
Merging leds/for-next (07d0ea496eec LEDS: tca6507 - fix up some comments.)
$ git merge leds/for-next
Merge made by the 'recursive' strategy.
 Documentation/devicetree/bindings/leds/tca6507.txt |  16 ++
 drivers/leds/leds-tca6507.c                        | 204 +++++++++++----------
 2 files changed, 128 insertions(+), 92 deletions(-)
Merging driver-core/driver-core-next (bfc5c1733714 sysfs, kernfs: remove cross inclusions of internal headers)
$ git merge driver-core/driver-core-next
Auto-merging fs/kernfs/inode.c
Merge made by the 'recursive' strategy.
 fs/Makefile                  |    2 +-
 fs/kernfs/Makefile           |    5 +
 fs/kernfs/dir.c              | 1014 +++++++++++++++++++++++++++++++++++++++++
 fs/kernfs/file.c             |  814 +++++++++++++++++++++++++++++++++
 fs/{sysfs => kernfs}/inode.c |   56 ++-
 fs/kernfs/kernfs-internal.h  |  115 +++++
 fs/kernfs/mount.c            |  165 +++++++
 fs/kernfs/symlink.c          |  149 ++++++
 fs/namespace.c               |    2 +
 fs/sysfs/Makefile            |    2 +-
 fs/sysfs/dir.c               | 1030 +-----------------------------------------
 fs/sysfs/file.c              |  931 +++++++-------------------------------
 fs/sysfs/group.c             |   59 +--
 fs/sysfs/mount.c             |  182 +-------
 fs/sysfs/symlink.c           |  179 +-------
 fs/sysfs/sysfs.h             |  228 +---------
 include/linux/kernfs.h       |  356 +++++++++++++++
 include/linux/sysfs.h        |   43 +-
 lib/kobject.c                |   27 +-
 19 files changed, 2954 insertions(+), 2405 deletions(-)
 create mode 100644 fs/kernfs/Makefile
 create mode 100644 fs/kernfs/dir.c
 create mode 100644 fs/kernfs/file.c
 rename fs/{sysfs => kernfs}/inode.c (89%)
 create mode 100644 fs/kernfs/kernfs-internal.h
 create mode 100644 fs/kernfs/mount.c
 create mode 100644 fs/kernfs/symlink.c
 create mode 100644 include/linux/kernfs.h
Merging tty/tty-next (dc1ccc48159d Linux 3.13-rc2)
$ git merge tty/tty-next
Already up-to-date.
Merging usb/usb-next (6ce4eac1f600 Linux 3.13-rc1)
$ git merge usb/usb-next
Already up-to-date.
Merging usb-gadget/next (989c78dd5630 usb: gadget: r8a66597-udc: convert to clk_prepare/unprepare)
$ git merge usb-gadget/next
Merge made by the 'recursive' strategy.
 drivers/usb/gadget/r8a66597-udc.c | 6 +++---
 1 file changed, 3 insertions(+), 3 deletions(-)
Merging staging/staging-next (931cf48d2db6 staging: comedi: unionxx5: tidy up some dev_{level} messages)
$ git merge staging/staging-next
Auto-merging drivers/staging/vt6656/rndis.h
Auto-merging drivers/staging/vt6656/baseband.c
Auto-merging drivers/staging/vt6655/hostap.c
Auto-merging drivers/staging/lustre/lustre/ptlrpc/pinger.c
Removing drivers/staging/lustre/lustre/ptlrpc/llog_server.c
Removing drivers/staging/lustre/lustre/lvfs/fsfilt_ext3.c
Auto-merging drivers/staging/lustre/lustre/llite/lloop.c
Removing drivers/staging/lustre/lustre/libcfs/lwt.c
Removing drivers/staging/lustre/lustre/include/lustre/lustreapi.h
Removing drivers/staging/lustre/lustre/include/lustre/liblustreapi.h
Removing drivers/staging/lustre/lustre/include/lu_target.h
Removing drivers/staging/lustre/include/linux/libcfs/linux/linux-fs.h
Auto-merging drivers/staging/imx-drm/imx-drm-core.c
Auto-merging drivers/staging/ft1000/ft1000-usb/ft1000_download.c
Auto-merging drivers/iio/magnetometer/hid-sensor-magn-3d.c
Auto-merging drivers/iio/light/hid-sensor-als.c
Auto-merging drivers/iio/gyro/hid-sensor-gyro-3d.c
Auto-merging drivers/iio/adc/mcp3422.c
Auto-merging drivers/iio/accel/hid-sensor-accel-3d.c
Auto-merging Documentation/devicetree/bindings/vendor-prefixes.txt
Merge made by the 'recursive' strategy.
 .../devicetree/bindings/iio/light/tsl2563.txt      |   19 +
 .../bindings/iio/magnetometer/hmc5843.txt          |   17 +
 .../devicetree/bindings/vendor-prefixes.txt        |    1 +
 Documentation/driver-model/devres.txt              |    2 +
 drivers/iio/accel/hid-sensor-accel-3d.c            |   12 +
 drivers/iio/adc/mcp3422.c                          |    9 +-
 drivers/iio/adc/viperboard_adc.c                   |   20 +-
 drivers/iio/dac/ad5421.c                           |   12 +-
 drivers/iio/dac/ad5755.c                           |   12 +-
 drivers/iio/gyro/adis16130.c                       |    9 +-
 drivers/iio/gyro/adxrs450.c                        |   14 +-
 drivers/iio/gyro/hid-sensor-gyro-3d.c              |   11 +
 drivers/iio/industrialio-core.c                    |  101 +
 drivers/iio/industrialio-event.c                   |    6 +
 drivers/iio/industrialio-trigger.c                 |   28 +-
 drivers/iio/light/hid-sensor-als.c                 |   11 +
 drivers/iio/light/tsl2563.c                        |    4 +
 drivers/iio/light/vcnl4000.c                       |    9 +-
 drivers/iio/magnetometer/hid-sensor-magn-3d.c      |   12 +
 drivers/iio/pressure/Kconfig                       |   12 +
 drivers/iio/pressure/Makefile                      |    1 +
 drivers/iio/pressure/mpl3115.c                     |  329 ++
 drivers/staging/Kconfig                            |    2 +
 drivers/staging/Makefile                           |    1 +
 drivers/staging/android/alarm-dev.c                |    8 +-
 drivers/staging/android/sync.h                     |   50 +-
 drivers/staging/bcm/Bcmchar.c                      |  136 +-
 drivers/staging/bcm/DDRInit.c                      | 1501 ++++---
 drivers/staging/ced1401/ced_ioc.c                  |    2 +-
 drivers/staging/comedi/Makefile                    |    2 +
 drivers/staging/comedi/comedi_buf.c                |   99 +-
 drivers/staging/comedi/comedi_fops.c               |  488 ++-
 drivers/staging/comedi/comedi_internal.h           |    4 +
 drivers/staging/comedi/comedidev.h                 |   39 +-
 drivers/staging/comedi/drivers.c                   |   14 +-
 drivers/staging/comedi/drivers/Makefile            |    1 +
 .../staging/comedi/drivers/amplc_dio200_common.c   |    2 +-
 drivers/staging/comedi/drivers/amplc_pci224.c      |   14 +-
 drivers/staging/comedi/drivers/amplc_pci230.c      |   52 +-
 drivers/staging/comedi/drivers/c6xdigio.c          |    9 -
 drivers/staging/comedi/drivers/cb_pcidas64.c       |  126 +-
 drivers/staging/comedi/drivers/cb_pcimdas.c        |    3 -
 drivers/staging/comedi/drivers/das6402.c           |    9 -
 drivers/staging/comedi/drivers/dmm32at.c           |    6 -
 drivers/staging/comedi/drivers/dt2801.c            |    9 -
 drivers/staging/comedi/drivers/dt2814.c            |   26 -
 drivers/staging/comedi/drivers/dt282x.c            |   10 -
 drivers/staging/comedi/drivers/dt3000.c            |   23 -
 drivers/staging/comedi/drivers/dyna_pci10xx.c      |    3 +-
 drivers/staging/comedi/drivers/fl512.c             |    2 -
 drivers/staging/comedi/drivers/gsc_hpdi.c          |   78 -
 drivers/staging/comedi/drivers/mite.c              |  145 +-
 drivers/staging/comedi/drivers/mite.h              |   12 -
 drivers/staging/comedi/drivers/ni_65xx.c           |    3 -
 drivers/staging/comedi/drivers/ni_at_a2150.c       |   25 -
 drivers/staging/comedi/drivers/ni_atmio.c          |   15 -
 drivers/staging/comedi/drivers/ni_mio_common.c     |  157 +-
 drivers/staging/comedi/drivers/ni_mio_cs.c         |    2 -
 drivers/staging/comedi/drivers/ni_pcidio.c         |  137 +-
 drivers/staging/comedi/drivers/ni_pcimio.c         |    2 -
 drivers/staging/comedi/drivers/pcl816.c            |   46 +-
 drivers/staging/comedi/drivers/pcl818.c            |    4 +-
 drivers/staging/comedi/drivers/pcmmio.c            |   35 +-
 drivers/staging/comedi/drivers/unioxx5.c           |   68 +-
 drivers/staging/comedi/kcomedilib/Makefile         |    2 +
 .../staging/comedi/kcomedilib/kcomedilib_main.c    |   74 +-
 drivers/staging/comedi/proc.c                      |    6 +-
 drivers/staging/comedi/range.c                     |    9 +-
 drivers/staging/crystalhd/crystalhd_cmds.c         |    2 +-
 drivers/staging/cxt1e1/comet.c                     |   60 +-
 drivers/staging/cxt1e1/comet.h                     |  601 +--
 drivers/staging/cxt1e1/functions.c                 |    2 +-
 drivers/staging/cxt1e1/musycc.c                    |    4 +-
 drivers/staging/cxt1e1/pmcc4_drv.c                 |   10 +-
 drivers/staging/cxt1e1/pmcc4_private.h             |    2 +-
 drivers/staging/cxt1e1/sbeid.c                     |  323 +-
 drivers/staging/dgrp/dgrp_net_ops.c                |  330 +-
 drivers/staging/dwc2/core.c                        |  312 +-
 drivers/staging/dwc2/core.h                        |   62 +-
 drivers/staging/dwc2/core_intr.c                   |   10 +-
 drivers/staging/dwc2/hcd.c                         |    6 +-
 drivers/staging/dwc2/hcd.h                         |    4 +-
 drivers/staging/dwc2/hcd_ddma.c                    |    4 +-
 drivers/staging/dwc2/hcd_intr.c                    |    4 +-
 drivers/staging/dwc2/hcd_queue.c                   |  195 +-
 drivers/staging/dwc2/platform.c                    |    2 +-
 drivers/staging/ft1000/ft1000-pcmcia/boot.h        |  252 +-
 .../staging/ft1000/ft1000-usb/ft1000_download.c    |  106 +-
 drivers/staging/ft1000/ft1000-usb/ft1000_hw.c      | 1308 +++---
 drivers/staging/ft1000/ft1000-usb/ft1000_proc.c    |   14 +-
 drivers/staging/ft1000/ft1000-usb/ft1000_usb.c     |    4 +-
 drivers/staging/ft1000/ft1000-usb/ft1000_usb.h     |    5 -
 drivers/staging/gdm724x/gdm_lte.c                  |   44 +-
 drivers/staging/gdm724x/gdm_mux.c                  |    8 +-
 drivers/staging/gdm724x/gdm_usb.c                  |   40 +-
 drivers/staging/iio/accel/adis16220_core.c         |    7 +-
 drivers/staging/iio/adc/ad7816.c                   |   12 +-
 drivers/staging/iio/adc/lpc32xx_adc.c              |   12 +-
 drivers/staging/iio/addac/adt7316-i2c.c            |    6 -
 drivers/staging/iio/addac/adt7316-spi.c            |    6 -
 drivers/staging/iio/addac/adt7316.c                |   12 +-
 drivers/staging/iio/addac/adt7316.h                |    1 -
 drivers/staging/iio/gyro/adis16060_core.c          |   10 +-
 drivers/staging/iio/light/isl29018.c               |   13 +-
 drivers/staging/iio/magnetometer/hmc5843.c         |    7 +
 drivers/staging/iio/resolver/ad2s1200.c            |   10 +-
 drivers/staging/imx-drm/imx-drm-core.c             |    4 +-
 drivers/staging/imx-drm/imx-ldb.c                  |    5 +-
 drivers/staging/keucr/smil.h                       |    6 -
 drivers/staging/keucr/smilmain.c                   |   99 +-
 drivers/staging/keucr/smilsub.c                    |   37 +-
 drivers/staging/keucr/smscsi.c                     |   28 +-
 .../staging/lustre/include/linux/libcfs/curproc.h  |    1 -
 .../lustre/include/linux/libcfs/libcfs_ioctl.h     |   63 +-
 .../lustre/include/linux/libcfs/linux/kp30.h       |  149 +-
 .../lustre/include/linux/libcfs/linux/libcfs.h     |    1 -
 .../lustre/include/linux/libcfs/linux/linux-fs.h   |   92 -
 drivers/staging/lustre/include/linux/lnet/types.h  |   11 -
 .../staging/lustre/lnet/klnds/o2iblnd/o2iblnd.c    |    1 -
 .../staging/lustre/lnet/klnds/o2iblnd/o2iblnd.h    |    3 -
 .../lustre/lnet/klnds/o2iblnd/o2iblnd_modparams.c  |  358 +-
 .../staging/lustre/lnet/klnds/socklnd/socklnd.c    |    1 -
 .../staging/lustre/lnet/klnds/socklnd/socklnd.h    |    6 -
 .../lustre/lnet/klnds/socklnd/socklnd_lib-linux.c  |  307 --
 .../lustre/lnet/klnds/socklnd/socklnd_modparams.c  |  124 +-
 drivers/staging/lustre/lnet/lnet/acceptor.c        |   16 +-
 drivers/staging/lustre/lnet/lnet/api-ni.c          |   16 +-
 drivers/staging/lustre/lnet/lnet/lib-move.c        |    4 +-
 drivers/staging/lustre/lnet/lnet/lib-ptl.c         |    4 +-
 drivers/staging/lustre/lnet/lnet/module.c          |    4 +-
 drivers/staging/lustre/lnet/lnet/router.c          |   44 +-
 drivers/staging/lustre/lnet/lnet/router_proc.c     |   10 -
 drivers/staging/lustre/lnet/selftest/brw_test.c    |    7 +-
 drivers/staging/lustre/lnet/selftest/conctl.c      |   56 +-
 drivers/staging/lustre/lnet/selftest/conrpc.c      |    2 +-
 drivers/staging/lustre/lnet/selftest/console.c     |  103 +-
 drivers/staging/lustre/lnet/selftest/console.h     |    6 +-
 drivers/staging/lustre/lnet/selftest/framework.c   |    8 +-
 drivers/staging/lustre/lnet/selftest/ping_test.c   |    3 +-
 drivers/staging/lustre/lustre/fld/fld_request.c    |    5 +-
 drivers/staging/lustre/lustre/include/cl_object.h  |    6 +-
 .../lustre/lustre/include/linux/lustre_intent.h    |    2 +-
 drivers/staging/lustre/lustre/include/lu_object.h  |   19 -
 drivers/staging/lustre/lustre/include/lu_target.h  |   91 -
 .../lustre/lustre/include/lustre/liblustreapi.h    |   43 -
 .../lustre/lustre/include/lustre/lustre_idl.h      |   31 +-
 .../lustre/lustre/include/lustre/lustre_user.h     |   10 +-
 .../lustre/lustre/include/lustre/lustreapi.h       |  310 --
 .../staging/lustre/lustre/include/lustre_disk.h    |    1 +
 .../lustre/lustre/include/lustre_dlm_flags.h       |   90 +-
 drivers/staging/lustre/lustre/include/lustre_lib.h |   11 +-
 drivers/staging/lustre/lustre/include/lustre_net.h |    9 -
 .../lustre/lustre/include/lustre_req_layout.h      |    2 +
 .../staging/lustre/lustre/include/obd_support.h    |    7 +
 drivers/staging/lustre/lustre/lclient/lcommon_cl.c |    6 +
 drivers/staging/lustre/lustre/ldlm/ldlm_flock.c    |   45 +-
 drivers/staging/lustre/lustre/ldlm/ldlm_lock.c     |    5 +
 drivers/staging/lustre/lustre/ldlm/ldlm_lockd.c    |   55 +-
 drivers/staging/lustre/lustre/ldlm/ldlm_request.c  |   40 +-
 drivers/staging/lustre/lustre/ldlm/ldlm_resource.c |   19 +-
 drivers/staging/lustre/lustre/libcfs/debug.c       |   42 +-
 drivers/staging/lustre/lustre/libcfs/hash.c        |    4 +-
 .../staging/lustre/lustre/libcfs/linux/linux-cpu.c |    6 +-
 .../lustre/lustre/libcfs/linux/linux-curproc.c     |   13 -
 .../lustre/lustre/libcfs/linux/linux-proc.c        |   28 +-
 drivers/staging/lustre/lustre/libcfs/lwt.c         |  266 --
 drivers/staging/lustre/lustre/libcfs/module.c      |   53 +-
 drivers/staging/lustre/lustre/libcfs/nidstrings.c  |   34 +-
 drivers/staging/lustre/lustre/libcfs/tracefile.c   |   22 +-
 drivers/staging/lustre/lustre/llite/file.c         |  416 +-
 .../staging/lustre/lustre/llite/llite_internal.h   |   19 +-
 drivers/staging/lustre/lustre/llite/llite_lib.c    |   36 +
 drivers/staging/lustre/lustre/llite/lloop.c        |    3 +-
 drivers/staging/lustre/lustre/llite/namei.c        |    5 +-
 drivers/staging/lustre/lustre/llite/vvp_io.c       |   54 +-
 drivers/staging/lustre/lustre/lov/lov_io.c         |   15 +-
 drivers/staging/lustre/lustre/lov/lov_pack.c       |   20 +-
 drivers/staging/lustre/lustre/lov/lproc_lov.c      |   36 +-
 drivers/staging/lustre/lustre/lvfs/fsfilt_ext3.c   |  760 ----
 drivers/staging/lustre/lustre/mdc/mdc_internal.h   |    2 +-
 drivers/staging/lustre/lustre/mdc/mdc_lib.c        |    7 +-
 drivers/staging/lustre/lustre/mdc/mdc_locks.c      |   49 +-
 drivers/staging/lustre/lustre/mdc/mdc_request.c    |   31 +-
 drivers/staging/lustre/lustre/mgc/mgc_request.c    |    4 +-
 .../lustre/lustre/obdclass/linux/linux-sysctl.c    |   21 +-
 drivers/staging/lustre/lustre/obdclass/llog.c      |    2 +-
 .../staging/lustre/lustre/obdclass/local_storage.c |    2 +-
 .../lustre/lustre/obdclass/lprocfs_status.c        |    4 +-
 drivers/staging/lustre/lustre/obdclass/lu_object.c |   28 +-
 .../staging/lustre/lustre/obdecho/echo_client.c    |    2 +-
 drivers/staging/lustre/lustre/osc/osc_request.c    |    4 -
 drivers/staging/lustre/lustre/ptlrpc/Makefile      |    2 +-
 drivers/staging/lustre/lustre/ptlrpc/client.c      |   25 +-
 drivers/staging/lustre/lustre/ptlrpc/events.c      |   75 +-
 .../staging/lustre/lustre/ptlrpc/gss/gss_asn1.h    |    6 +-
 drivers/staging/lustre/lustre/ptlrpc/gss/gss_err.h |   10 +-
 .../staging/lustre/lustre/ptlrpc/gss/gss_keyring.c |    2 +-
 .../lustre/lustre/ptlrpc/gss/gss_krb5_mech.c       |    2 +-
 drivers/staging/lustre/lustre/ptlrpc/gss/sec_gss.c |   14 +-
 drivers/staging/lustre/lustre/ptlrpc/import.c      |   38 +-
 drivers/staging/lustre/lustre/ptlrpc/layout.c      |   11 +-
 drivers/staging/lustre/lustre/ptlrpc/llog_client.c |    6 +-
 drivers/staging/lustre/lustre/ptlrpc/llog_server.c |  450 --
 .../staging/lustre/lustre/ptlrpc/lproc_ptlrpc.c    |   14 +-
 drivers/staging/lustre/lustre/ptlrpc/niobuf.c      |   75 +-
 .../staging/lustre/lustre/ptlrpc/pack_generic.c    |  368 +-
 drivers/staging/lustre/lustre/ptlrpc/pinger.c      |    5 +-
 .../staging/lustre/lustre/ptlrpc/ptlrpc_internal.h |   10 +-
 .../staging/lustre/lustre/ptlrpc/ptlrpc_module.c   |    2 +-
 drivers/staging/lustre/lustre/ptlrpc/ptlrpcd.c     |    8 +-
 drivers/staging/lustre/lustre/ptlrpc/service.c     |   77 +-
 drivers/staging/lustre/lustre/ptlrpc/wiretest.c    |   18 +-
 drivers/staging/media/davinci_vpfe/dm365_ipipe.c   |    2 +-
 .../staging/media/davinci_vpfe/dm365_ipipe_hw.c    |    4 +-
 drivers/staging/media/go7007/go7007-fw.c           |    3 +-
 drivers/staging/media/go7007/saa7134-go7007.c      |    2 +-
 drivers/staging/media/lirc/lirc_igorplugusb.c      |    4 +-
 drivers/staging/media/lirc/lirc_imon.c             |   11 +-
 drivers/staging/media/lirc/lirc_serial.c           |    6 +-
 drivers/staging/media/lirc/lirc_zilog.c            |    4 +-
 drivers/staging/olpc_dcon/olpc_dcon.c              |    6 +-
 drivers/staging/ozwpan/ozeltbuf.c                  |    2 +-
 drivers/staging/ozwpan/ozproto.c                   |    2 +-
 drivers/staging/rtl8187se/ieee80211/dot11d.c       |  132 +-
 drivers/staging/rtl8187se/ieee80211/dot11d.h       |   66 +-
 drivers/staging/rtl8187se/ieee80211/ieee80211.h    |  125 +-
 .../staging/rtl8187se/ieee80211/ieee80211_crypt.c  |    3 +-
 .../rtl8187se/ieee80211/ieee80211_crypt_ccmp.c     |   12 +-
 .../rtl8187se/ieee80211/ieee80211_crypt_tkip.c     |   52 +-
 drivers/staging/rtl8187se/ieee80211/ieee80211_rx.c |   39 +-
 .../rtl8187se/ieee80211/ieee80211_softmac.c        |  134 +-
 .../rtl8187se/ieee80211/ieee80211_softmac_wx.c     |   64 +-
 drivers/staging/rtl8187se/ieee80211/ieee80211_tx.c |   13 +-
 drivers/staging/rtl8187se/ieee80211/ieee80211_wx.c |    8 +-
 drivers/staging/rtl8187se/r8180.h                  |   32 +-
 drivers/staging/rtl8187se/r8180_core.c             |   29 +-
 drivers/staging/rtl8187se/r8180_dm.h               |    2 +-
 drivers/staging/rtl8187se/r8180_rtl8225.h          |    3 +-
 drivers/staging/rtl8187se/r8180_wx.c               |  202 +-
 drivers/staging/rtl8187se/r8185b_init.c            |   17 +-
 drivers/staging/rtl8188eu/core/rtw_io.c            |    2 +-
 drivers/staging/rtl8188eu/core/rtw_mlme_ext.c      |    2 +-
 drivers/staging/rtl8188eu/core/rtw_xmit.c          |    2 +-
 drivers/staging/rtl8188eu/hal/rtl8188e_hal_init.c  |    2 +-
 drivers/staging/rtl8188eu/hal/rtl8188e_rxdesc.c    |    2 +-
 drivers/staging/rtl8188eu/os_dep/ioctl_linux.c     |   34 +-
 drivers/staging/rtl8188eu/os_dep/osdep_service.c   |    2 +-
 drivers/staging/rtl8188eu/os_dep/usb_intf.c        |    2 +-
 drivers/staging/rtl8192e/dot11d.c                  |    2 +-
 drivers/staging/rtl8192e/dot11d.h                  |    5 +-
 drivers/staging/rtl8192e/rtl8192e/r8192E_dev.c     |   13 +-
 drivers/staging/rtl8192e/rtl8192e/rtl_cam.c        |    1 -
 drivers/staging/rtl8192e/rtl8192e/rtl_core.c       |   24 +-
 drivers/staging/rtl8192e/rtl8192e/rtl_core.h       |    2 +
 drivers/staging/rtl8192e/rtl819x_BAProc.c          |   10 +-
 drivers/staging/rtl8192e/rtllib_crypt_ccmp.c       |    4 +-
 drivers/staging/rtl8192e/rtllib_crypt_tkip.c       |    6 +-
 drivers/staging/rtl8192e/rtllib_crypt_wep.c        |    4 +-
 drivers/staging/rtl8192e/rtllib_module.c           |    4 +-
 drivers/staging/rtl8192e/rtllib_rx.c               |   74 +-
 drivers/staging/rtl8192e/rtllib_softmac.c          |   28 +-
 drivers/staging/rtl8192e/rtllib_tx.c               |   16 +-
 drivers/staging/rtl8712/rtl871x_mlme.c             |    3 -
 drivers/staging/rts5208/Kconfig                    |   15 +
 drivers/staging/rts5208/Makefile                   |    6 +
 drivers/staging/rts5208/TODO                       |    7 +
 drivers/staging/rts5208/debug.h                    |   43 +
 drivers/staging/rts5208/general.c                  |   35 +
 drivers/staging/rts5208/general.h                  |   31 +
 drivers/staging/rts5208/ms.c                       | 4208 ++++++++++++++++++
 drivers/staging/rts5208/ms.h                       |  227 +
 drivers/staging/rts5208/rtsx.c                     | 1069 +++++
 drivers/staging/rts5208/rtsx.h                     |  186 +
 drivers/staging/rts5208/rtsx_card.c                | 1126 +++++
 drivers/staging/rts5208/rtsx_card.h                | 1098 +++++
 drivers/staging/rts5208/rtsx_chip.c                | 1979 +++++++++
 drivers/staging/rts5208/rtsx_chip.h                | 1002 +++++
 drivers/staging/rts5208/rtsx_scsi.c                | 3370 +++++++++++++++
 drivers/staging/rts5208/rtsx_scsi.h                |  143 +
 drivers/staging/rts5208/rtsx_sys.h                 |   50 +
 drivers/staging/rts5208/rtsx_transport.c           |  769 ++++
 drivers/staging/rts5208/rtsx_transport.h           |   66 +
 drivers/staging/rts5208/sd.c                       | 4525 ++++++++++++++++++++
 drivers/staging/rts5208/sd.h                       |  301 ++
 drivers/staging/rts5208/spi.c                      |  877 ++++
 drivers/staging/rts5208/spi.h                      |   65 +
 drivers/staging/rts5208/trace.h                    |   93 +
 drivers/staging/rts5208/xd.c                       | 2088 +++++++++
 drivers/staging/rts5208/xd.h                       |  188 +
 drivers/staging/silicom/bypasslib/bypass.c         |   14 +-
 drivers/staging/speakup/main.c                     |    2 -
 drivers/staging/speakup/serialio.c                 |    4 +
 drivers/staging/speakup/serialio.h                 |   26 -
 drivers/staging/tidspbridge/pmgr/cmm.c             |    7 +-
 drivers/staging/tidspbridge/pmgr/dbll.c            |   21 +-
 drivers/staging/tidspbridge/pmgr/dev.c             |    6 +-
 drivers/staging/tidspbridge/pmgr/dmm.c             |   20 +-
 drivers/staging/tidspbridge/pmgr/dspapi.c          |   12 +-
 drivers/staging/usbip/stub_rx.c                    |   20 +-
 drivers/staging/usbip/usbip_common.c               |    5 +-
 drivers/staging/usbip/vhci_hcd.c                   |   13 +-
 drivers/staging/vt6655/baseband.c                  |    4 +-
 drivers/staging/vt6655/bssdb.c                     |  354 +-
 drivers/staging/vt6655/card.c                      |   10 +-
 drivers/staging/vt6655/channel.c                   |   16 +-
 drivers/staging/vt6655/datarate.c                  |    8 +-
 drivers/staging/vt6655/device_main.c               |   60 +-
 drivers/staging/vt6655/dpc.c                       |   40 +-
 drivers/staging/vt6655/hostap.c                    |   12 +-
 drivers/staging/vt6655/iwctl.c                     |    2 +-
 drivers/staging/vt6655/key.c                       |   44 +-
 drivers/staging/vt6655/mac.c                       |    4 +-
 drivers/staging/vt6655/power.c                     |    9 +-
 drivers/staging/vt6655/rf.c                        |    2 +-
 drivers/staging/vt6655/rxtx.c                      |   12 +-
 drivers/staging/vt6655/vntwifi.c                   |    6 +-
 drivers/staging/vt6655/wcmd.c                      |   22 +-
 drivers/staging/vt6655/wctl.c                      |    6 +-
 drivers/staging/vt6655/wmgr.c                      |  125 +-
 drivers/staging/vt6655/wpa.c                       |    2 +-
 drivers/staging/vt6655/wpa2.c                      |   18 +-
 drivers/staging/vt6655/wpactl.c                    |   12 +-
 drivers/staging/vt6656/aes_ccmp.c                  |   16 +-
 drivers/staging/vt6656/baseband.c                  |    8 +-
 drivers/staging/vt6656/bssdb.c                     |    4 +-
 drivers/staging/vt6656/card.c                      |    4 +-
 drivers/staging/vt6656/channel.c                   |    3 +-
 drivers/staging/vt6656/datarate.c                  |    2 +-
 drivers/staging/vt6656/desc.h                      |    8 -
 drivers/staging/vt6656/device.h                    |   16 +-
 drivers/staging/vt6656/dpc.c                       |    2 +-
 drivers/staging/vt6656/main_usb.c                  |  543 ++-
 drivers/staging/vt6656/rf.c                        |    7 +-
 drivers/staging/vt6656/rndis.h                     |   30 +-
 drivers/staging/vt6656/rxtx.c                      |  168 +-
 drivers/staging/vt6656/rxtx.h                      |   12 +-
 drivers/staging/vt6656/tkip.c                      |    4 +-
 drivers/staging/vt6656/wcmd.c                      | 1712 ++++----
 drivers/staging/vt6656/wmgr.c                      |   10 +-
 drivers/staging/vt6656/wpa.c                       |   12 +-
 drivers/staging/vt6656/wpa2.c                      |   16 +-
 drivers/staging/winbond/mds.c                      |  101 +-
 drivers/staging/wlags49_h2/sta_h25.c               |    6 +-
 drivers/staging/wlan-ng/cfg80211.c                 |   18 +-
 drivers/staging/wlan-ng/hfa384x.h                  |    4 +-
 drivers/staging/wlan-ng/prism2mgmt.c               |    4 +-
 drivers/staging/wlan-ng/prism2mgmt.h               |    6 +-
 drivers/staging/wlan-ng/prism2mib.c                |    6 +-
 drivers/staging/wlan-ng/prism2sta.c                |    6 +-
 include/linux/hid-sensor-ids.h                     |    8 +
 include/linux/iio/iio.h                            |   81 +-
 351 files changed, 31133 insertions(+), 10906 deletions(-)
 create mode 100644 Documentation/devicetree/bindings/iio/light/tsl2563.txt
 create mode 100644 Documentation/devicetree/bindings/iio/magnetometer/hmc5843.txt
 create mode 100644 drivers/iio/pressure/mpl3115.c
 delete mode 100644 drivers/staging/lustre/include/linux/libcfs/linux/linux-fs.h
 delete mode 100644 drivers/staging/lustre/lustre/include/lu_target.h
 delete mode 100644 drivers/staging/lustre/lustre/include/lustre/liblustreapi.h
 delete mode 100644 drivers/staging/lustre/lustre/include/lustre/lustreapi.h
 delete mode 100644 drivers/staging/lustre/lustre/libcfs/lwt.c
 delete mode 100644 drivers/staging/lustre/lustre/lvfs/fsfilt_ext3.c
 delete mode 100644 drivers/staging/lustre/lustre/ptlrpc/llog_server.c
 create mode 100644 drivers/staging/rts5208/Kconfig
 create mode 100644 drivers/staging/rts5208/Makefile
 create mode 100644 drivers/staging/rts5208/TODO
 create mode 100644 drivers/staging/rts5208/debug.h
 create mode 100644 drivers/staging/rts5208/general.c
 create mode 100644 drivers/staging/rts5208/general.h
 create mode 100644 drivers/staging/rts5208/ms.c
 create mode 100644 drivers/staging/rts5208/ms.h
 create mode 100644 drivers/staging/rts5208/rtsx.c
 create mode 100644 drivers/staging/rts5208/rtsx.h
 create mode 100644 drivers/staging/rts5208/rtsx_card.c
 create mode 100644 drivers/staging/rts5208/rtsx_card.h
 create mode 100644 drivers/staging/rts5208/rtsx_chip.c
 create mode 100644 drivers/staging/rts5208/rtsx_chip.h
 create mode 100644 drivers/staging/rts5208/rtsx_scsi.c
 create mode 100644 drivers/staging/rts5208/rtsx_scsi.h
 create mode 100644 drivers/staging/rts5208/rtsx_sys.h
 create mode 100644 drivers/staging/rts5208/rtsx_transport.c
 create mode 100644 drivers/staging/rts5208/rtsx_transport.h
 create mode 100644 drivers/staging/rts5208/sd.c
 create mode 100644 drivers/staging/rts5208/sd.h
 create mode 100644 drivers/staging/rts5208/spi.c
 create mode 100644 drivers/staging/rts5208/spi.h
 create mode 100644 drivers/staging/rts5208/trace.h
 create mode 100644 drivers/staging/rts5208/xd.c
 create mode 100644 drivers/staging/rts5208/xd.h
Merging char-misc/char-misc-next (10ee90743e99 mei: cleanup mei_irq_read_handler)
$ git merge char-misc/char-misc-next
Merge made by the 'recursive' strategy.
 drivers/misc/mei/client.c    |  2 --
 drivers/misc/mei/init.c      | 17 +++++++---
 drivers/misc/mei/interrupt.c | 79 ++++++++++++++++++++++----------------------
 drivers/misc/mei/mei_dev.h   | 13 +++++++-
 drivers/misc/mei/nfc.c       |  6 +++-
 drivers/misc/mei/pci-me.c    |  2 +-
 6 files changed, 70 insertions(+), 49 deletions(-)
Merging scsi/for-next (10927ae48334 Merge branch 'misc' into for-next)
$ git merge scsi/for-next
Auto-merging drivers/scsi/sd.c
Auto-merging drivers/scsi/pmcraid.c
Auto-merging MAINTAINERS
Merge made by the 'recursive' strategy.
 MAINTAINERS                               |    3 +-
 drivers/ata/libata-scsi.c                 |    1 +
 drivers/firewire/sbp2.c                   |    1 +
 drivers/scsi/3w-9xxx.c                    |    3 +-
 drivers/scsi/3w-sas.c                     |    3 +-
 drivers/scsi/3w-xxxx.c                    |    3 +-
 drivers/scsi/aacraid/linit.c              |    1 +
 drivers/scsi/arcmsr/arcmsr_hba.c          |    1 +
 drivers/scsi/gdth.c                       |    1 +
 drivers/scsi/hosts.c                      |    1 +
 drivers/scsi/hpsa.c                       |  309 +++++++-
 drivers/scsi/hpsa.h                       |   20 +
 drivers/scsi/ipr.c                        |    3 +-
 drivers/scsi/ips.c                        |    1 +
 drivers/scsi/libsas/sas_ata.c             |    2 +-
 drivers/scsi/megaraid.c                   |    1 +
 drivers/scsi/megaraid/megaraid_mbox.c     |    1 +
 drivers/scsi/megaraid/megaraid_sas_base.c |    1 +
 drivers/scsi/pmcraid.c                    |    1 +
 drivers/scsi/qla2xxx/qla_attr.c           |  116 ++-
 drivers/scsi/qla2xxx/qla_bsg.c            |   44 ++
 drivers/scsi/qla2xxx/qla_bsg.h            |   13 +
 drivers/scsi/qla2xxx/qla_dbg.c            |    7 +-
 drivers/scsi/qla2xxx/qla_def.h            |   22 +-
 drivers/scsi/qla2xxx/qla_gbl.h            |   13 +-
 drivers/scsi/qla2xxx/qla_init.c           |    2 +
 drivers/scsi/qla2xxx/qla_inline.h         |   19 -
 drivers/scsi/qla2xxx/qla_isr.c            |   82 ++-
 drivers/scsi/qla2xxx/qla_mbx.c            |   73 +-
 drivers/scsi/qla2xxx/qla_mr.c             |   39 +-
 drivers/scsi/qla2xxx/qla_mr.h             |   12 +-
 drivers/scsi/qla2xxx/qla_nx.c             |   20 +-
 drivers/scsi/qla2xxx/qla_nx2.c            |   25 +-
 drivers/scsi/qla2xxx/qla_os.c             |  366 +++++-----
 drivers/scsi/qla2xxx/qla_version.h        |    2 +-
 drivers/scsi/qla4xxx/ql4_def.h            |   32 +
 drivers/scsi/qla4xxx/ql4_fw.h             |   43 +-
 drivers/scsi/qla4xxx/ql4_glbl.h           |    1 +
 drivers/scsi/qla4xxx/ql4_isr.c            |   32 +
 drivers/scsi/qla4xxx/ql4_mbx.c            |  111 ++-
 drivers/scsi/qla4xxx/ql4_os.c             | 1137 +++++++++++++++++++++++++----
 drivers/scsi/qla4xxx/ql4_version.h        |    2 +-
 drivers/scsi/scsi_debug.c                 |  266 +++----
 drivers/scsi/scsi_pm.c                    |   62 +-
 drivers/scsi/scsi_transport_iscsi.c       |  340 ++++++++-
 drivers/scsi/sd.c                         |    6 +
 drivers/scsi/sr.c                         |   37 +-
 drivers/scsi/storvsc_drv.c                |    1 +
 include/scsi/iscsi_if.h                   |  117 ++-
 include/scsi/scsi_host.h                  |    6 +
 include/scsi/scsi_transport_iscsi.h       |    3 +
 51 files changed, 2666 insertions(+), 742 deletions(-)
Merging target-updates/for-next (86784c6bdeee iscsi-target: chap auth shouldn't match username with trailing garbage)
$ git merge target-updates/for-next
Already up-to-date.
Merging target-merge/for-next-merge (15c03dd4859a Linux 3.12-rc3)
$ git merge target-merge/for-next-merge
Already up-to-date.
Merging writeback/writeback-for-next (a8855990e382 writeback: Do not sort b_io list only because of block device inode)
$ git merge writeback/writeback-for-next
Already up-to-date.
Merging hwspinlock/linux-next (8b37fcfc9b34 hwspinlock: add MAINTAINERS entries)
$ git merge hwspinlock/linux-next
Already up-to-date.
Merging pinctrl/for-next (b221209faa58 Merge branch 'devel' into for-next)
$ git merge pinctrl/for-next
Merge made by the 'recursive' strategy.
 .../bindings/pinctrl/fsl,imx25-pinctrl.txt         |  23 ++
 drivers/pinctrl/Kconfig                            |   9 +
 drivers/pinctrl/Makefile                           |   1 +
 drivers/pinctrl/pinctrl-abx500.c                   |   6 +-
 drivers/pinctrl/pinctrl-imx25.c                    | 351 +++++++++++++++++++++
 drivers/pinctrl/pinctrl-rockchip.c                 |   5 +-
 6 files changed, 390 insertions(+), 5 deletions(-)
 create mode 100644 Documentation/devicetree/bindings/pinctrl/fsl,imx25-pinctrl.txt
 create mode 100644 drivers/pinctrl/pinctrl-imx25.c
Merging vhost/linux-next (d3d665a654a3 vhost-scsi: whitespace tweak)
$ git merge vhost/linux-next
Already up-to-date.
Merging remoteproc/for-next (b9777859ec01 remoteproc: fix kconfig dependencies for VIRTIO)
$ git merge remoteproc/for-next
Already up-to-date.
Merging rpmsg/for-next (397944df3290 rpmsg: fix kconfig dependencies for VIRTIO)
$ git merge rpmsg/for-next
Already up-to-date.
Merging gpio/for-next (ac9bbb1d1b9b Merge branch 'devel' into for-next)
$ git merge gpio/for-next
Removing arch/arm/mach-mv78xx0/include/mach/gpio.h
Removing arch/arm/mach-lpc32xx/include/mach/gpio.h
Removing arch/arm/mach-ks8695/include/mach/gpio.h
Merge made by the 'recursive' strategy.
 .../devicetree/bindings/gpio/moxa,moxart-gpio.txt  |  19 +++
 .../devicetree/bindings/gpio/renesas,gpio-rcar.txt |   3 +-
 Documentation/gpio/00-INDEX                        |  14 ++
 arch/arm/mach-ks8695/include/mach/gpio.h           |  19 ---
 arch/arm/mach-lpc32xx/include/mach/gpio.h          |   6 -
 arch/arm/mach-lpc32xx/phy3250.c                    |   2 +-
 arch/arm/mach-mv78xx0/include/mach/gpio.h          |   9 -
 drivers/gpio/Kconfig                               |   9 +-
 drivers/gpio/Makefile                              |   1 +
 drivers/gpio/gpio-em.c                             |   5 +-
 drivers/gpio/gpio-intel-mid.c                      |   3 +-
 drivers/gpio/gpio-lpc32xx.c                        |   2 +-
 drivers/gpio/gpio-lynxpoint.c                      |  15 +-
 drivers/gpio/gpio-moxart.c                         | 162 ++++++++++++++++++
 drivers/gpio/gpio-mpc8xxx.c                        |   8 +-
 drivers/gpio/gpio-msic.c                           |   7 +-
 drivers/gpio/gpio-omap.c                           | 188 ++++++++++-----------
 drivers/gpio/gpio-rcar.c                           |  61 +++++--
 drivers/gpio/gpio-timberdale.c                     |   4 +-
 drivers/gpio/gpiolib.c                             |  20 ++-
 include/linux/gpio.h                               |   1 -
 include/linux/gpio/driver.h                        |   3 +
 .../linux/platform_data}/gpio-lpc32xx.h            |   0
 23 files changed, 392 insertions(+), 169 deletions(-)
 create mode 100644 Documentation/devicetree/bindings/gpio/moxa,moxart-gpio.txt
 create mode 100644 Documentation/gpio/00-INDEX
 delete mode 100644 arch/arm/mach-ks8695/include/mach/gpio.h
 delete mode 100644 arch/arm/mach-lpc32xx/include/mach/gpio.h
 delete mode 100644 arch/arm/mach-mv78xx0/include/mach/gpio.h
 create mode 100644 drivers/gpio/gpio-moxart.c
 rename {arch/arm/mach-lpc32xx/include/mach => include/linux/platform_data}/gpio-lpc32xx.h (100%)
Merging dma-mapping/dma-mapping-next (5e01dc7b26d9 Linux 3.12)
$ git merge dma-mapping/dma-mapping-next
Already up-to-date.
Merging pwm/for-next (1b3f25ce991d Documentation/pwm: Update supported SoC name for pwm-samsung)
$ git merge pwm/for-next
Already up-to-date.
Merging dma-buf/for-next (19e8697ba45e dma-buf: Expose buffer size to userspace (v2))
$ git merge dma-buf/for-next
Already up-to-date.
Merging userns/for-next (41301ae78a99 vfs: Fix a regression in mounting proc)
$ git merge userns/for-next
Auto-merging kernel/fork.c
Auto-merging fs/namespace.c
Merge made by the 'recursive' strategy.
 fs/dcache.c    | 7 ++++++-
 fs/namespace.c | 2 +-
 kernel/fork.c  | 2 +-
 3 files changed, 8 insertions(+), 3 deletions(-)
Merging ktest/for-next (df5f7c66013c ktest: Reset grub menu cache with different machines)
$ git merge ktest/for-next
Already up-to-date.
Merging signal/for-next (20b4fb485227 Merge branch 'for-linus' of git://git.kernel.org/pub/scm/linux/kernel/git/viro/vfs)
$ git merge signal/for-next
Already up-to-date.
Merging clk/clk-next (9ed9c07d9b7d clk: new driver for efm32 SoC)
$ git merge clk/clk-next
Already up-to-date.
Merging random/dev (392a546dc836 random: add debugging code to detect early use of get_random_bytes())
$ git merge random/dev
Already up-to-date.
Merging lzo-update/lzo-update (42b775abafaf lib/lzo: huge LZO decompression speedup on ARM by using unaligned access)
$ git merge lzo-update/lzo-update
Merge made by the 'recursive' strategy.
 lib/lzo/lzo1x_decompress_safe.c | 4 ++++
 lib/lzo/lzodefs.h               | 6 ++++++
 2 files changed, 10 insertions(+)
Merging arm64-hugepages/for-next/hugepages (af07484863e0 ARM64: mm: THP support.)
$ git merge arm64-hugepages/for-next/hugepages
Already up-to-date.
Merging aio/master (ddb8c45ba151 aio: nullify aio->ring_pages after freeing it)
$ git merge aio/master
Already up-to-date.
Merging akpm-current/current (6e7ebeb1cb49 lib/decompress_unlz4.c: always set an error return code on failures)
$ git merge --no-ff akpm-current/current
Auto-merging mm/memcontrol.c
Auto-merging kernel/fork.c
Auto-merging include/linux/sched.h
Auto-merging include/linux/blkdev.h
Removing include/asm-generic/int-l64.h
Removing fs/coredump.h
Auto-merging drivers/scsi/sd.c
Auto-merging drivers/scsi/hpsa.c
Auto-merging drivers/gpu/drm/nouveau/nouveau_acpi.c
Auto-merging block/blk-mq.c
Auto-merging MAINTAINERS
Merge made by the 'recursive' strategy.
 Documentation/dynamic-debug-howto.txt      |   9 +
 Documentation/filesystems/proc.txt         |   9 +
 Documentation/filesystems/sysfs.txt        |   6 +-
 Documentation/leds/leds-class.txt          |   3 -
 MAINTAINERS                                |   6 +
 arch/ia64/include/asm/processor.h          |   1 +
 arch/sh/kernel/dwarf.c                     |  18 +-
 arch/um/kernel/sysrq.c                     |   4 +-
 block/blk-mq-cpu.c                         |  37 +---
 block/blk-mq.c                             |  68 +-----
 block/blk-mq.h                             |   1 -
 block/cmdline-parser.c                     | 107 ++++++---
 block/genhd.c                              |   2 +-
 drivers/block/cciss.c                      |   4 +-
 drivers/block/paride/pg.c                  |   2 +-
 drivers/block/sx8.c                        |  16 +-
 drivers/cdrom/gdrom.c                      |   4 +-
 drivers/gpu/drm/cirrus/cirrus_mode.c       |   4 +-
 drivers/gpu/drm/drm_edid_load.c            |   4 +-
 drivers/gpu/drm/drm_fb_helper.c            |   8 +
 drivers/gpu/drm/nouveau/nouveau_acpi.c     |   6 +
 drivers/input/Kconfig                      |   9 +
 drivers/input/Makefile                     |   3 +
 drivers/input/input.c                      |   6 +
 drivers/input/leds.c                       | 247 +++++++++++++++++++++
 drivers/leds/Kconfig                       |   3 -
 drivers/mailbox/omap-mbox.h                |   2 +-
 drivers/memstick/host/rtsx_pci_ms.c        |  30 ++-
 drivers/misc/ti-st/st_core.c               |   2 +-
 drivers/mtd/ubi/attach.c                   |  49 +----
 drivers/mtd/ubi/wl.c                       |  25 +--
 drivers/net/irda/donauboe.c                |  15 +-
 drivers/pps/pps.c                          |  57 ++---
 drivers/rtc/rtc-as3722.c                   |  19 +-
 drivers/rtc/rtc-at91rm9200.c               |   2 +
 drivers/rtc/rtc-at91sam9.c                 |   2 +-
 drivers/rtc/rtc-s5m.c                      |  54 ++---
 drivers/scsi/hpsa.c                        |   2 +-
 drivers/scsi/megaraid/megaraid_mm.c        |   2 +
 drivers/scsi/sd.c                          |   2 +-
 drivers/tty/Kconfig                        |   4 +
 drivers/tty/vt/keyboard.c                  | 110 +++++++---
 drivers/w1/masters/w1-gpio.c               |  22 ++
 drivers/w1/w1_int.c                        |  12 -
 fs/autofs4/autofs_i.h                      |   4 +-
 fs/autofs4/dev-ioctl.c                     |  16 +-
 fs/autofs4/inode.c                         |  36 ++-
 fs/autofs4/waitq.c                         |  16 +-
 fs/binfmt_elf.c                            |  21 +-
 fs/coredump.c                              |   1 -
 fs/coredump.h                              |   6 -
 fs/exec.c                                  | 115 ++--------
 fs/ext3/dir.c                              |  36 +--
 fs/ext4/block_validity.c                   |  33 +--
 fs/ext4/dir.c                              |  35 +--
 fs/fat/cache.c                             |  25 ++-
 fs/fat/fat.h                               |   3 +-
 fs/fat/file.c                              |  91 +++++++-
 fs/fat/inode.c                             |  35 ++-
 fs/jffs2/nodelist.c                        |  28 +--
 fs/jffs2/readinode.c                       |  26 +--
 fs/ocfs2/alloc.c                           |  40 +++-
 fs/ocfs2/cluster/tcp.c                     |  13 +-
 fs/ocfs2/file.c                            |  60 +++--
 fs/ocfs2/localalloc.c                      |  40 ++++
 fs/ocfs2/localalloc.h                      |   6 +
 fs/ocfs2/namei.c                           |  12 +-
 fs/posix_acl.c                             |  84 ++++++-
 fs/proc/array.c                            |  18 +-
 fs/proc/base.c                             |  69 +++---
 fs/proc/meminfo.c                          |  37 ++++
 fs/ramfs/file-mmu.c                        |   7 -
 fs/ramfs/file-nommu.c                      |  17 +-
 fs/ramfs/inode.c                           |   7 +
 fs/ramfs/internal.h                        |   1 -
 fs/ubifs/debug.c                           |  22 +-
 fs/ubifs/log.c                             |  21 +-
 fs/ubifs/orphan.c                          |  21 +-
 fs/ubifs/recovery.c                        |  21 +-
 fs/ubifs/super.c                           |  24 +-
 fs/ubifs/tnc.c                             |  22 +-
 fs/xfs/xfs_ioctl.c                         |   3 +-
 fs/xfs/xfs_ioctl32.c                       |   3 +-
 include/asm-generic/int-l64.h              |  49 -----
 include/linux/blkdev.h                     |   5 +-
 include/linux/cache.h                      |   4 +-
 include/linux/cmdline-parser.h             |   8 +-
 include/linux/crc64_ecma.h                 |  56 +++++
 include/linux/huge_mm.h                    |  23 ++
 include/linux/hugetlb.h                    |  12 +-
 include/linux/input.h                      |  21 ++
 include/linux/kthread.h                    |   1 +
 include/linux/mm.h                         |  41 +++-
 include/linux/mmzone.h                     |   6 +
 include/linux/page-flags.h                 |   4 +-
 include/linux/parser.h                     |   1 +
 include/linux/posix_acl.h                  |  78 +------
 include/linux/printk.h                     |  19 +-
 include/linux/ramfs.h                      |   7 -
 include/linux/reboot.h                     |   1 +
 include/linux/sched.h                      |  28 ++-
 include/linux/smp.h                        |   6 +-
 include/linux/w1-gpio.h                    |   1 +
 include/uapi/asm-generic/types.h           |   3 +-
 init/main.c                                |   6 +-
 kernel/fork.c                              |   1 -
 kernel/kexec.c                             |   3 +-
 kernel/kmod.c                              |  11 +-
 kernel/kthread.c                           |   9 +
 kernel/params.c                            |  25 +--
 kernel/reboot.c                            |   2 +-
 kernel/signal.c                            |   7 +-
 kernel/smp.c                               |  51 ++---
 kernel/sys.c                               |   8 +-
 kernel/time/sched_clock.c                  |   4 +
 kernel/watchdog.c                          |  10 +-
 lib/Kconfig                                |  10 +-
 lib/Makefile                               |   1 +
 lib/cmdline.c                              |  14 +-
 lib/crc64_ecma.c                           | 341 +++++++++++++++++++++++++++++
 lib/decompress_unlz4.c                     |   1 +
 lib/dma-debug.c                            |   7 +
 lib/dynamic_debug.c                        |  15 +-
 lib/kstrtox.c                              |   1 -
 lib/parser.c                               |  62 +++++-
 lib/rbtree_test.c                          |  13 +-
 mm/hugetlb.c                               |  36 +--
 mm/internal.h                              |   3 +-
 mm/memcontrol.c                            |  23 +-
 mm/memory-failure.c                        |   2 +-
 mm/memory.c                                |  11 +-
 mm/page_alloc.c                            |  13 ++
 mm/swap.c                                  | 278 ++++++++++++-----------
 mm/swap_state.c                            |  63 +++++-
 mm/swapfile.c                              |  20 +-
 net/netfilter/ipset/ip_set_hash_netiface.c |  27 +--
 scripts/checkpatch.pl                      |   9 +
 scripts/get_maintainer.pl                  |  91 +++++++-
 138 files changed, 2309 insertions(+), 1316 deletions(-)
 create mode 100644 drivers/input/leds.c
 delete mode 100644 fs/coredump.h
 delete mode 100644 include/asm-generic/int-l64.h
 create mode 100644 include/linux/crc64_ecma.h
 create mode 100644 lib/crc64_ecma.c
$ git clone -s -l -n -q . ../rebase-tmp
$ cd ../rebase-tmp
$ git checkout -b akpm remotes/origin/akpm/master
Switched to a new branch 'akpm'
$ git rebase --onto master remotes/origin/akpm/master-base
First, rewinding head to replay your work on top of it...
Applying: mm: add strictlimit knob
$ cd ../next
$ git fetch -f ../rebase-tmp akpm:akpm/master
From ../rebase-tmp
 + 4e6352224af5...7902515df478 akpm       -> akpm/master  (forced update)
$ rm -rf ../rebase-tmp
Merging akpm/master (7902515df478 mm: add strictlimit knob)
$ git merge --no-ff akpm/master
Merge made by the 'recursive' strategy.
 Documentation/ABI/testing/sysfs-class-bdi |  8 +++++++
 mm/backing-dev.c                          | 35 +++++++++++++++++++++++++++++++
 2 files changed, 43 insertions(+)
