Importing jdelvare-hwmon based on 1aaf6d3d3d1e95f4be07e32dd84aa1c93855fbbd
Unchanged quilt series jdelvare-hwmon
Importing device-mapper based on v3.10
$ git clone -s -l -n -q . ../quilt-tmp
$ cd ../quilt-tmp
$ git reset --hard 8bb495e3f02401ee6f76d1b1d77f3ac9f079e376
HEAD is now at 8bb495e Linux 3.10
$ git am ../quilt/device-mapper/dm-mpath-fix-ioctl-deadlock-when-no-paths.patch
Applying: When multipath needs to retry an ioctl the reference to the
$ git am ../quilt/device-mapper/dm-ioctl-set-noio-flag-to-avoid-__vmalloc-deadlock.patch
Applying: Set noio flag while calling __vmalloc() because it doesn't fully respect
$ git am ../quilt/device-mapper/dm-use-__GFP_HIGHMEM-in-__vmalloc.patch
Applying: Use __GFP_HIGHMEM in __vmalloc.
$ git am ../quilt/device-mapper/dm-verity-fix-inability-to-use-a-few-specific-devices-sizes.patch
Applying: Fix a boundary condition that caused failure for certain device sizes.
$ git am ../quilt/device-mapper/dm-verity-remove-pointless-comparison.patch
Applying: Remove num < 0 test in verity_ctr because num is unsigned.
$ git am ../quilt/device-mapper/dm-verity-use-__ffs-and-__fls.patch
Applying: This patch changes ffs() to __ffs() and fls() to __fls() which don't add
$ git am ../quilt/device-mapper/dm-cache-fix-arm-link-errors-with-inline.patch
Applying: Use __always_inline to avoid a link failure with gcc 4.6 on ARM.
$ git am ../quilt/device-mapper/dm-raid-suppress-uninitialized-variable-warning.patch
Applying: This patch suppresses this warning:
$ git am ../quilt/device-mapper/dm-bufio-submit-writes-outside-lock.patch
Applying: This patch changes dm-bufio so that it submits write I/Os outside of the
$ git am ../quilt/device-mapper/dm-optimize-use-SRCU-and-RCU.patch
Applying: This patch removes "io_lock" and "map_lock" in struct mapped_device and
$ git am ../quilt/device-mapper/dm-optimize-reorder-structure.patch
Applying: This reorder actually improves performance by 20% (from 39.1s to 32.8s)
$ git am ../quilt/device-mapper/dm-add-switch-target.patch
Applying: dm-switch is a new target that maps IO to underlying block devices
/home/sfr/kernels/next/quilt-tmp/.git/rebase-apply/patch:95: new blank line at EOF.
+
warning: 1 line adds whitespace errors.
$ cd /home/sfr/kernels/next/next
$ git fetch -f ../quilt-tmp master:device-mapper/master
From ../quilt-tmp
 + 597fd4c...09d88ee master     -> device-mapper/master  (forced update)
